Archive member included because of file (symbol)

C:/ISIS/ISIS-OBC/hal/at91/lib\libAt91D.a(syscalls.o)
                              c:/isis/application/toolchain/bin/../lib/gcc/arm-none-eabi/4.7.4/../../../../arm-none-eabi/lib/crt0.o (exit)
C:/ISIS/ISIS-OBC/hal/at91/lib\libAt91D.a(cp15.o)
                              main.o (CP15_Enable_I_Cache)
C:/ISIS/ISIS-OBC/hal/at91/lib\libAt91D.a(dbgu.o)
                              main.o (DBGU_Configure)
C:/ISIS/ISIS-OBC/hal/at91/lib\libAt91D.a(pio.o)
                              main.o (PIO_Configure)
C:/ISIS/ISIS-OBC/hal/at91/lib\libAt91D.a(ExitHandler.o)
                              C:/ISIS/ISIS-OBC/hal/at91/lib\libAt91D.a(syscalls.o) (restart)
C:/ISIS/ISIS-OBC/hal/at91/lib\libAt91D.a(cp15_asm.o)
                              C:/ISIS/ISIS-OBC/hal/at91/lib\libAt91D.a(cp15.o) (_readControlRegister)
C:/ISIS/ISIS-OBC/hal/freertos/lib\libFreeRTOSD.a(queue.o)
                              CSPManager.o (xQueueGenericCreate)
C:/ISIS/ISIS-OBC/hal/freertos/lib\libFreeRTOSD.a(list.o)
                              C:/ISIS/ISIS-OBC/hal/freertos/lib\libFreeRTOSD.a(queue.o) (vListInitialise)
C:/ISIS/ISIS-OBC/hal/freertos/lib\libFreeRTOSD.a(tasks.o)
                              CSPManager.o (xTaskGenericCreate)
C:/ISIS/ISIS-OBC/hal/freertos/lib\libFreeRTOSD.a(timers.o)
                              C:/ISIS/ISIS-OBC/hal/freertos/lib\libFreeRTOSD.a(tasks.o) (xTimerCreateTimerTask)
C:/ISIS/ISIS-OBC/hal/freertos/lib\libFreeRTOSD.a(hooks.o)
                              C:/ISIS/ISIS-OBC/hal/freertos/lib\libFreeRTOSD.a(tasks.o) (vApplicationStackOverflowHook)
C:/ISIS/ISIS-OBC/hal/freertos/lib\libFreeRTOSD.a(standardMemMang.o)
                              CSPManager.o (pvPortMalloc)
C:/ISIS/ISIS-OBC/hal/freertos/lib\libFreeRTOSD.a(port.o)
                              C:/ISIS/ISIS-OBC/hal/freertos/lib\libFreeRTOSD.a(tasks.o) (pxPortInitialiseStack)
C:/ISIS/ISIS-OBC/hal/hcc/lib\libHCCD.a(fat_m.o)
                              SDManager.o (fm_initvolume)
C:/ISIS/ISIS-OBC/hal/hcc/lib\libHCCD.a(fat.o)
                              C:/ISIS/ISIS-OBC/hal/hcc/lib\libHCCD.a(fat_m.o) (fn_getdcwd)
C:/ISIS/ISIS-OBC/hal/hcc/lib\libHCCD.a(fat_common.o)
                              C:/ISIS/ISIS-OBC/hal/hcc/lib\libHCCD.a(fat.o) (p_filesystem)
C:/ISIS/ISIS-OBC/hal/hcc/lib\libHCCD.a(safefat.o)
                              C:/ISIS/ISIS-OBC/hal/hcc/lib\libHCCD.a(fat.o) (s_subdir)
C:/ISIS/ISIS-OBC/hal/hcc/lib\libHCCD.a(atmel_mcipdc.o)
                              SDManager.o (atmel_mcipdc_initfunc)
C:/ISIS/ISIS-OBC/hal/hcc/lib\libHCCD.a(oalp_task.o)
                              C:/ISIS/ISIS-OBC/hal/hcc/lib\libHCCD.a(fat_common.o) (oal_task_get_id)
C:/ISIS/ISIS-OBC/hal/hcc/lib\libHCCD.a(oalp_mutex.o)
                              C:/ISIS/ISIS-OBC/hal/hcc/lib\libHCCD.a(fat_common.o) (oal_mutex_create)
C:/ISIS/ISIS-OBC/hal/hcc/lib\libHCCD.a(atmel_mcipdc_hw.o)
                              C:/ISIS/ISIS-OBC/hal/hcc/lib\libHCCD.a(atmel_mcipdc.o) (mcipdc_hw_init)
C:/ISIS/ISIS-OBC/hal/hcc/lib\libHCCD.a(psp_rand.o)
                              C:/ISIS/ISIS-OBC/hal/hcc/lib\libHCCD.a(fat_common.o) (psp_getrand)
C:/ISIS/ISIS-OBC/hal/hcc/lib\libHCCD.a(psp_rtc.o)
                              C:/ISIS/ISIS-OBC/hal/hcc/lib\libHCCD.a(fat_common.o) (psp_getcurrenttimedate)
C:/ISIS/ISIS-OBC/hal/hcc/lib\libHCCD.a(hcc_mem.o)
                              C:/ISIS/ISIS-OBC/hal/hcc/lib\libHCCD.a(atmel_mcipdc.o) (hcc_mem_alloc)
C:/ISIS/ISIS-OBC/hal/hcc/lib\libHCCD.a(psp_hcc_mem.o)
                              C:/ISIS/ISIS-OBC/hal/hcc/lib\libHCCD.a(hcc_mem.o) (hcc_mem_buf_alloc)
C:/ISIS/ISIS-OBC/hal/hal/lib\libHALD.a(LED.o)
                              main.o (LED_start)
C:/ISIS/ISIS-OBC/hal/hal/lib\libHALD.a(UART.o)
                              CSPManager.o (UART_start)
C:/ISIS/ISIS-OBC/hal/hal/lib\libHALD.a(Time.o)
                              TimerManager.o (Time_start)
C:/ISIS/ISIS-OBC/hal/hal/lib\libHALD.a(WatchDogTimerNoOS.o)
                              main.o (WDT_start)
C:/ISIS/ISIS-OBC/hal/hal/lib\libHALD.a(RTT.o)
                              C:/ISIS/ISIS-OBC/hal/hal/lib\libHALD.a(Time.o) (RTT_start)
C:/ISIS/ISIS-OBC/hal/hal/lib\libHALD.a(RTC.o)
                              C:/ISIS/ISIS-OBC/hal/hal/lib\libHALD.a(Time.o) (RTC_getTime)
C:/ISIS/ISIS-OBC/hal/hal/lib\libHALD.a(WatchDogTimerOS.o)
                              C:/ISIS/ISIS-OBC/hal/hcc/lib\libHCCD.a(atmel_mcipdc.o) (WDT_forceKickEveryNms)
C:/ISIS/ISIS-OBC/hal/hal/lib\libHALD.a(version.o)
                              main.o (HalVersionMajor)
C:/ISIS/ISIS-OBC/hal/hal/lib\libHALD.a(SPI.o)
                              C:/ISIS/ISIS-OBC/hal/hal/lib\libHALD.a(RTC.o) (SPI_start)
C:/ISIS/ISIS-OBC/satellite-subsystems/satellite-subsystems/lib\libSatelliteSubsystemsD.a(isismepsv2_ivid7_piu.o)
                              PowerManager.o (isismepsv2_ivid7_piu__correcttime)
[...]
Memory Configuration

Name             Origin             Length             Attributes
*default*        0x00000000         0xffffffff

Linker script and memory map

LOAD c:/isis/application/toolchain/bin/../lib/gcc/arm-none-eabi/4.7.4/crti.o
LOAD c:/isis/application/toolchain/bin/../lib/gcc/arm-none-eabi/4.7.4/crtbegin.o
LOAD c:/isis/application/toolchain/bin/../lib/gcc/arm-none-eabi/4.7.4/../../../../arm-none-eabi/lib/crt0.o
LOAD CSPManager.o
LOAD LogManager.o
LOAD PowerManager.o
LOAD PowerManagerUart.o
LOAD SDManager.o
LOAD TimerManager.o
LOAD main.o
LOAD DevelTest.o
LOAD C:/ISIS/ISIS-OBC/hal/at91/lib\libAt91D.a
LOAD C:/ISIS/ISIS-OBC/hal/freertos/lib\libFreeRTOSD.a
LOAD C:/ISIS/ISIS-OBC/hal/hcc/lib\libHCCD.a
LOAD C:/ISIS/ISIS-OBC/hal/hal/lib\libHALD.a
LOAD C:/ISIS/ISIS-OBC/satellite-subsystems/satellite-subsystems/lib\libSatelliteSubsystemsD.a
LOAD C:/ISIS/ISIS-OBC/mission-support/mission-support/lib\libMissionSupportD.a
LOAD C:/ISIS/workspace/labsat-obc-master/csp-src\libcspD.a
START GROUP
LOAD c:/isis/application/toolchain/bin/../lib/gcc/arm-none-eabi/4.7.4\libgcc.a
LOAD c:/isis/application/toolchain/bin/../lib/gcc/arm-none-eabi/4.7.4/../../../../arm-none-eabi/lib\libg.a
LOAD c:/isis/application/toolchain/bin/../lib/gcc/arm-none-eabi/4.7.4/../../../../arm-none-eabi/lib\libc.a
END GROUP
LOAD c:/isis/application/toolchain/bin/../lib/gcc/arm-none-eabi/4.7.4/crtend.o
LOAD c:/isis/application/toolchain/bin/../lib/gcc/arm-none-eabi/4.7.4/crtn.o
                0x00008000                PROVIDE (__executable_start, 0x8000)
                0x00008000                . = 0x8000

.interp
 *(.interp)

.note.gnu.build-id
 *(.note.gnu.build-id)

.hash
 *(.hash)

.gnu.hash
 *(.gnu.hash)

.dynsym
 *(.dynsym)

.dynstr
 *(.dynstr)

.gnu.version
 *(.gnu.version)

.gnu.version_d
 *(.gnu.version_d)

.gnu.version_r
 *(.gnu.version_r)

.rel.dyn        0x00008000        0x0
 *(.rel.init)
 *(.rel.text .rel.text.* .rel.gnu.linkonce.t.*)
 *(.rel.fini)
 *(.rel.rodata .rel.rodata.* .rel.gnu.linkonce.r.*)
 *(.rel.data.rel.ro* .rel.gnu.linkonce.d.rel.ro.*)
 *(.rel.data .rel.data.* .rel.gnu.linkonce.d.*)
 *(.rel.tdata .rel.tdata.* .rel.gnu.linkonce.td.*)
 *(.rel.tbss .rel.tbss.* .rel.gnu.linkonce.tb.*)
 *(.rel.ctors)
 *(.rel.dtors)
 *(.rel.got)
 *(.rel.bss .rel.bss.* .rel.gnu.linkonce.b.*)
                0x00008000                PROVIDE (__rel_iplt_start, .)
 *(.rel.iplt)
 .rel.iplt      0x00000000        0x0 c:/isis/application/toolchain/bin/../lib/gcc/arm-none-eabi/4.7.4/crtbegin.o
                0x00008000                PROVIDE (__rel_iplt_end, .)
                0x00008000                PROVIDE (__rela_iplt_start, .)
                0x00008000                PROVIDE (__rela_iplt_end, .)

.rela.dyn       0x00008000        0x0
 *(.rela.init)
 *(.rela.text .rela.text.* .rela.gnu.linkonce.t.*)
 *(.rela.fini)
 *(.rela.rodata .rela.rodata.* .rela.gnu.linkonce.r.*)
 *(.rela.data .rela.data.* .rela.gnu.linkonce.d.*)
 *(.rela.tdata .rela.tdata.* .rela.gnu.linkonce.td.*)
 *(.rela.tbss .rela.tbss.* .rela.gnu.linkonce.tb.*)
 *(.rela.ctors)
 *(.rela.dtors)
 *(.rela.got)
 *(.rela.bss .rela.bss.* .rela.gnu.linkonce.b.*)
                0x00008000                PROVIDE (__rel_iplt_start, .)
                0x00008000                PROVIDE (__rel_iplt_end, .)
                0x00008000                PROVIDE (__rela_iplt_start, .)
 *(.rela.iplt)
                0x00008000                PROVIDE (__rela_iplt_end, .)

.rel.plt
 *(.rel.plt)

.rela.plt
 *(.rela.plt)

.init           0x00008000       0x18
 *(.init)
 .init          0x00008000        0xc c:/isis/application/toolchain/bin/../lib/gcc/arm-none-eabi/4.7.4/crti.o
                0x00008000                _init
 .init          0x0000800c        0xc c:/isis/application/toolchain/bin/../lib/gcc/arm-none-eabi/4.7.4/crtn.o

.plt
 *(.plt)

.iplt           0x00008018        0x0
 *(.iplt)
 .iplt          0x00000000        0x0 c:/isis/application/toolchain/bin/../lib/gcc/arm-none-eabi/4.7.4/crtbegin.o

.text           0x00008018    0x37e34
 *(.text.unlikely .text.*_unlikely)
 *(.text.exit .text.exit.*)
 .text.exit     0x00008018       0x18 C:/ISIS/ISIS-OBC/hal/at91/lib\libAt91D.a(syscalls.o)
                0x00008018                exit
 *(.text.startup .text.startup.*)
 *(.text.hot .text.hot.*)
 *(.text .stub .text.* .gnu.linkonce.t.*)
 .text          0x00008030       0x94 c:/isis/application/toolchain/bin/../lib/gcc/arm-none-eabi/4.7.4/crtbegin.o
 .text          0x000080c4      0x110 c:/isis/application/toolchain/bin/../lib/gcc/arm-none-eabi/4.7.4/../../../../arm-none-eabi/lib/crt0.o
                0x000080c4                _start
                0x000080c4                start
                0x000080c4                _mainCRTStartup
 .text.tolc     0x000081d4       0x5c CSPManager.o
                0x000081d4                tolc
 .text.icasecmp
                0x00008230       0xa4 CSPManager.o
                0x00008230                icasecmp
 .text.csp_router_task
                0x000082d4       0xb4 CSPManager.o
 .text.csp_uart_rx_task
                0x00008388      0x1e8 CSPManager.o
 .text.uart_tx_end_callback
                0x00008570       0x7c CSPManager.o
 .text.csp_palermo_kiss_tx
                0x000085ec      0x3d4 CSPManager.o
 .text.CSPManagerInit
                0x000089c0      0x3ec CSPManager.o
                0x000089c0                CSPManagerInit
 .text.csp_memfree_hook
                0x00008dac       0x1c CSPManager.o
                0x00008dac                csp_memfree_hook
 .text.csp_ps_hook
                0x00008dc8       0x24 CSPManager.o
                0x00008dc8                csp_ps_hook
 .text.csp_reboot_hook
                0x00008dec       0x14 CSPManager.o
                0x00008dec                csp_reboot_hook
 .text.csp_shutdown_hook
                0x00008e00       0x14 CSPManager.o
                0x00008e00                csp_shutdown_hook
 .text.__DBGU_WRITE_LOG__
                0x00008e14       0x4c LogManager.o
 .text.__SD_WRITE_LOG__
                0x00008e60       0x48 LogManager.o
 .text.logCombined
                0x00008ea8       0x30 LogManager.o
 .text.logHdr   0x00008ed8       0xd8 LogManager.o
                0x00008ed8                logHdr
 .text.UPLOG    0x00008fb0      0x144 LogManager.o
                0x00008fb0                UPLOG
 .text.LogManagerTask
                0x000090f4      0x20c LogManager.o
                0x000090f4                LogManagerTask
 .text.LogManagerInit
                0x00009300      0x1dc LogManager.o
                0x00009300                LogManagerInit
 .text.logRotate
                0x000094dc      0x31c LogManager.o
                0x000094dc                logRotate
 .text.logRotateCheck
                0x000097f8       0xb0 LogManager.o
                0x000097f8                logRotateCheck
 .text.updateLastCommandTime
                0x000098a8       0x24 PowerManager.o
 .text.PowerManagerGetStatus
                0x000098cc       0xd4 PowerManager.o
 .text.PowerManagerResetWatchdog
                0x000099a0       0xd4 PowerManager.o
 .text.PowerManagerSyncEpsClock
                0x00009a74      0x12c PowerManager.o
 .text.PowerManagerOutputBusChannelOn
                0x00009ba0       0xec PowerManager.o
 .text.PowerManagerOutputBusChannelOff
                0x00009c8c       0xec PowerManager.o
 .text.PowerManagerOutputBusGroupOn
                0x00009d78       0xec PowerManager.o
 .text.PowerManagerOutputBusGroupOff
                0x00009e64       0xec PowerManager.o
 .text.PowerManagerOutputBusGroupState
                0x00009f50       0xec PowerManager.o
 .text.PowerManagerSetConfigParam
                0x0000a03c       0xec PowerManager.o
 .text.PowerManagerExec
                0x0000a128       0xfc PowerManager.o
 .text.PowerManagerTimerCallback
                0x0000a224       0x34 PowerManager.o
                0x0000a224                PowerManagerTimerCallback
 .text.PowerManagerTask
                0x0000a258      0x158 PowerManager.o
 .text.c2c      0x0000a3b0       0x30 PowerManager.o
                0x0000a3b0                c2c
 .text.c2u      0x0000a3e0       0x28 PowerManager.o
                0x0000a3e0                c2u
 .text.s2u      0x0000a408       0x28 PowerManager.o
                0x0000a408                s2u
 .text.PowerManagerInit
                0x0000a430      0x110 PowerManager.o
                0x0000a430                PowerManagerInit
 .text.PowerManagerAddRequest
                0x0000a540      0x154 PowerManager.o
                0x0000a540                PowerManagerAddRequest
 .text.PowerManagerPrintRespHdr
                0x0000a694      0x178 PowerManager.o
                0x0000a694                PowerManagerPrintRespHdr
 .text.PowerManagerPrintSysStatus
                0x0000a80c      0x3d4 PowerManager.o
                0x0000a80c                PowerManagerPrintSysStatus
 .text.uart_piu__getsystemstatus
                0x0000abe0       0x24 PowerManagerUart.o
                0x0000abe0                uart_piu__getsystemstatus
 .text.uart_piu__resetwatchdog
                0x0000ac04       0x24 PowerManagerUart.o
                0x0000ac04                uart_piu__resetwatchdog
 .text.uart_piu__correcttime
                0x0000ac28       0x28 PowerManagerUart.o
                0x0000ac28                uart_piu__correcttime
 .text.uart_piu__outputbuschannelon
                0x0000ac50       0x2c PowerManagerUart.o
                0x0000ac50                uart_piu__outputbuschannelon
 .text.uart_piu__outputbuschanneloff
                0x0000ac7c       0x2c PowerManagerUart.o
                0x0000ac7c                uart_piu__outputbuschanneloff
 .text.uart_piu__outputbusgroupon
                0x0000aca8       0x28 PowerManagerUart.o
                0x0000aca8                uart_piu__outputbusgroupon
 .text.uart_piu__outputbusgroupoff
                0x0000acd0       0x28 PowerManagerUart.o
                0x0000acd0                uart_piu__outputbusgroupoff
 .text.uart_piu__outputbusgroupstate
                0x0000acf8       0x28 PowerManagerUart.o
                0x0000acf8                uart_piu__outputbusgroupstate
 .text.uart_piu__setconfigurationparameter
                0x0000ad20       0x28 PowerManagerUart.o
                0x0000ad20                uart_piu__setconfigurationparameter
 .text.SDManagerInit
                0x0000ad48      0x264 SDManager.o
                0x0000ad48                SDManagerInit
 .text.SDManagerShowStatus
                0x0000afac      0x170 SDManager.o
                0x0000afac                SDManagerShowStatus
 .text.insertTimerPrivate
                0x0000b11c      0x148 TimerManager.o
                0x0000b11c                insertTimerPrivate
 .text.TimerManagerTask
                0x0000b264      0x238 TimerManager.o
                0x0000b264                TimerManagerTask
 .text.TimerManagerInit
                0x0000b49c       0xf0 TimerManager.o
                0x0000b49c                TimerManagerInit
 .text.TimerManagerAdd
                0x0000b58c      0x14c TimerManager.o
                0x0000b58c                TimerManagerAdd
 .text.main     0x0000b6d8      0x134 main.o
                0x0000b6d8                main
 .text.InitTask
                0x0000b80c       0x98 main.o
                0x0000b80c                InitTask
 .text.testTimerCallback
                0x0000b8a4       0x64 DevelTest.o
                0x0000b8a4                testTimerCallback
 .text.testCSPTask
                0x0000b908      0x230 DevelTest.o
                0x0000b908                testCSPTask
 .text.testPowerManagerCallback
                0x0000bb38       0xfc DevelTest.o
                0x0000bb38                testPowerManagerCallback
 .text.DevelTestTask
                0x0000bc34       0xc0 DevelTest.o
                0x0000bc34                DevelTestTask
 .text.DevelTestInit
                0x0000bcf4       0x50 DevelTest.o
                0x0000bcf4                DevelTestInit
 .text._read    0x0000bd44       0xa4 C:/ISIS/ISIS-OBC/hal/at91/lib\libAt91D.a(syscalls.o)
                0x0000bd44                _read
 .text._write   0x0000bde8       0xd4 C:/ISIS/ISIS-OBC/hal/at91/lib\libAt91D.a(syscalls.o)
                0x0000bde8                _write
 .text._lseek   0x0000bebc       0x2c C:/ISIS/ISIS-OBC/hal/at91/lib\libAt91D.a(syscalls.o)
                0x0000bebc                _lseek
 .text._close   0x0000bee8       0x24 C:/ISIS/ISIS-OBC/hal/at91/lib\libAt91D.a(syscalls.o)
                0x0000bee8                _close
 .text._fstat   0x0000bf0c       0x28 C:/ISIS/ISIS-OBC/hal/at91/lib\libAt91D.a(syscalls.o)
                0x0000bf0c                _fstat
 .text._isatty  0x0000bf34       0x38 C:/ISIS/ISIS-OBC/hal/at91/lib\libAt91D.a(syscalls.o)
                0x0000bf34                _isatty
 .text._exit    0x0000bf6c       0x28 C:/ISIS/ISIS-OBC/hal/at91/lib\libAt91D.a(syscalls.o)
                0x0000bf6c                _exit
 .text.CP15_Enable_I_Cache
                0x0000bf94       0x6c C:/ISIS/ISIS-OBC/hal/at91/lib\libAt91D.a(cp15.o)
                0x0000bf94                CP15_Enable_I_Cache
 .text.CP15_Disable_I_Cache
                0x0000c000       0x94 C:/ISIS/ISIS-OBC/hal/at91/lib\libAt91D.a(cp15.o)
                0x0000c000                CP15_Disable_I_Cache
 .text.CP15_DisableMMU
                0x0000c094       0xa0 C:/ISIS/ISIS-OBC/hal/at91/lib\libAt91D.a(cp15.o)
                0x0000c094                CP15_DisableMMU
 .text.CP15_Disable_D_Cache
                0x0000c134       0x94 C:/ISIS/ISIS-OBC/hal/at91/lib\libAt91D.a(cp15.o)
                0x0000c134                CP15_Disable_D_Cache
 .text.DBGU_Configure
                0x0000c1c8       0x84 C:/ISIS/ISIS-OBC/hal/at91/lib\libAt91D.a(dbgu.o)
                0x0000c1c8                DBGU_Configure
 .text.DBGU_PutChar
                0x0000c24c       0x60 C:/ISIS/ISIS-OBC/hal/at91/lib\libAt91D.a(dbgu.o)
                0x0000c24c                DBGU_PutChar
 .text.DBGU_GetChar
                0x0000c2ac       0x40 C:/ISIS/ISIS-OBC/hal/at91/lib\libAt91D.a(dbgu.o)
                0x0000c2ac                DBGU_GetChar
 .text.PIO_SetPeripheralA
                0x0000c2ec       0x74 C:/ISIS/ISIS-OBC/hal/at91/lib\libAt91D.a(pio.o)
 .text.PIO_SetPeripheralB
                0x0000c360       0x74 C:/ISIS/ISIS-OBC/hal/at91/lib\libAt91D.a(pio.o)
 .text.PIO_SetInput
                0x0000c3d4       0x9c C:/ISIS/ISIS-OBC/hal/at91/lib\libAt91D.a(pio.o)
 .text.PIO_SetOutput
                0x0000c470       0xc4 C:/ISIS/ISIS-OBC/hal/at91/lib\libAt91D.a(pio.o)
 .text.PIO_Configure
                0x0000c534      0x1ec C:/ISIS/ISIS-OBC/hal/at91/lib\libAt91D.a(pio.o)
                0x0000c534                PIO_Configure
 .text.PIO_Set  0x0000c720       0x3c C:/ISIS/ISIS-OBC/hal/at91/lib\libAt91D.a(pio.o)
                0x0000c720                PIO_Set
 .text.PIO_Clear
                0x0000c75c       0x3c C:/ISIS/ISIS-OBC/hal/at91/lib\libAt91D.a(pio.o)
                0x0000c75c                PIO_Clear
 .text.disableCaches
                0x0000c798       0x18 C:/ISIS/ISIS-OBC/hal/at91/lib\libAt91D.a(ExitHandler.o)
 .text.restart  0x0000c7b0       0x28 C:/ISIS/ISIS-OBC/hal/at91/lib\libAt91D.a(ExitHandler.o)
                0x0000c7b0                restart
 .text          0x0000c7d8       0x64 C:/ISIS/ISIS-OBC/hal/at91/lib\libAt91D.a(cp15_asm.o)
                0x0000c7d8                _readControlRegister
                0x0000c7e4                _writeControlRegister
                0x0000c7ec                _waitForInterrupt
                0x0000c7f8                _writeTTB
                0x0000c800                _writeDomain
                0x0000c808                _writeITLBLockdown
                0x0000c810                _prefetchICacheLine
                0x0000c818                _flushDCache
                0x0000c824                _flushWriteBuffer
                0x0000c830                _invalidateIDTLBs
 .text.xQueueGenericReset
                0x0000c83c      0x150 C:/ISIS/ISIS-OBC/hal/freertos/lib\libFreeRTOSD.a(queue.o)
                0x0000c83c                xQueueGenericReset
 .text.xQueueGenericCreate
                0x0000c98c      0x108 C:/ISIS/ISIS-OBC/hal/freertos/lib\libFreeRTOSD.a(queue.o)
                0x0000c98c                xQueueGenericCreate
 .text.xQueueCreateMutex
                0x0000ca94      0x11c C:/ISIS/ISIS-OBC/hal/freertos/lib\libFreeRTOSD.a(queue.o)
                0x0000ca94                xQueueCreateMutex
 .text.xQueueGenericSend
                0x0000cbb0      0x298 C:/ISIS/ISIS-OBC/hal/freertos/lib\libFreeRTOSD.a(queue.o)
                0x0000cbb0                xQueueGenericSend
 .text.xQueueGenericSendFromISR
                0x0000ce48      0x1e0 C:/ISIS/ISIS-OBC/hal/freertos/lib\libFreeRTOSD.a(queue.o)
                0x0000ce48                xQueueGenericSendFromISR
 .text.xQueueGenericReceive
                0x0000d028      0x2cc C:/ISIS/ISIS-OBC/hal/freertos/lib\libFreeRTOSD.a(queue.o)
                0x0000d028                xQueueGenericReceive
 .text.xQueueReceiveFromISR
                0x0000d2f4      0x15c C:/ISIS/ISIS-OBC/hal/freertos/lib\libFreeRTOSD.a(queue.o)
                0x0000d2f4                xQueueReceiveFromISR
 .text.uxQueueMessagesWaiting
                0x0000d450       0x6c C:/ISIS/ISIS-OBC/hal/freertos/lib\libFreeRTOSD.a(queue.o)
                0x0000d450                uxQueueMessagesWaiting
 .text.uxQueueSpacesAvailable
                0x0000d4bc       0x80 C:/ISIS/ISIS-OBC/hal/freertos/lib\libFreeRTOSD.a(queue.o)
                0x0000d4bc                uxQueueSpacesAvailable
 .text.vQueueDelete
                0x0000d53c       0x78 C:/ISIS/ISIS-OBC/hal/freertos/lib\libFreeRTOSD.a(queue.o)
                0x0000d53c                vQueueDelete
 .text.prvCopyDataToQueue
                0x0000d5b4      0x190 C:/ISIS/ISIS-OBC/hal/freertos/lib\libFreeRTOSD.a(queue.o)
 .text.prvCopyDataFromQueue
                0x0000d744       0x90 C:/ISIS/ISIS-OBC/hal/freertos/lib\libFreeRTOSD.a(queue.o)
 .text.prvUnlockQueue
                0x0000d7d4      0x130 C:/ISIS/ISIS-OBC/hal/freertos/lib\libFreeRTOSD.a(queue.o)
 .text.prvIsQueueEmpty
                0x0000d904       0x4c C:/ISIS/ISIS-OBC/hal/freertos/lib\libFreeRTOSD.a(queue.o)
 .text.prvIsQueueFull
                0x0000d950       0x54 C:/ISIS/ISIS-OBC/hal/freertos/lib\libFreeRTOSD.a(queue.o)
 .text.vQueueUnregisterQueue
                0x0000d9a4       0x80 C:/ISIS/ISIS-OBC/hal/freertos/lib\libFreeRTOSD.a(queue.o)
                0x0000d9a4                vQueueUnregisterQueue
 .text.vQueueWaitForMessageRestricted
                0x0000da24       0x90 C:/ISIS/ISIS-OBC/hal/freertos/lib\libFreeRTOSD.a(queue.o)
                0x0000da24                vQueueWaitForMessageRestricted
 .text.prvNotifyQueueSetContainer
                0x0000dab4      0x108 C:/ISIS/ISIS-OBC/hal/freertos/lib\libFreeRTOSD.a(queue.o)
 .text.vListInitialise
                0x0000dbbc       0x64 C:/ISIS/ISIS-OBC/hal/freertos/lib\libFreeRTOSD.a(list.o)
                0x0000dbbc                vListInitialise
 .text.vListInitialiseItem
                0x0000dc20       0x28 C:/ISIS/ISIS-OBC/hal/freertos/lib\libFreeRTOSD.a(list.o)
                0x0000dc20                vListInitialiseItem
 .text.vListInsertEnd
                0x0000dc48       0x84 C:/ISIS/ISIS-OBC/hal/freertos/lib\libFreeRTOSD.a(list.o)
                0x0000dc48                vListInsertEnd
 .text.vListInsert
                0x0000dccc       0xd4 C:/ISIS/ISIS-OBC/hal/freertos/lib\libFreeRTOSD.a(list.o)
                0x0000dccc                vListInsert
 .text.uxListRemove
                0x0000dda0       0xa0 C:/ISIS/ISIS-OBC/hal/freertos/lib\libFreeRTOSD.a(list.o)
                0x0000dda0                uxListRemove
 .text.xTaskGenericCreate
                0x0000de40      0x2ac C:/ISIS/ISIS-OBC/hal/freertos/lib\libFreeRTOSD.a(tasks.o)
                0x0000de40                xTaskGenericCreate
 .text.vTaskDelete
                0x0000e0ec       0xe8 C:/ISIS/ISIS-OBC/hal/freertos/lib\libFreeRTOSD.a(tasks.o)
                0x0000e0ec                vTaskDelete
 .text.vTaskDelayUntil
                0x0000e1d4      0x170 C:/ISIS/ISIS-OBC/hal/freertos/lib\libFreeRTOSD.a(tasks.o)
                0x0000e1d4                vTaskDelayUntil
 .text.vTaskDelay
                0x0000e344       0x80 C:/ISIS/ISIS-OBC/hal/freertos/lib\libFreeRTOSD.a(tasks.o)
                0x0000e344                vTaskDelay
 .text.vTaskStartScheduler
                0x0000e3c4      0x104 C:/ISIS/ISIS-OBC/hal/freertos/lib\libFreeRTOSD.a(tasks.o)
                0x0000e3c4                vTaskStartScheduler
 .text.vTaskSuspendAll
                0x0000e4c8       0x2c C:/ISIS/ISIS-OBC/hal/freertos/lib\libFreeRTOSD.a(tasks.o)
                0x0000e4c8                vTaskSuspendAll
 .text.xTaskResumeAll
                0x0000e4f4      0x1f4 C:/ISIS/ISIS-OBC/hal/freertos/lib\libFreeRTOSD.a(tasks.o)
                0x0000e4f4                xTaskResumeAll
 .text.xTaskGetTickCount
                0x0000e6e8       0x34 C:/ISIS/ISIS-OBC/hal/freertos/lib\libFreeRTOSD.a(tasks.o)
                0x0000e6e8                xTaskGetTickCount
 .text.xTaskIncrementTick
                0x0000e71c      0x298 C:/ISIS/ISIS-OBC/hal/freertos/lib\libFreeRTOSD.a(tasks.o)
                0x0000e71c                xTaskIncrementTick
 .text.vTaskSwitchContext
                0x0000e9b4      0x1a4 C:/ISIS/ISIS-OBC/hal/freertos/lib\libFreeRTOSD.a(tasks.o)
                0x0000e9b4                vTaskSwitchContext
 .text.vTaskPlaceOnEventList
                0x0000eb58       0xcc C:/ISIS/ISIS-OBC/hal/freertos/lib\libFreeRTOSD.a(tasks.o)
                0x0000eb58                vTaskPlaceOnEventList
 .text.vTaskPlaceOnEventListRestricted
                0x0000ec24       0xa4 C:/ISIS/ISIS-OBC/hal/freertos/lib\libFreeRTOSD.a(tasks.o)
                0x0000ec24                vTaskPlaceOnEventListRestricted
 .text.xTaskRemoveFromEventList
                0x0000ecc8      0x160 C:/ISIS/ISIS-OBC/hal/freertos/lib\libFreeRTOSD.a(tasks.o)
                0x0000ecc8                xTaskRemoveFromEventList
 .text.vTaskSetTimeOutState
                0x0000ee28       0x78 C:/ISIS/ISIS-OBC/hal/freertos/lib\libFreeRTOSD.a(tasks.o)
                0x0000ee28                vTaskSetTimeOutState
 .text.xTaskCheckForTimeOut
                0x0000eea0      0x158 C:/ISIS/ISIS-OBC/hal/freertos/lib\libFreeRTOSD.a(tasks.o)
                0x0000eea0                xTaskCheckForTimeOut
 .text.vTaskMissedYield
                0x0000eff8       0x24 C:/ISIS/ISIS-OBC/hal/freertos/lib\libFreeRTOSD.a(tasks.o)
                0x0000eff8                vTaskMissedYield
 .text.prvIdleTask
                0x0000f01c       0x20 C:/ISIS/ISIS-OBC/hal/freertos/lib\libFreeRTOSD.a(tasks.o)
 .text.prvInitialiseTCBVariables
                0x0000f03c      0x450 C:/ISIS/ISIS-OBC/hal/freertos/lib\libFreeRTOSD.a(tasks.o)
 .text.prvInitialiseTaskLists
                0x0000f48c       0xbc C:/ISIS/ISIS-OBC/hal/freertos/lib\libFreeRTOSD.a(tasks.o)
 .text.prvCheckTasksWaitingTermination
                0x0000f548       0xbc C:/ISIS/ISIS-OBC/hal/freertos/lib\libFreeRTOSD.a(tasks.o)
 .text.prvAddCurrentTaskToDelayedList
                0x0000f604       0xb4 C:/ISIS/ISIS-OBC/hal/freertos/lib\libFreeRTOSD.a(tasks.o)
 .text.prvAllocateTCBAndStack
                0x0000f6b8       0xb4 C:/ISIS/ISIS-OBC/hal/freertos/lib\libFreeRTOSD.a(tasks.o)
 .text.prvDeleteTCB
                0x0000f76c       0x30 C:/ISIS/ISIS-OBC/hal/freertos/lib\libFreeRTOSD.a(tasks.o)
 .text.xTaskGetCurrentTaskHandle
                0x0000f79c       0x30 C:/ISIS/ISIS-OBC/hal/freertos/lib\libFreeRTOSD.a(tasks.o)
                0x0000f79c                xTaskGetCurrentTaskHandle
 .text.xTaskGetSchedulerState
                0x0000f7cc       0x68 C:/ISIS/ISIS-OBC/hal/freertos/lib\libFreeRTOSD.a(tasks.o)
                0x0000f7cc                xTaskGetSchedulerState
 .text.vTaskPriorityInherit
                0x0000f834      0x148 C:/ISIS/ISIS-OBC/hal/freertos/lib\libFreeRTOSD.a(tasks.o)
                0x0000f834                vTaskPriorityInherit
 .text.vTaskPriorityDisinherit
                0x0000f97c       0xdc C:/ISIS/ISIS-OBC/hal/freertos/lib\libFreeRTOSD.a(tasks.o)
                0x0000f97c                vTaskPriorityDisinherit
 .text.xTimerCreateTimerTask
                0x0000fa58       0xb0 C:/ISIS/ISIS-OBC/hal/freertos/lib\libFreeRTOSD.a(timers.o)
                0x0000fa58                xTimerCreateTimerTask
 .text.xTimerGenericCommand
                0x0000fb08       0xf0 C:/ISIS/ISIS-OBC/hal/freertos/lib\libFreeRTOSD.a(timers.o)
                0x0000fb08                xTimerGenericCommand
 .text.prvProcessExpiredTimer
                0x0000fbf8       0xec C:/ISIS/ISIS-OBC/hal/freertos/lib\libFreeRTOSD.a(timers.o)
 .text.prvTimerTask
                0x0000fce4       0x38 C:/ISIS/ISIS-OBC/hal/freertos/lib\libFreeRTOSD.a(timers.o)
 .text.prvProcessTimerOrBlockTask
                0x0000fd1c       0xb4 C:/ISIS/ISIS-OBC/hal/freertos/lib\libFreeRTOSD.a(timers.o)
 .text.prvGetNextExpireTime
                0x0000fdd0       0x80 C:/ISIS/ISIS-OBC/hal/freertos/lib\libFreeRTOSD.a(timers.o)
 .text.prvSampleTimeNow
                0x0000fe50       0x78 C:/ISIS/ISIS-OBC/hal/freertos/lib\libFreeRTOSD.a(timers.o)
 .text.prvInsertTimerInActiveList
                0x0000fec8       0xf4 C:/ISIS/ISIS-OBC/hal/freertos/lib\libFreeRTOSD.a(timers.o)
 .text.prvProcessReceivedCommands
                0x0000ffbc      0x1d0 C:/ISIS/ISIS-OBC/hal/freertos/lib\libFreeRTOSD.a(timers.o)
 .text.prvSwitchTimerLists
                0x0001018c      0x16c C:/ISIS/ISIS-OBC/hal/freertos/lib\libFreeRTOSD.a(timers.o)
 .text.prvCheckForValidListAndQueue
                0x000102f8       0x7c C:/ISIS/ISIS-OBC/hal/freertos/lib\libFreeRTOSD.a(timers.o)
 .text.vApplicationStackOverflowHook
                0x00010374       0x5c C:/ISIS/ISIS-OBC/hal/freertos/lib\libFreeRTOSD.a(hooks.o)
                0x00010374                vApplicationStackOverflowHook
 .text.vApplicationIdleHook
                0x000103d0       0x18 C:/ISIS/ISIS-OBC/hal/freertos/lib\libFreeRTOSD.a(hooks.o)
                0x000103d0                vApplicationIdleHook
 .text.vApplicationMallocFailedHook
                0x000103e8       0x30 C:/ISIS/ISIS-OBC/hal/freertos/lib\libFreeRTOSD.a(hooks.o)
                0x000103e8                vApplicationMallocFailedHook
 .text.pvPortMalloc
                0x00010418       0x28 C:/ISIS/ISIS-OBC/hal/freertos/lib\libFreeRTOSD.a(standardMemMang.o)
                0x00010418                pvPortMalloc
 .text.vPortFree
                0x00010440       0x20 C:/ISIS/ISIS-OBC/hal/freertos/lib\libFreeRTOSD.a(standardMemMang.o)
                0x00010440                vPortFree
 .text._sbrk    0x00010460       0xd0 C:/ISIS/ISIS-OBC/hal/freertos/lib\libFreeRTOSD.a(standardMemMang.o)
                0x00010460                _sbrk
 .text.__malloc_lock
                0x00010530       0x10 C:/ISIS/ISIS-OBC/hal/freertos/lib\libFreeRTOSD.a(standardMemMang.o)
                0x00010530                __malloc_lock
 .text.__malloc_unlock
                0x00010540       0x10 C:/ISIS/ISIS-OBC/hal/freertos/lib\libFreeRTOSD.a(standardMemMang.o)
                0x00010540                __malloc_unlock
 .text.pxPortInitialiseStack
                0x00010550      0x218 C:/ISIS/ISIS-OBC/hal/freertos/lib\libFreeRTOSD.a(port.o)
                0x00010550                pxPortInitialiseStack
 .text.xPortStartScheduler
                0x00010768       0x1c C:/ISIS/ISIS-OBC/hal/freertos/lib\libFreeRTOSD.a(port.o)
                0x00010768                xPortStartScheduler
 .text.prvSetupTimerInterrupt
                0x00010784       0x54 C:/ISIS/ISIS-OBC/hal/freertos/lib\libFreeRTOSD.a(port.o)
 .text.vPortISRStartFirstTask
                0x000107d8       0x64 C:/ISIS/ISIS-OBC/hal/freertos/lib\libFreeRTOSD.a(port.o)
 .text.vPortEnterCritical
                0x0001083c       0x40 C:/ISIS/ISIS-OBC/hal/freertos/lib\libFreeRTOSD.a(port.o)
                0x0001083c                vPortEnterCritical
 .text.vPortExitCritical
                0x0001087c       0x60 C:/ISIS/ISIS-OBC/hal/freertos/lib\libFreeRTOSD.a(port.o)
                0x0001087c                vPortExitCritical
 .text.fm_initvolume
                0x000108dc       0x70 C:/ISIS/ISIS-OBC/hal/hcc/lib\libHCCD.a(fat_m.o)
                0x000108dc                fm_initvolume
 .text.fm_getfreespace
                0x0001094c       0x68 C:/ISIS/ISIS-OBC/hal/hcc/lib\libHCCD.a(fat_m.o)
                0x0001094c                fm_getfreespace
 .text.fm_findfirst
                0x000109b4       0x68 C:/ISIS/ISIS-OBC/hal/hcc/lib\libHCCD.a(fat_m.o)
                0x000109b4                fm_findfirst
 .text.fm_findnext
                0x00010a1c       0x60 C:/ISIS/ISIS-OBC/hal/hcc/lib\libHCCD.a(fat_m.o)
                0x00010a1c                fm_findnext
 .text.fm_rename
                0x00010a7c       0x68 C:/ISIS/ISIS-OBC/hal/hcc/lib\libHCCD.a(fat_m.o)
                0x00010a7c                fm_rename
 .text.fm_close
                0x00010ae4       0x60 C:/ISIS/ISIS-OBC/hal/hcc/lib\libHCCD.a(fat_m.o)
                0x00010ae4                fm_close
 .text.fm_open  0x00010b44       0x68 C:/ISIS/ISIS-OBC/hal/hcc/lib\libHCCD.a(fat_m.o)
                0x00010b44                fm_open
 .text.fm_write
                0x00010bac       0x7c C:/ISIS/ISIS-OBC/hal/hcc/lib\libHCCD.a(fat_m.o)
                0x00010bac                fm_write
 .text.fm_fstat
                0x00010c28       0x68 C:/ISIS/ISIS-OBC/hal/hcc/lib\libHCCD.a(fat_m.o)
                0x00010c28                fm_fstat
 .text.fm_delete
                0x00010c90       0x64 C:/ISIS/ISIS-OBC/hal/hcc/lib\libHCCD.a(fat_m.o)
                0x00010c90                fm_delete
 .text._f_invalidatedir
                0x00010cf4       0x28 C:/ISIS/ISIS-OBC/hal/hcc/lib\libHCCD.a(fat.o)
                0x00010cf4                _f_invalidatedir
 .text._f_getdirsector
                0x00010d1c       0x88 C:/ISIS/ISIS-OBC/hal/hcc/lib\libHCCD.a(fat.o)
                0x00010d1c                _f_getdirsector
 .text._f_writedirsector
                0x00010da4       0x74 C:/ISIS/ISIS-OBC/hal/hcc/lib\libHCCD.a(fat.o)
                0x00010da4                _f_writedirsector
 .text._f_checknameinv
                0x00010e18      0x180 C:/ISIS/ISIS-OBC/hal/hcc/lib\libHCCD.a(fat.o)
 .text._f_checkname
                0x00010f98       0x7c C:/ISIS/ISIS-OBC/hal/hcc/lib\libHCCD.a(fat.o)
 .text._f_checknamewc
                0x00011014       0xf8 C:/ISIS/ISIS-OBC/hal/hcc/lib\libHCCD.a(fat.o)
 .text._f_setnameext
                0x0001110c      0x300 C:/ISIS/ISIS-OBC/hal/hcc/lib\libHCCD.a(fat.o)
 .text._f_setfsname
                0x0001140c      0x584 C:/ISIS/ISIS-OBC/hal/hcc/lib\libHCCD.a(fat.o)
 .text._f_findfile
                0x00011990      0x30c C:/ISIS/ISIS-OBC/hal/hcc/lib\libHCCD.a(fat.o)
 .text._f_cmp_wname
                0x00011c9c      0x274 C:/ISIS/ISIS-OBC/hal/hcc/lib\libHCCD.a(fat.o)
 .text._f_to_string
                0x00011f10      0x130 C:/ISIS/ISIS-OBC/hal/hcc/lib\libHCCD.a(fat.o)
 .text._f_findfilewc
                0x00012040      0x278 C:/ISIS/ISIS-OBC/hal/hcc/lib\libHCCD.a(fat.o)
 .text._f_getfilename
                0x000122b8      0x20c C:/ISIS/ISIS-OBC/hal/hcc/lib\libHCCD.a(fat.o)
 .text._f_findpath
                0x000124c4      0x35c C:/ISIS/ISIS-OBC/hal/hcc/lib\libHCCD.a(fat.o)
 .text.fn_getdcwd
                0x00012820      0x1e0 C:/ISIS/ISIS-OBC/hal/hcc/lib\libHCCD.a(fat.o)
                0x00012820                fn_getdcwd
 .text.fn_findfirst
                0x00012a00      0x13c C:/ISIS/ISIS-OBC/hal/hcc/lib\libHCCD.a(fat.o)
                0x00012a00                fn_findfirst
 .text.fn_findnext
                0x00012b3c      0x360 C:/ISIS/ISIS-OBC/hal/hcc/lib\libHCCD.a(fat.o)
                0x00012b3c                fn_findnext
 .text.fn_move  0x00012e9c      0xad0 C:/ISIS/ISIS-OBC/hal/hcc/lib\libHCCD.a(fat.o)
                0x00012e9c                fn_move
 .text.fn_rename
                0x0001396c      0x214 C:/ISIS/ISIS-OBC/hal/hcc/lib\libHCCD.a(fat.o)
                0x0001396c                fn_rename
 .text._f_lock_resfile
                0x00013b80       0x6c C:/ISIS/ISIS-OBC/hal/hcc/lib\libHCCD.a(fat.o)
 .text._f_unlock_resfile
                0x00013bec       0x40 C:/ISIS/ISIS-OBC/hal/hcc/lib\libHCCD.a(fat.o)
 .text._f_getintfile
                0x00013c2c      0x124 C:/ISIS/ISIS-OBC/hal/hcc/lib\libHCCD.a(fat.o)
 .text._f_addentry
                0x00013d50      0x540 C:/ISIS/ISIS-OBC/hal/hcc/lib\libHCCD.a(fat.o)
 .text.fn_open_sub
                0x00014290     0x1698 C:/ISIS/ISIS-OBC/hal/hcc/lib\libHCCD.a(fat.o)
 .text.fn_open  0x00015928       0x44 C:/ISIS/ISIS-OBC/hal/hcc/lib\libHCCD.a(fat.o)
                0x00015928                fn_open
 .text.fn_delete
                0x0001596c      0x490 C:/ISIS/ISIS-OBC/hal/hcc/lib\libHCCD.a(fat.o)
                0x0001596c                fn_delete
 .text.fn_init  0x00015dfc      0x2dc C:/ISIS/ISIS-OBC/hal/hcc/lib\libHCCD.a(fat_common.o)
                0x00015dfc                fn_init
 .text._f_get16bitl
                0x000160d8       0x4c C:/ISIS/ISIS-OBC/hal/hcc/lib\libHCCD.a(fat_common.o)
                0x000160d8                _f_get16bitl
 .text._f_set16bitl
                0x00016124       0x54 C:/ISIS/ISIS-OBC/hal/hcc/lib\libHCCD.a(fat_common.o)
                0x00016124                _f_set16bitl
 .text._f_get32bitl
                0x00016178       0x68 C:/ISIS/ISIS-OBC/hal/hcc/lib\libHCCD.a(fat_common.o)
                0x00016178                _f_get32bitl
 .text._f_set32bitl
                0x000161e0       0x78 C:/ISIS/ISIS-OBC/hal/hcc/lib\libHCCD.a(fat_common.o)
                0x000161e0                _f_set32bitl
 .text._get8bit
                0x00016258       0xa0 C:/ISIS/ISIS-OBC/hal/hcc/lib\libHCCD.a(fat_common.o)
 .text._get16bitl
                0x000162f8       0x40 C:/ISIS/ISIS-OBC/hal/hcc/lib\libHCCD.a(fat_common.o)
 .text._get32bitl
                0x00016338       0x3c C:/ISIS/ISIS-OBC/hal/hcc/lib\libHCCD.a(fat_common.o)
 .text._f_setcardremoved
                0x00016374       0x94 C:/ISIS/ISIS-OBC/hal/hcc/lib\libHCCD.a(fat_common.o)
 .text._f_checkstatus
                0x00016408      0x104 C:/ISIS/ISIS-OBC/hal/hcc/lib\libHCCD.a(fat_common.o)
                0x00016408                _f_checkstatus
 .text._f_drvgetphy
                0x0001650c      0x114 C:/ISIS/ISIS-OBC/hal/hcc/lib\libHCCD.a(fat_common.o)
 .text._f_drvwritesector
                0x00016620       0xdc C:/ISIS/ISIS-OBC/hal/hcc/lib\libHCCD.a(fat_common.o)
 .text._f_drvreadsector
                0x000166fc       0xa8 C:/ISIS/ISIS-OBC/hal/hcc/lib\libHCCD.a(fat_common.o)
 .text._f_writesector
                0x000167a4      0x23c C:/ISIS/ISIS-OBC/hal/hcc/lib\libHCCD.a(fat_common.o)
                0x000167a4                _f_writesector
 .text._f_readsector
                0x000169e0      0x1dc C:/ISIS/ISIS-OBC/hal/hcc/lib\libHCCD.a(fat_common.o)
                0x000169e0                _f_readsector
 .text._f_getmaxcluster
                0x00016bbc       0x94 C:/ISIS/ISIS-OBC/hal/hcc/lib\libHCCD.a(fat_common.o)
                0x00016bbc                _f_getmaxcluster
 .text._getsectorfromcluster
                0x00016c50       0x68 C:/ISIS/ISIS-OBC/hal/hcc/lib\libHCCD.a(fat_common.o)
 .text._f_buildsectors
                0x00016cb8      0x268 C:/ISIS/ISIS-OBC/hal/hcc/lib\libHCCD.a(fat_common.o)
 .text._f_getbootrecord
                0x00016f20      0x5e4 C:/ISIS/ISIS-OBC/hal/hcc/lib\libHCCD.a(fat_common.o)
 .text._f_readbootrecord
                0x00017504      0x4f8 C:/ISIS/ISIS-OBC/hal/hcc/lib\libHCCD.a(fat_common.o)
 .text._f_flushcffiles
                0x000179fc      0x17c C:/ISIS/ISIS-OBC/hal/hcc/lib\libHCCD.a(fat_common.o)
                0x000179fc                _f_flushcffiles
 .text._f_fatcache_flush
                0x00017b78      0x270 C:/ISIS/ISIS-OBC/hal/hcc/lib\libHCCD.a(fat_common.o)
                0x00017b78                _f_fatcache_flush
 .text._f_writefatsector
                0x00017de8      0x100 C:/ISIS/ISIS-OBC/hal/hcc/lib\libHCCD.a(fat_common.o)
                0x00017de8                _f_writefatsector
 .text._f_getfatsector
                0x00017ee8      0x3bc C:/ISIS/ISIS-OBC/hal/hcc/lib\libHCCD.a(fat_common.o)
 .text._f_setclustervalue
                0x000182a4      0x490 C:/ISIS/ISIS-OBC/hal/hcc/lib\libHCCD.a(fat_common.o)
                0x000182a4                _f_setclustervalue
 .text._f_getclustervalue
                0x00018734      0x388 C:/ISIS/ISIS-OBC/hal/hcc/lib\libHCCD.a(fat_common.o)
                0x00018734                _f_getclustervalue
 .text._f_close_drive_files
                0x00018abc       0xac C:/ISIS/ISIS-OBC/hal/hcc/lib\libHCCD.a(fat_common.o)
 .text._f_inc_mount_count
                0x00018b68       0xa4 C:/ISIS/ISIS-OBC/hal/hcc/lib\libHCCD.a(fat_common.o)
 .text._f_getvolume
                0x00018c0c      0x2f8 C:/ISIS/ISIS-OBC/hal/hcc/lib\libHCCD.a(fat_common.o)
                0x00018c0c                _f_getvolume
 .text.fn_createdriver
                0x00018f04      0x118 C:/ISIS/ISIS-OBC/hal/hcc/lib\libHCCD.a(fat_common.o)
                0x00018f04                fn_createdriver
 .text.fn_initvolume
                0x0001901c      0x12c C:/ISIS/ISIS-OBC/hal/hcc/lib\libHCCD.a(fat_common.o)
                0x0001901c                fn_initvolume
 .text.fn_initvolumepartition_sub
                0x00019148       0xe0 C:/ISIS/ISIS-OBC/hal/hcc/lib\libHCCD.a(fat_common.o)
 .text.fn_initvolumepartition
                0x00019228       0xac C:/ISIS/ISIS-OBC/hal/hcc/lib\libHCCD.a(fat_common.o)
                0x00019228                fn_initvolumepartition
 .text._f_clustertopos
                0x000192d4       0xf8 C:/ISIS/ISIS-OBC/hal/hcc/lib\libHCCD.a(fat_common.o)
                0x000192d4                _f_clustertopos
 .text._f_getcurrsector
                0x000193cc      0x6c8 C:/ISIS/ISIS-OBC/hal/hcc/lib\libHCCD.a(fat_common.o)
                0x000193cc                _f_getcurrsector
 .text._f_getdecluster
                0x00019a94       0x90 C:/ISIS/ISIS-OBC/hal/hcc/lib\libHCCD.a(fat_common.o)
                0x00019a94                _f_getdecluster
 .text._f_setdecluster
                0x00019b24       0x8c C:/ISIS/ISIS-OBC/hal/hcc/lib\libHCCD.a(fat_common.o)
                0x00019b24                _f_setdecluster
 .text.fn_getdrive
                0x00019bb0       0x30 C:/ISIS/ISIS-OBC/hal/hcc/lib\libHCCD.a(fat_common.o)
                0x00019bb0                fn_getdrive
 .text._f_getcurrenttimedate
                0x00019be0      0x138 C:/ISIS/ISIS-OBC/hal/hcc/lib\libHCCD.a(fat_common.o)
                0x00019be0                _f_getcurrenttimedate
 .text._f_initentry
                0x00019d18       0xa0 C:/ISIS/ISIS-OBC/hal/hcc/lib\libHCCD.a(fat_common.o)
                0x00019d18                _f_initentry
 .text._f_alloccluster
                0x00019db8      0x344 C:/ISIS/ISIS-OBC/hal/hcc/lib\libHCCD.a(fat_common.o)
                0x00019db8                _f_alloccluster
 .text._f_dobadblock
                0x0001a0fc      0x2cc C:/ISIS/ISIS-OBC/hal/hcc/lib\libHCCD.a(fat_common.o)
                0x0001a0fc                _f_dobadblock
 .text._f_checklocked
                0x0001a3c8       0xe4 C:/ISIS/ISIS-OBC/hal/hcc/lib\libHCCD.a(fat_common.o)
                0x0001a3c8                _f_checklocked
 .text._f_checkappendlocked
                0x0001a4ac      0x110 C:/ISIS/ISIS-OBC/hal/hcc/lib\libHCCD.a(fat_common.o)
                0x0001a4ac                _f_checkappendlocked
 .text._f_setsyncafile
                0x0001a5bc      0x114 C:/ISIS/ISIS-OBC/hal/hcc/lib\libHCCD.a(fat_common.o)
                0x0001a5bc                _f_setsyncafile
 .text._f_syncfiles
                0x0001a6d0      0x128 C:/ISIS/ISIS-OBC/hal/hcc/lib\libHCCD.a(fat_common.o)
                0x0001a6d0                _f_syncfiles
 .text._f_syncfilescontent
                0x0001a7f8      0x15c C:/ISIS/ISIS-OBC/hal/hcc/lib\libHCCD.a(fat_common.o)
 .text.fn_getfreespace
                0x0001a954      0x4c0 C:/ISIS/ISIS-OBC/hal/hcc/lib\libHCCD.a(fat_common.o)
                0x0001a954                fn_getfreespace
 .text._f_emptywritecache
                0x0001ae14      0x4a4 C:/ISIS/ISIS-OBC/hal/hcc/lib\libHCCD.a(fat_common.o)
 .text._f_allocnextcluster
                0x0001b2b8      0x54c C:/ISIS/ISIS-OBC/hal/hcc/lib\libHCCD.a(fat_common.o)
 .text._f_emptywritebuffer
                0x0001b804      0x20c C:/ISIS/ISIS-OBC/hal/hcc/lib\libHCCD.a(fat_common.o)
 .text._f_writezeros
                0x0001ba10       0xf0 C:/ISIS/ISIS-OBC/hal/hcc/lib\libHCCD.a(fat_common.o)
                0x0001ba10                _f_writezeros
 .text._f_extend_file
                0x0001bb00      0x570 C:/ISIS/ISIS-OBC/hal/hcc/lib\libHCCD.a(fat_common.o)
 .text._f_fseek
                0x0001c070      0x9bc C:/ISIS/ISIS-OBC/hal/hcc/lib\libHCCD.a(fat_common.o)
                0x0001c070                _f_fseek
 .text._f_removechain
                0x0001ca2c      0x104 C:/ISIS/ISIS-OBC/hal/hcc/lib\libHCCD.a(fat_common.o)
                0x0001ca2c                _f_removechain
 .text._f_updatefileentry
                0x0001cb30      0x1cc C:/ISIS/ISIS-OBC/hal/hcc/lib\libHCCD.a(fat_common.o)
 .text._f_checkreadlocked
                0x0001ccfc      0x1bc C:/ISIS/ISIS-OBC/hal/hcc/lib\libHCCD.a(fat_common.o)
                0x0001ccfc                _f_checkreadlocked
 .text._f_check_handle
                0x0001ceb8       0x98 C:/ISIS/ISIS-OBC/hal/hcc/lib\libHCCD.a(fat_common.o)
                0x0001ceb8                _f_check_handle
 .text._f_removesyncafile
                0x0001cf50      0x1ec C:/ISIS/ISIS-OBC/hal/hcc/lib\libHCCD.a(fat_common.o)
 .text.fn_close
                0x0001d13c      0x3f8 C:/ISIS/ISIS-OBC/hal/hcc/lib\libHCCD.a(fat_common.o)
                0x0001d13c                fn_close
 .text._f_abortwrite
                0x0001d534      0x100 C:/ISIS/ISIS-OBC/hal/hcc/lib\libHCCD.a(fat_common.o)
 .text._f_checkwritecluster
                0x0001d634       0xe4 C:/ISIS/ISIS-OBC/hal/hcc/lib\libHCCD.a(fat_common.o)
 .text.fn_write
                0x0001d718      0x8a8 C:/ISIS/ISIS-OBC/hal/hcc/lib\libHCCD.a(fat_common.o)
                0x0001d718                fn_write
 .text.f_enterFS
                0x0001dfc0      0x1c0 C:/ISIS/ISIS-OBC/hal/hcc/lib\libHCCD.a(fat_common.o)
                0x0001dfc0                f_enterFS
 .text.f_releaseFS
                0x0001e180       0xb0 C:/ISIS/ISIS-OBC/hal/hcc/lib\libHCCD.a(fat_common.o)
                0x0001e180                f_releaseFS
 .text.fnGetTask
                0x0001e230       0xfc C:/ISIS/ISIS-OBC/hal/hcc/lib\libHCCD.a(fat_common.o)
                0x0001e230                fnGetTask
 .text._f_mutex_get
                0x0001e32c       0x98 C:/ISIS/ISIS-OBC/hal/hcc/lib\libHCCD.a(fat_common.o)
                0x0001e32c                _f_mutex_get
 .text._f_mutex_put
                0x0001e3c4       0x54 C:/ISIS/ISIS-OBC/hal/hcc/lib\libHCCD.a(fat_common.o)
                0x0001e3c4                _f_mutex_put
 .text._fn_initseekdivisor
                0x0001e418      0x158 C:/ISIS/ISIS-OBC/hal/hcc/lib\libHCCD.a(fat_common.o)
                0x0001e418                _fn_initseekdivisor
 .text._fn_updateseekpos
                0x0001e570       0xc4 C:/ISIS/ISIS-OBC/hal/hcc/lib\libHCCD.a(fat_common.o)
 .text._f_findopensize
                0x0001e634       0x2c C:/ISIS/ISIS-OBC/hal/hcc/lib\libHCCD.a(fat_common.o)
                0x0001e634                _f_findopensize
 .text.fn_fstat
                0x0001e660      0x250 C:/ISIS/ISIS-OBC/hal/hcc/lib\libHCCD.a(fat_common.o)
                0x0001e660                fn_fstat
 .text.fn_setlasterror
                0x0001e8b0       0x34 C:/ISIS/ISIS-OBC/hal/hcc/lib\libHCCD.a(fat_common.o)
                0x0001e8b0                fn_setlasterror
 .text.fn_setlasterror_noret
                0x0001e8e4       0x2c C:/ISIS/ISIS-OBC/hal/hcc/lib\libHCCD.a(fat_common.o)
                0x0001e8e4                fn_setlasterror_noret
 .text._s_checkzeroclusteratend
                0x0001e910       0xf8 C:/ISIS/ISIS-OBC/hal/hcc/lib\libHCCD.a(safefat.o)
 .text._s_clearclustercontent
                0x0001ea08      0x108 C:/ISIS/ISIS-OBC/hal/hcc/lib\libHCCD.a(safefat.o)
 .text._s_clearclustercontentdir
                0x0001eb10      0x19c C:/ISIS/ISIS-OBC/hal/hcc/lib\libHCCD.a(safefat.o)
 .text._s_writedirsector
                0x0001ecac       0xd0 C:/ISIS/ISIS-OBC/hal/hcc/lib\libHCCD.a(safefat.o)
 .text._s_getdirsector
                0x0001ed7c      0x100 C:/ISIS/ISIS-OBC/hal/hcc/lib\libHCCD.a(safefat.o)
 .text._s_addentry
                0x0001ee7c      0x394 C:/ISIS/ISIS-OBC/hal/hcc/lib\libHCCD.a(safefat.o)
 .text._s_findfile
                0x0001f210      0x33c C:/ISIS/ISIS-OBC/hal/hcc/lib\libHCCD.a(safefat.o)
 .text._s_findsubdir
                0x0001f54c      0x248 C:/ISIS/ISIS-OBC/hal/hcc/lib\libHCCD.a(safefat.o)
 .text._s_createfile
                0x0001f794      0x190 C:/ISIS/ISIS-OBC/hal/hcc/lib\libHCCD.a(safefat.o)
 .text._s_findsaffile
                0x0001f924      0x1b8 C:/ISIS/ISIS-OBC/hal/hcc/lib\libHCCD.a(safefat.o)
 .text._s_open  0x0001fadc       0xe4 C:/ISIS/ISIS-OBC/hal/hcc/lib\libHCCD.a(safefat.o)
 .text._s_open_saf
                0x0001fbc0       0xe8 C:/ISIS/ISIS-OBC/hal/hcc/lib\libHCCD.a(safefat.o)
 .text._s_flush
                0x0001fca8       0x84 C:/ISIS/ISIS-OBC/hal/hcc/lib\libHCCD.a(safefat.o)
 .text._s_allocnextcluster
                0x0001fd2c      0x13c C:/ISIS/ISIS-OBC/hal/hcc/lib\libHCCD.a(safefat.o)
 .text._s_getnextsector
                0x0001fe68       0xdc C:/ISIS/ISIS-OBC/hal/hcc/lib\libHCCD.a(safefat.o)
 .text._s_seek  0x0001ff44      0x1e8 C:/ISIS/ISIS-OBC/hal/hcc/lib\libHCCD.a(safefat.o)
 .text._s_read  0x0002012c      0x228 C:/ISIS/ISIS-OBC/hal/hcc/lib\libHCCD.a(safefat.o)
 .text._s_write
                0x00020354      0x384 C:/ISIS/ISIS-OBC/hal/hcc/lib\libHCCD.a(safefat.o)
 .text._s_restoreclusters
                0x000206d8      0x270 C:/ISIS/ISIS-OBC/hal/hcc/lib\libHCCD.a(safefat.o)
                0x000206d8                _s_restoreclusters
 .text._s_findrestore
                0x00020948      0x18c C:/ISIS/ISIS-OBC/hal/hcc/lib\libHCCD.a(safefat.o)
 .text._s_cmd_writede
                0x00020ad4       0xd8 C:/ISIS/ISIS-OBC/hal/hcc/lib\libHCCD.a(safefat.o)
 .text._s_cmd_setcluster
                0x00020bac       0x88 C:/ISIS/ISIS-OBC/hal/hcc/lib\libHCCD.a(safefat.o)
 .text._s_cmd_deletechain
                0x00020c34      0x100 C:/ISIS/ISIS-OBC/hal/hcc/lib\libHCCD.a(safefat.o)
 .text._s_cmd_validatecfn
                0x00020d34      0x308 C:/ISIS/ISIS-OBC/hal/hcc/lib\libHCCD.a(safefat.o)
 .text._s_cmd_seteof
                0x0002103c      0x3c4 C:/ISIS/ISIS-OBC/hal/hcc/lib\libHCCD.a(safefat.o)
 .text.safe_docommands
                0x00021400      0x56c C:/ISIS/ISIS-OBC/hal/hcc/lib\libHCCD.a(safefat.o)
                0x00021400                safe_docommands
 .text.safe_entercommand
                0x0002196c       0x68 C:/ISIS/ISIS-OBC/hal/hcc/lib\libHCCD.a(safefat.o)
                0x0002196c                safe_entercommand
 .text.safe_ready
                0x000219d4       0xf4 C:/ISIS/ISIS-OBC/hal/hcc/lib\libHCCD.a(safefat.o)
                0x000219d4                safe_ready
 .text.safe_copycfn
                0x00021ac8       0xb8 C:/ISIS/ISIS-OBC/hal/hcc/lib\libHCCD.a(safefat.o)
                0x00021ac8                safe_copycfn
 .text.safe_cfremove
                0x00021b80       0xb8 C:/ISIS/ISIS-OBC/hal/hcc/lib\libHCCD.a(safefat.o)
                0x00021b80                safe_cfremove
 .text.safe_writede
                0x00021c38      0x104 C:/ISIS/ISIS-OBC/hal/hcc/lib\libHCCD.a(safefat.o)
                0x00021c38                safe_writede
 .text.safe_setcluster
                0x00021d3c       0xcc C:/ISIS/ISIS-OBC/hal/hcc/lib\libHCCD.a(safefat.o)
                0x00021d3c                safe_setcluster
 .text.safe_deletechain
                0x00021e08      0x1c8 C:/ISIS/ISIS-OBC/hal/hcc/lib\libHCCD.a(safefat.o)
                0x00021e08                safe_deletechain
 .text.safe_cfclose
                0x00021fd0      0x104 C:/ISIS/ISIS-OBC/hal/hcc/lib\libHCCD.a(safefat.o)
                0x00021fd0                safe_cfclose
 .text.safe_reset
                0x000220d4       0x78 C:/ISIS/ISIS-OBC/hal/hcc/lib\libHCCD.a(safefat.o)
                0x000220d4                safe_reset
 .text.safe_loadcommands
                0x0002214c       0x78 C:/ISIS/ISIS-OBC/hal/hcc/lib\libHCCD.a(safefat.o)
                0x0002214c                safe_loadcommands
 .text.safe_poweron
                0x000221c4      0x1fc C:/ISIS/ISIS-OBC/hal/hcc/lib\libHCCD.a(safefat.o)
                0x000221c4                safe_poweron
 .text.cf_getname
                0x000223c0       0xc0 C:/ISIS/ISIS-OBC/hal/hcc/lib\libHCCD.a(safefat.o)
 .text.cf_copyclusterchain
                0x00022480      0x138 C:/ISIS/ISIS-OBC/hal/hcc/lib\libHCCD.a(safefat.o)
 .text.cf_seektozero
                0x000225b8       0x94 C:/ISIS/ISIS-OBC/hal/hcc/lib\libHCCD.a(safefat.o)
                0x000225b8                cf_seektozero
 .text.cf_create
                0x0002264c      0x3a8 C:/ISIS/ISIS-OBC/hal/hcc/lib\libHCCD.a(safefat.o)
                0x0002264c                cf_create
 .text.cf_copyclustercontent
                0x000229f4      0x128 C:/ISIS/ISIS-OBC/hal/hcc/lib\libHCCD.a(safefat.o)
                0x000229f4                cf_copyclustercontent
 .text.cf_copycfn
                0x00022b1c      0x4bc C:/ISIS/ISIS-OBC/hal/hcc/lib\libHCCD.a(safefat.o)
                0x00022b1c                cf_copycfn
 .text.cf_remove
                0x00022fd8      0x344 C:/ISIS/ISIS-OBC/hal/hcc/lib\libHCCD.a(safefat.o)
                0x00022fd8                cf_remove
 .text.cf_setclusternew
                0x0002331c       0xf0 C:/ISIS/ISIS-OBC/hal/hcc/lib\libHCCD.a(safefat.o)
                0x0002331c                cf_setclusternew
 .text.cf_flush
                0x0002340c       0x58 C:/ISIS/ISIS-OBC/hal/hcc/lib\libHCCD.a(safefat.o)
                0x0002340c                cf_flush
 .text.cf_getcluster
                0x00023464      0x1b4 C:/ISIS/ISIS-OBC/hal/hcc/lib\libHCCD.a(safefat.o)
                0x00023464                cf_getcluster
 .text.cf_setnextcluster
                0x00023618      0x194 C:/ISIS/ISIS-OBC/hal/hcc/lib\libHCCD.a(safefat.o)
                0x00023618                cf_setnextcluster
 .text.cf_getpositions
                0x000237ac       0xbc C:/ISIS/ISIS-OBC/hal/hcc/lib\libHCCD.a(safefat.o)
                0x000237ac                cf_getpositions
 .text.cf_setpositions
                0x00023868       0xb0 C:/ISIS/ISIS-OBC/hal/hcc/lib\libHCCD.a(safefat.o)
                0x00023868                cf_setpositions
 .text.cf_opensyncafile
                0x00023918      0x150 C:/ISIS/ISIS-OBC/hal/hcc/lib\libHCCD.a(safefat.o)
                0x00023918                cf_opensyncafile
 .text.mcipdc_cmd
                0x00023a68      0x22c C:/ISIS/ISIS-OBC/hal/hcc/lib\libHCCD.a(atmel_mcipdc.o)
 .text.mcipdc_stop
                0x00023c94       0xfc C:/ISIS/ISIS-OBC/hal/hcc/lib\libHCCD.a(atmel_mcipdc.o)
                0x00023c94                mcipdc_stop
 .text.mcipdc_read
                0x00023d90      0x27c C:/ISIS/ISIS-OBC/hal/hcc/lib\libHCCD.a(atmel_mcipdc.o)
 .text.mcipdc_write
                0x0002400c      0x298 C:/ISIS/ISIS-OBC/hal/hcc/lib\libHCCD.a(atmel_mcipdc.o)
 .text.mcipdc_readsector
                0x000242a4       0x9c C:/ISIS/ISIS-OBC/hal/hcc/lib\libHCCD.a(atmel_mcipdc.o)
                0x000242a4                mcipdc_readsector
 .text.mcipdc_readmultiplesector
                0x00024340      0x124 C:/ISIS/ISIS-OBC/hal/hcc/lib\libHCCD.a(atmel_mcipdc.o)
                0x00024340                mcipdc_readmultiplesector
 .text.mcipdc_writesector
                0x00024464       0x90 C:/ISIS/ISIS-OBC/hal/hcc/lib\libHCCD.a(atmel_mcipdc.o)
                0x00024464                mcipdc_writesector
 .text.mcipdc_writemultiplesector
                0x000244f4      0x120 C:/ISIS/ISIS-OBC/hal/hcc/lib\libHCCD.a(atmel_mcipdc.o)
                0x000244f4                mcipdc_writemultiplesector
 .text.mcipdc_set_speed
                0x00024614       0xb0 C:/ISIS/ISIS-OBC/hal/hcc/lib\libHCCD.a(atmel_mcipdc.o)
 .text.mcipdc_get_speed
                0x000246c4       0x48 C:/ISIS/ISIS-OBC/hal/hcc/lib\libHCCD.a(atmel_mcipdc.o)
 .text._get_csd_bits
                0x0002470c      0x14c C:/ISIS/ISIS-OBC/hal/hcc/lib\libHCCD.a(atmel_mcipdc.o)
 .text.mcipdc_initcard
                0x00024858      0x8f4 C:/ISIS/ISIS-OBC/hal/hcc/lib\libHCCD.a(atmel_mcipdc.o)
 .text.mcipdc_getstatus
                0x0002514c       0xe8 C:/ISIS/ISIS-OBC/hal/hcc/lib\libHCCD.a(atmel_mcipdc.o)
 .text.mcipdc_getphy
                0x00025234       0x90 C:/ISIS/ISIS-OBC/hal/hcc/lib\libHCCD.a(atmel_mcipdc.o)
 .text.mcipdc_release
                0x000252c4       0x50 C:/ISIS/ISIS-OBC/hal/hcc/lib\libHCCD.a(atmel_mcipdc.o)
 .text.atmel_mcipdc_initfunc
                0x00025314      0x160 C:/ISIS/ISIS-OBC/hal/hcc/lib\libHCCD.a(atmel_mcipdc.o)
                0x00025314                atmel_mcipdc_initfunc
 .text.oal_task_get_id
                0x00025474       0x18 C:/ISIS/ISIS-OBC/hal/hcc/lib\libHCCD.a(oalp_task.o)
                0x00025474                oal_task_get_id
 .text.oal_mutex_create
                0x0002548c       0x54 C:/ISIS/ISIS-OBC/hal/hcc/lib\libHCCD.a(oalp_mutex.o)
                0x0002548c                oal_mutex_create
 .text.oal_mutex_delete
                0x000254e0       0x30 C:/ISIS/ISIS-OBC/hal/hcc/lib\libHCCD.a(oalp_mutex.o)
                0x000254e0                oal_mutex_delete
 .text.oal_mutex_get
                0x00025510       0x58 C:/ISIS/ISIS-OBC/hal/hcc/lib\libHCCD.a(oalp_mutex.o)
                0x00025510                oal_mutex_get
 .text.oal_mutex_put
                0x00025568       0x58 C:/ISIS/ISIS-OBC/hal/hcc/lib\libHCCD.a(oalp_mutex.o)
                0x00025568                oal_mutex_put
 .text.mcipdc_hw_init
                0x000255c0       0xe8 C:/ISIS/ISIS-OBC/hal/hcc/lib\libHCCD.a(atmel_mcipdc_hw.o)
                0x000255c0                mcipdc_hw_init
 .text.mcipdc_hw_delete
                0x000256a8       0x78 C:/ISIS/ISIS-OBC/hal/hcc/lib\libHCCD.a(atmel_mcipdc_hw.o)
                0x000256a8                mcipdc_hw_delete
 .text.mcipdc_hw_card_plugged
                0x00025720       0x1c C:/ISIS/ISIS-OBC/hal/hcc/lib\libHCCD.a(atmel_mcipdc_hw.o)
                0x00025720                mcipdc_hw_card_plugged
 .text.mcipdc_hw_card_writeprotect
                0x0002573c       0x1c C:/ISIS/ISIS-OBC/hal/hcc/lib\libHCCD.a(atmel_mcipdc_hw.o)
                0x0002573c                mcipdc_hw_card_writeprotect
 .text.psp_getcurrenttimedate
                0x00025758       0x8c C:/ISIS/ISIS-OBC/hal/hcc/lib\libHCCD.a(psp_rtc.o)
                0x00025758                psp_getcurrenttimedate
 .text._hcc_get_buf_dsc
                0x000257e4       0x8c C:/ISIS/ISIS-OBC/hal/hcc/lib\libHCCD.a(hcc_mem.o)
 .text._hcc_check_free_pages
                0x00025870      0x18c C:/ISIS/ISIS-OBC/hal/hcc/lib\libHCCD.a(hcc_mem.o)
 .text._hcc_mark_pages
                0x000259fc      0x158 C:/ISIS/ISIS-OBC/hal/hcc/lib\libHCCD.a(hcc_mem.o)
 .text._hcc_clear_lock_dsc
                0x00025b54       0x80 C:/ISIS/ISIS-OBC/hal/hcc/lib\libHCCD.a(hcc_mem.o)
 .text._hcc_lock_access
                0x00025bd4      0x128 C:/ISIS/ISIS-OBC/hal/hcc/lib\libHCCD.a(hcc_mem.o)
 .text._hcc_unlock_access
                0x00025cfc       0x30 C:/ISIS/ISIS-OBC/hal/hcc/lib\libHCCD.a(hcc_mem.o)
 .text.hcc_mem_alloc
                0x00025d2c      0x454 C:/ISIS/ISIS-OBC/hal/hcc/lib\libHCCD.a(hcc_mem.o)
                0x00025d2c                hcc_mem_alloc
 .text.hcc_mem_free
                0x00026180      0x178 C:/ISIS/ISIS-OBC/hal/hcc/lib\libHCCD.a(hcc_mem.o)
                0x00026180                hcc_mem_free
 .text.hcc_mem_add
                0x000262f8      0x3b0 C:/ISIS/ISIS-OBC/hal/hcc/lib\libHCCD.a(hcc_mem.o)
                0x000262f8                hcc_mem_add
 .text.hcc_mem_init
                0x000266a8      0x164 C:/ISIS/ISIS-OBC/hal/hcc/lib\libHCCD.a(hcc_mem.o)
                0x000266a8                hcc_mem_init
 .text.hcc_mem_buf_alloc
                0x0002680c       0xe4 C:/ISIS/ISIS-OBC/hal/hcc/lib\libHCCD.a(psp_hcc_mem.o)
                0x0002680c                hcc_mem_buf_alloc
 .text.uSdelay  0x000268f0       0x88 C:/ISIS/ISIS-OBC/hal/hal/lib\libHALD.a(LED.o)
 .text.LED_start
                0x00026978       0x1c C:/ISIS/ISIS-OBC/hal/hal/lib\libHALD.a(LED.o)
                0x00026978                LED_start
 .text.LED_glow
                0x00026994       0x58 C:/ISIS/ISIS-OBC/hal/hal/lib\libHALD.a(LED.o)
                0x00026994                LED_glow
 .text.LED_dark
                0x000269ec       0x58 C:/ISIS/ISIS-OBC/hal/hal/lib\libHALD.a(LED.o)
                0x000269ec                LED_dark
 .text.LED_toggle
                0x00026a44       0x50 C:/ISIS/ISIS-OBC/hal/hal/lib\libHALD.a(LED.o)
                0x00026a44                LED_toggle
 .text.LED_wave
                0x00026a94       0xd0 C:/ISIS/ISIS-OBC/hal/hal/lib\libHALD.a(LED.o)
                0x00026a94                LED_wave
 .text.LED_waveReverse
                0x00026b64       0xd0 C:/ISIS/ISIS-OBC/hal/hal/lib\libHALD.a(LED.o)
                0x00026b64                LED_waveReverse
 .text.clearPDCtransfers
                0x00026c34       0xdc C:/ISIS/ISIS-OBC/hal/hal/lib\libHALD.a(UART.o)
 .text.UART_start
                0x00026d10      0x7f8 C:/ISIS/ISIS-OBC/hal/hal/lib\libHALD.a(UART.o)
                0x00026d10                UART_start
 .text.UART_stop
                0x00027508      0x2b0 C:/ISIS/ISIS-OBC/hal/hal/lib\libHALD.a(UART.o)
                0x00027508                UART_stop
 .text.UART_queueTransfer
                0x000277b8      0x1dc C:/ISIS/ISIS-OBC/hal/hal/lib\libHALD.a(UART.o)
                0x000277b8                UART_queueTransfer
 .text.UART_write
                0x00027994      0x224 C:/ISIS/ISIS-OBC/hal/hal/lib\libHALD.a(UART.o)
                0x00027994                UART_write
 .text.UART_read
                0x00027bb8      0x224 C:/ISIS/ISIS-OBC/hal/hal/lib\libHALD.a(UART.o)
                0x00027bb8                UART_read
 .text.taskWriteRegulator
                0x00027ddc      0x2f8 C:/ISIS/ISIS-OBC/hal/hal/lib\libHALD.a(UART.o)
 .text.taskReadRegulator
                0x000280d4      0x2ec C:/ISIS/ISIS-OBC/hal/hal/lib\libHALD.a(UART.o)
 .text.Time_start
                0x000283c0      0x170 C:/ISIS/ISIS-OBC/hal/hal/lib\libHALD.a(Time.o)
                0x000283c0                Time_start
 .text.taskTimeSync
                0x00028530       0x64 C:/ISIS/ISIS-OBC/hal/hal/lib\libHALD.a(Time.o)
 .text.Time_calculateSecondsOfYear
                0x00028594       0xd8 C:/ISIS/ISIS-OBC/hal/hal/lib\libHALD.a(Time.o)
 .text.Time_set
                0x0002866c       0xd8 C:/ISIS/ISIS-OBC/hal/hal/lib\libHALD.a(Time.o)
                0x0002866c                Time_set
 .text.Time_isLeapYear
                0x00028744       0x98 C:/ISIS/ISIS-OBC/hal/hal/lib\libHALD.a(Time.o)
                0x00028744                Time_isLeapYear
 .text.Time_get
                0x000287dc      0x478 C:/ISIS/ISIS-OBC/hal/hal/lib\libHALD.a(Time.o)
                0x000287dc                Time_get
 .text.Time_getUnixEpoch
                0x00028c54      0x108 C:/ISIS/ISIS-OBC/hal/hal/lib\libHALD.a(Time.o)
                0x00028c54                Time_getUnixEpoch
 .text.Time_sync
                0x00028d5c      0x1a8 C:/ISIS/ISIS-OBC/hal/hal/lib\libHALD.a(Time.o)
                0x00028d5c                Time_sync
 .text.Time_syncIfNeeded
                0x00028f04       0xac C:/ISIS/ISIS-OBC/hal/hal/lib\libHALD.a(Time.o)
                0x00028f04                Time_syncIfNeeded
 .text.WDT_start
                0x00028fb0       0x48 C:/ISIS/ISIS-OBC/hal/hal/lib\libHALD.a(WatchDogTimerNoOS.o)
                0x00028fb0                WDT_start
 .text.RTT_start
                0x00028ff8       0x24 C:/ISIS/ISIS-OBC/hal/hal/lib\libHALD.a(RTT.o)
                0x00028ff8                RTT_start
 .text.RTT_GetTime
                0x0002901c       0x24 C:/ISIS/ISIS-OBC/hal/hal/lib\libHALD.a(RTT.o)
                0x0002901c                RTT_GetTime
 .text.RTT_GetStatus
                0x00029040       0x24 C:/ISIS/ISIS-OBC/hal/hal/lib\libHALD.a(RTT.o)
                0x00029040                RTT_GetStatus
 .text.RTC_start
                0x00029064       0x3c C:/ISIS/ISIS-OBC/hal/hal/lib\libHALD.a(RTC.o)
                0x00029064                RTC_start
 .text.RTC_setTime
                0x000290a0      0x2a4 C:/ISIS/ISIS-OBC/hal/hal/lib\libHALD.a(RTC.o)
                0x000290a0                RTC_setTime
 .text.RTC_getTime
                0x00029344      0x230 C:/ISIS/ISIS-OBC/hal/hal/lib\libHALD.a(RTC.o)
                0x00029344                RTC_getTime
 .text.RTC_checkTimeValid
                0x00029574       0xd8 C:/ISIS/ISIS-OBC/hal/hal/lib\libHALD.a(RTC.o)
                0x00029574                RTC_checkTimeValid
 .text.WDT_forceKickEveryNms
                0x0002964c       0x50 C:/ISIS/ISIS-OBC/hal/hal/lib\libHALD.a(WatchDogTimerOS.o)
                0x0002964c                WDT_forceKickEveryNms
 .text.clearPDCtransfers
                0x0002969c       0xe8 C:/ISIS/ISIS-OBC/hal/hal/lib\libHALD.a(SPI.o)
 .text.SPI_start
                0x00029784      0x4b0 C:/ISIS/ISIS-OBC/hal/hal/lib\libHALD.a(SPI.o)
                0x00029784                SPI_start
 .text.SPI_stop
                0x00029c34      0x244 C:/ISIS/ISIS-OBC/hal/hal/lib\libHALD.a(SPI.o)
                0x00029c34                SPI_stop
 .text.SPI_queueTransfer
                0x00029e78      0x1cc C:/ISIS/ISIS-OBC/hal/hal/lib\libHALD.a(SPI.o)
                0x00029e78                SPI_queueTransfer
 .text.SPI_internalCallback
                0x0002a044       0x64 C:/ISIS/ISIS-OBC/hal/hal/lib\libHALD.a(SPI.o)
 .text.SPI_writeRead
                0x0002a0a8      0x1c0 C:/ISIS/ISIS-OBC/hal/hal/lib\libHALD.a(SPI.o)
                0x0002a0a8                SPI_writeRead
 .text.waitForTransfer
                0x0002a268       0x78 C:/ISIS/ISIS-OBC/hal/hal/lib\libHALD.a(SPI.o)
 .text.SPI_getDriverState
                0x0002a2e0       0x58 C:/ISIS/ISIS-OBC/hal/hal/lib\libHALD.a(SPI.o)
                0x0002a2e0                SPI_getDriverState
 .text.isismepsv2_ivid7_piu__correcttime
                0x0002a338       0xd4 C:/ISIS/ISIS-OBC/satellite-subsystems/satellite-subsystems/lib\libSatelliteSubsystemsD.a(isismepsv2_ivid7_piu.o)
                0x0002a338                isismepsv2_ivid7_piu__correcttime
 .text.isismepsv2_ivid7_piu__getsystemstatus
                0x0002a40c       0xc4 C:/ISIS/ISIS-OBC/satellite-subsystems/satellite-subsystems/lib\libSatelliteSubsystemsD.a(isismepsv2_ivid7_piu.o)
                0x0002a40c                isismepsv2_ivid7_piu__getsystemstatus
 .text.isismepsv2_ivid7_piu__outputbuschanneloff
                0x0002a4d0       0xd8 C:/ISIS/ISIS-OBC/satellite-subsystems/satellite-subsystems/lib\libSatelliteSubsystemsD.a(isismepsv2_ivid7_piu.o)
                0x0002a4d0                isismepsv2_ivid7_piu__outputbuschanneloff
 .text.isismepsv2_ivid7_piu__outputbuschannelon
                0x0002a5a8       0xd8 C:/ISIS/ISIS-OBC/satellite-subsystems/satellite-subsystems/lib\libSatelliteSubsystemsD.a(isismepsv2_ivid7_piu.o)
                0x0002a5a8                isismepsv2_ivid7_piu__outputbuschannelon
 .text.isismepsv2_ivid7_piu__outputbusgroupoff
                0x0002a680       0xf8 C:/ISIS/ISIS-OBC/satellite-subsystems/satellite-subsystems/lib\libSatelliteSubsystemsD.a(isismepsv2_ivid7_piu.o)
                0x0002a680                isismepsv2_ivid7_piu__outputbusgroupoff
 .text.isismepsv2_ivid7_piu__outputbusgroupon
                0x0002a778       0xf8 C:/ISIS/ISIS-OBC/satellite-subsystems/satellite-subsystems/lib\libSatelliteSubsystemsD.a(isismepsv2_ivid7_piu.o)
                0x0002a778                isismepsv2_ivid7_piu__outputbusgroupon
 .text.isismepsv2_ivid7_piu__outputbusgroupstate
                0x0002a870       0xf8 C:/ISIS/ISIS-OBC/satellite-subsystems/satellite-subsystems/lib\libSatelliteSubsystemsD.a(isismepsv2_ivid7_piu.o)
                0x0002a870                isismepsv2_ivid7_piu__outputbusgroupstate
 .text.isismepsv2_ivid7_piu__resetwatchdog
                0x0002a968       0xc4 C:/ISIS/ISIS-OBC/satellite-subsystems/satellite-subsystems/lib\libSatelliteSubsystemsD.a(isismepsv2_ivid7_piu.o)
                0x0002a968                isismepsv2_ivid7_piu__resetwatchdog
 .text.isismepsv2_ivid7_piu__setconfigurationparameter
                0x0002aa2c      0x11c C:/ISIS/ISIS-OBC/satellite-subsystems/satellite-subsystems/lib\libSatelliteSubsystemsD.a(isismepsv2_ivid7_piu.o)
                0x0002aa2c                isismepsv2_ivid7_piu__setconfigurationparameter
 .text._ISISMEPSV2_IVID7_PIU_I2C_Send
                0x0002ab48      0x15c C:/ISIS/ISIS-OBC/satellite-subsystems/satellite-subsystems/lib\libSatelliteSubsystemsD.a(isismepsv2_ivid7_piu.o)
 .text.csp_buffer_init
                0x0002aca4       0x98 C:/ISIS/workspace/labsat-obc-master/csp-src\libcspD.a(csp_buffer.o)
                0x0002aca4                csp_buffer_init
 .text.csp_buffer_get_isr
                0x0002ad3c       0xd4 C:/ISIS/workspace/labsat-obc-master/csp-src\libcspD.a(csp_buffer.o)
                0x0002ad3c                csp_buffer_get_isr
 .text.csp_buffer_get
                0x0002ae10       0xd4 C:/ISIS/workspace/labsat-obc-master/csp-src\libcspD.a(csp_buffer.o)
                0x0002ae10                csp_buffer_get
 .text.csp_buffer_free_isr
                0x0002aee4       0xf0 C:/ISIS/workspace/labsat-obc-master/csp-src\libcspD.a(csp_buffer.o)
                0x0002aee4                csp_buffer_free_isr
 .text.csp_buffer_free
                0x0002afd4       0xe4 C:/ISIS/workspace/labsat-obc-master/csp-src\libcspD.a(csp_buffer.o)
                0x0002afd4                csp_buffer_free
 .text.csp_buffer_clone
                0x0002b0b8       0x74 C:/ISIS/workspace/labsat-obc-master/csp-src\libcspD.a(csp_buffer.o)
                0x0002b0b8                csp_buffer_clone
 .text.csp_buffer_remaining
                0x0002b12c       0x28 C:/ISIS/workspace/labsat-obc-master/csp-src\libcspD.a(csp_buffer.o)
                0x0002b12c                csp_buffer_remaining
 .text.csp_buffer_size
                0x0002b154       0x1c C:/ISIS/workspace/labsat-obc-master/csp-src\libcspD.a(csp_buffer.o)
                0x0002b154                csp_buffer_size
 .text.csp_buffer_data_size
                0x0002b170       0x1c C:/ISIS/workspace/labsat-obc-master/csp-src\libcspD.a(csp_buffer.o)
                0x0002b170                csp_buffer_data_size
 .text.atomic_compare_exchange
                0x0002b18c       0x80 C:/ISIS/workspace/labsat-obc-master/csp-src\libcspD.a(csp_conn.o)
                0x0002b18c                atomic_compare_exchange
 .text.csp_conn_check_timeouts
                0x0002b20c       0xc4 C:/ISIS/workspace/labsat-obc-master/csp-src\libcspD.a(csp_conn.o)
                0x0002b20c                csp_conn_check_timeouts
 .text.csp_conn_enqueue_packet
                0x0002b2d0       0x84 C:/ISIS/workspace/labsat-obc-master/csp-src\libcspD.a(csp_conn.o)
                0x0002b2d0                csp_conn_enqueue_packet
 .text.csp_conn_init
                0x0002b354       0xac C:/ISIS/workspace/labsat-obc-master/csp-src\libcspD.a(csp_conn.o)
                0x0002b354                csp_conn_init
 .text.csp_conn_find_existing
                0x0002b400      0x128 C:/ISIS/workspace/labsat-obc-master/csp-src\libcspD.a(csp_conn.o)
                0x0002b400                csp_conn_find_existing
 .text.csp_conn_flush_rx_queue
                0x0002b528       0x64 C:/ISIS/workspace/labsat-obc-master/csp-src\libcspD.a(csp_conn.o)
 .text.csp_conn_allocate
                0x0002b58c      0x160 C:/ISIS/workspace/labsat-obc-master/csp-src\libcspD.a(csp_conn.o)
                0x0002b58c                csp_conn_allocate
 .text.csp_conn_new
                0x0002b6ec       0x90 C:/ISIS/workspace/labsat-obc-master/csp-src\libcspD.a(csp_conn.o)
                0x0002b6ec                csp_conn_new
 .text.csp_close
                0x0002b77c       0x2c C:/ISIS/workspace/labsat-obc-master/csp-src\libcspD.a(csp_conn.o)
                0x0002b77c                csp_close
 .text.csp_conn_close
                0x0002b7a8       0xe0 C:/ISIS/workspace/labsat-obc-master/csp-src\libcspD.a(csp_conn.o)
                0x0002b7a8                csp_conn_close
 .text.csp_conn_dport
                0x0002b888       0x28 C:/ISIS/workspace/labsat-obc-master/csp-src\libcspD.a(csp_conn.o)
                0x0002b888                csp_conn_dport
 .text.csp_crc32_memory
                0x0002b8b0       0xa0 C:/ISIS/workspace/labsat-obc-master/csp-src\libcspD.a(csp_crc32.o)
                0x0002b8b0                csp_crc32_memory
 .text.csp_crc32_append
                0x0002b950       0xf0 C:/ISIS/workspace/labsat-obc-master/csp-src\libcspD.a(csp_crc32.o)
                0x0002b950                csp_crc32_append
 .text.csp_crc32_verify
                0x0002ba40      0x1a8 C:/ISIS/workspace/labsat-obc-master/csp-src\libcspD.a(csp_crc32.o)
                0x0002ba40                csp_crc32_verify
 .text.csp_id1_prepend
                0x0002bbe8       0xfc C:/ISIS/workspace/labsat-obc-master/csp-src\libcspD.a(csp_id.o)
                0x0002bbe8                csp_id1_prepend
 .text.csp_id1_strip
                0x0002bce4      0x15c C:/ISIS/workspace/labsat-obc-master/csp-src\libcspD.a(csp_id.o)
                0x0002bce4                csp_id1_strip
 .text.csp_id1_setup_rx
                0x0002be40       0x38 C:/ISIS/workspace/labsat-obc-master/csp-src\libcspD.a(csp_id.o)
                0x0002be40                csp_id1_setup_rx
 .text.csp_id2_prepend
                0x0002be78      0x1f4 C:/ISIS/workspace/labsat-obc-master/csp-src\libcspD.a(csp_id.o)
                0x0002be78                csp_id2_prepend
 .text.csp_id2_strip
                0x0002c06c      0x274 C:/ISIS/workspace/labsat-obc-master/csp-src\libcspD.a(csp_id.o)
                0x0002c06c                csp_id2_strip
 .text.csp_id2_setup_rx
                0x0002c2e0       0x38 C:/ISIS/workspace/labsat-obc-master/csp-src\libcspD.a(csp_id.o)
                0x0002c2e0                csp_id2_setup_rx
 .text.csp_id_prepend
                0x0002c318       0x40 C:/ISIS/workspace/labsat-obc-master/csp-src\libcspD.a(csp_id.o)
                0x0002c318                csp_id_prepend
 .text.csp_id_strip
                0x0002c358       0x4c C:/ISIS/workspace/labsat-obc-master/csp-src\libcspD.a(csp_id.o)
                0x0002c358                csp_id_strip
 .text.csp_id_setup_rx
                0x0002c3a4       0x4c C:/ISIS/workspace/labsat-obc-master/csp-src\libcspD.a(csp_id.o)
                0x0002c3a4                csp_id_setup_rx
 .text.csp_id_get_host_bits
                0x0002c3f0       0x38 C:/ISIS/workspace/labsat-obc-master/csp-src\libcspD.a(csp_id.o)
                0x0002c3f0                csp_id_get_host_bits
 .text.csp_id_get_max_nodeid
                0x0002c428       0x3c C:/ISIS/workspace/labsat-obc-master/csp-src\libcspD.a(csp_id.o)
                0x0002c428                csp_id_get_max_nodeid
 .text.csp_id_is_broadcast
                0x0002c464       0xf8 C:/ISIS/workspace/labsat-obc-master/csp-src\libcspD.a(csp_id.o)
                0x0002c464                csp_id_is_broadcast
 .text.csp_iflist_get_default
                0x0002c55c       0x24 C:/ISIS/workspace/labsat-obc-master/csp-src\libcspD.a(csp_iflist.o)
                0x0002c55c                csp_iflist_get_default
 .text.csp_iflist_is_within_subnet
                0x0002c580       0xa8 C:/ISIS/workspace/labsat-obc-master/csp-src\libcspD.a(csp_iflist.o)
                0x0002c580                csp_iflist_is_within_subnet
 .text.csp_iflist_get_by_subnet
                0x0002c628       0xb4 C:/ISIS/workspace/labsat-obc-master/csp-src\libcspD.a(csp_iflist.o)
                0x0002c628                csp_iflist_get_by_subnet
 .text.csp_iflist_get_by_name
                0x0002c6dc       0x78 C:/ISIS/workspace/labsat-obc-master/csp-src\libcspD.a(csp_iflist.o)
                0x0002c6dc                csp_iflist_get_by_name
 .text.csp_iflist_add
                0x0002c754       0xd8 C:/ISIS/workspace/labsat-obc-master/csp-src\libcspD.a(csp_iflist.o)
                0x0002c754                csp_iflist_add
 .text.csp_init
                0x0002c82c       0x8c C:/ISIS/workspace/labsat-obc-master/csp-src\libcspD.a(csp_init.o)
                0x0002c82c                csp_init
 .text.csp_accept
                0x0002c8b8       0x88 C:/ISIS/workspace/labsat-obc-master/csp-src\libcspD.a(csp_io.o)
                0x0002c8b8                csp_accept
 .text.csp_read
                0x0002c940       0xec C:/ISIS/workspace/labsat-obc-master/csp-src\libcspD.a(csp_io.o)
                0x0002c940                csp_read
 .text.csp_id_copy
                0x0002ca2c       0xf0 C:/ISIS/workspace/labsat-obc-master/csp-src\libcspD.a(csp_io.o)
                0x0002ca2c                csp_id_copy
 .text.csp_send_direct
                0x0002cb1c      0x39c C:/ISIS/workspace/labsat-obc-master/csp-src\libcspD.a(csp_io.o)
                0x0002cb1c                csp_send_direct
 .text.csp_output_hook
                0x0002ceb8      0x13c C:/ISIS/workspace/labsat-obc-master/csp-src\libcspD.a(csp_io.o)
                0x0002ceb8                csp_output_hook
 .text.csp_send_direct_iface
                0x0002cff4      0x194 C:/ISIS/workspace/labsat-obc-master/csp-src\libcspD.a(csp_io.o)
                0x0002cff4                csp_send_direct_iface
 .text.csp_send
                0x0002d188       0xa8 C:/ISIS/workspace/labsat-obc-master/csp-src\libcspD.a(csp_io.o)
                0x0002d188                csp_send
 .text.csp_sendto
                0x0002d230      0x110 C:/ISIS/workspace/labsat-obc-master/csp-src\libcspD.a(csp_io.o)
                0x0002d230                csp_sendto
 .text.csp_sendto_reply
                0x0002d340       0x88 C:/ISIS/workspace/labsat-obc-master/csp-src\libcspD.a(csp_io.o)
                0x0002d340                csp_sendto_reply
 .text.csp_port_get_callback
                0x0002d3c8       0xa8 C:/ISIS/workspace/labsat-obc-master/csp-src\libcspD.a(csp_port.o)
                0x0002d3c8                csp_port_get_callback
 .text.csp_port_get_socket
                0x0002d470       0xa8 C:/ISIS/workspace/labsat-obc-master/csp-src\libcspD.a(csp_port.o)
                0x0002d470                csp_port_get_socket
 .text.csp_listen
                0x0002d518       0x3c C:/ISIS/workspace/labsat-obc-master/csp-src\libcspD.a(csp_port.o)
                0x0002d518                csp_listen
 .text.csp_bind
                0x0002d554       0xd8 C:/ISIS/workspace/labsat-obc-master/csp-src\libcspD.a(csp_port.o)
                0x0002d554                csp_bind
 .text.csp_qfifo_init
                0x0002d62c       0x28 C:/ISIS/workspace/labsat-obc-master/csp-src\libcspD.a(csp_qfifo.o)
                0x0002d62c                csp_qfifo_init
 .text.csp_qfifo_read
                0x0002d654       0x50 C:/ISIS/workspace/labsat-obc-master/csp-src\libcspD.a(csp_qfifo.o)
                0x0002d654                csp_qfifo_read
 .text.csp_qfifo_write
                0x0002d6a4      0x13c C:/ISIS/workspace/labsat-obc-master/csp-src\libcspD.a(csp_qfifo.o)
                0x0002d6a4                csp_qfifo_write
 .text.csp_rdp_header_add
                0x0002d7e0       0x8c C:/ISIS/workspace/labsat-obc-master/csp-src\libcspD.a(csp_rdp.o)
 .text.csp_rdp_header_remove
                0x0002d86c       0x60 C:/ISIS/workspace/labsat-obc-master/csp-src\libcspD.a(csp_rdp.o)
 .text.csp_rdp_header_ref
                0x0002d8cc       0x44 C:/ISIS/workspace/labsat-obc-master/csp-src\libcspD.a(csp_rdp.o)
 .text.csp_rdp_seq_between
                0x0002d910       0x64 C:/ISIS/workspace/labsat-obc-master/csp-src\libcspD.a(csp_rdp.o)
 .text.csp_rdp_seq_before
                0x0002d974       0x50 C:/ISIS/workspace/labsat-obc-master/csp-src\libcspD.a(csp_rdp.o)
 .text.csp_rdp_seq_after
                0x0002d9c4       0x40 C:/ISIS/workspace/labsat-obc-master/csp-src\libcspD.a(csp_rdp.o)
 .text.csp_rdp_time_before
                0x0002da04       0x38 C:/ISIS/workspace/labsat-obc-master/csp-src\libcspD.a(csp_rdp.o)
 .text.csp_rdp_time_after
                0x0002da3c       0x30 C:/ISIS/workspace/labsat-obc-master/csp-src\libcspD.a(csp_rdp.o)
 .text.csp_rdp_send_cmp
                0x0002da6c      0x420 C:/ISIS/workspace/labsat-obc-master/csp-src\libcspD.a(csp_rdp.o)
 .text.csp_rdp_send_eack
                0x0002de8c      0x254 C:/ISIS/workspace/labsat-obc-master/csp-src\libcspD.a(csp_rdp.o)
 .text.csp_rdp_receive_data
                0x0002e0e0       0xa8 C:/ISIS/workspace/labsat-obc-master/csp-src\libcspD.a(csp_rdp.o)
 .text.csp_rdp_rx_queue_flush
                0x0002e188      0x208 C:/ISIS/workspace/labsat-obc-master/csp-src\libcspD.a(csp_rdp.o)
 .text.csp_rdp_seq_in_rx_queue
                0x0002e390      0x158 C:/ISIS/workspace/labsat-obc-master/csp-src\libcspD.a(csp_rdp.o)
 .text.csp_rdp_rx_queue_add
                0x0002e4e8       0x5c C:/ISIS/workspace/labsat-obc-master/csp-src\libcspD.a(csp_rdp.o)
 .text.csp_rdp_flush_eack
                0x0002e544      0x360 C:/ISIS/workspace/labsat-obc-master/csp-src\libcspD.a(csp_rdp.o)
 .text.csp_rdp_should_ack
                0x0002e8a4       0xc0 C:/ISIS/workspace/labsat-obc-master/csp-src\libcspD.a(csp_rdp.o)
 .text.csp_rdp_check_ack
                0x0002e964       0x8c C:/ISIS/workspace/labsat-obc-master/csp-src\libcspD.a(csp_rdp.o)
                0x0002e964                csp_rdp_check_ack
 .text.csp_rdp_is_conn_ready_for_tx
                0x0002e9f0       0x78 C:/ISIS/workspace/labsat-obc-master/csp-src\libcspD.a(csp_rdp.o)
 .text.csp_rdp_check_timeouts
                0x0002ea68      0x410 C:/ISIS/workspace/labsat-obc-master/csp-src\libcspD.a(csp_rdp.o)
                0x0002ea68                csp_rdp_check_timeouts
 .text.csp_rdp_new_packet
                0x0002ee78     0x143c C:/ISIS/workspace/labsat-obc-master/csp-src\libcspD.a(csp_rdp.o)
                0x0002ee78                csp_rdp_new_packet
 .text.csp_rdp_send
                0x000302b4      0x4b8 C:/ISIS/workspace/labsat-obc-master/csp-src\libcspD.a(csp_rdp.o)
                0x000302b4                csp_rdp_send
 .text.csp_rdp_init
                0x0003076c       0x68 C:/ISIS/workspace/labsat-obc-master/csp-src\libcspD.a(csp_rdp.o)
                0x0003076c                csp_rdp_init
 .text.csp_rdp_close
                0x000307d4       0x3c C:/ISIS/workspace/labsat-obc-master/csp-src\libcspD.a(csp_rdp.o)
                0x000307d4                csp_rdp_close
 .text.csp_rdp_close_internal
                0x00030810      0x26c C:/ISIS/workspace/labsat-obc-master/csp-src\libcspD.a(csp_rdp.o)
 .text.csp_rdp_queue_init
                0x00030a7c       0x44 C:/ISIS/workspace/labsat-obc-master/csp-src\libcspD.a(csp_rdp_queue.o)
                0x00030a7c                csp_rdp_queue_init
 .text.csp_rdp_queue_flush
                0x00030ac0       0xf8 C:/ISIS/workspace/labsat-obc-master/csp-src\libcspD.a(csp_rdp_queue.o)
                0x00030ac0                csp_rdp_queue_flush
 .text.csp_rdp_queue_tx_size
                0x00030bb8       0x28 C:/ISIS/workspace/labsat-obc-master/csp-src\libcspD.a(csp_rdp_queue.o)
                0x00030bb8                csp_rdp_queue_tx_size
 .text.csp_rdp_queue_tx_add
                0x00030be0       0x60 C:/ISIS/workspace/labsat-obc-master/csp-src\libcspD.a(csp_rdp_queue.o)
                0x00030be0                csp_rdp_queue_tx_add
 .text.csp_rdp_queue_tx_get
                0x00030c40       0xc0 C:/ISIS/workspace/labsat-obc-master/csp-src\libcspD.a(csp_rdp_queue.o)
                0x00030c40                csp_rdp_queue_tx_get
 .text.csp_rdp_queue_rx_size
                0x00030d00       0x28 C:/ISIS/workspace/labsat-obc-master/csp-src\libcspD.a(csp_rdp_queue.o)
                0x00030d00                csp_rdp_queue_rx_size
 .text.csp_rdp_queue_rx_add
                0x00030d28       0x60 C:/ISIS/workspace/labsat-obc-master/csp-src\libcspD.a(csp_rdp_queue.o)
                0x00030d28                csp_rdp_queue_rx_add
 .text.csp_rdp_queue_rx_get
                0x00030d88       0xc0 C:/ISIS/workspace/labsat-obc-master/csp-src\libcspD.a(csp_rdp_queue.o)
                0x00030d88                csp_rdp_queue_rx_get
 .text.csp_route_check_options
                0x00030e48       0x28 C:/ISIS/workspace/labsat-obc-master/csp-src\libcspD.a(csp_route.o)
 .text.csp_route_security_check
                0x00030e70      0x14c C:/ISIS/workspace/labsat-obc-master/csp-src\libcspD.a(csp_route.o)
 .text.csp_input_hook
                0x00030fbc       0xc4 C:/ISIS/workspace/labsat-obc-master/csp-src\libcspD.a(csp_route.o)
                0x00030fbc                csp_input_hook
 .text.csp_route_work
                0x00031080      0xa40 C:/ISIS/workspace/labsat-obc-master/csp-src\libcspD.a(csp_route.o)
                0x00031080                csp_route_work
 .text.csp_rtable_find_exact
                0x00031ac0       0xdc C:/ISIS/workspace/labsat-obc-master/csp-src\libcspD.a(csp_rtable_cidr.o)
 .text.csp_rtable_find_route
                0x00031b9c      0x188 C:/ISIS/workspace/labsat-obc-master/csp-src\libcspD.a(csp_rtable_cidr.o)
                0x00031b9c                csp_rtable_find_route
 .text.csp_rtable_set_internal
                0x00031d24       0xd4 C:/ISIS/workspace/labsat-obc-master/csp-src\libcspD.a(csp_rtable_cidr.o)
                0x00031d24                csp_rtable_set_internal
 .text.csp_rtable_set
                0x00031df8       0xbc C:/ISIS/workspace/labsat-obc-master/csp-src\libcspD.a(csp_rtable_cidr.o)
                0x00031df8                csp_rtable_set
 .text.do_cmp_ident
                0x00031eb4      0x118 C:/ISIS/workspace/labsat-obc-master/csp-src\libcspD.a(csp_service_handler.o)
 .text.do_cmp_route_set_v1
                0x00031fcc       0x8c C:/ISIS/workspace/labsat-obc-master/csp-src\libcspD.a(csp_service_handler.o)
 .text.do_cmp_route_set_v2
                0x00032058      0x140 C:/ISIS/workspace/labsat-obc-master/csp-src\libcspD.a(csp_service_handler.o)
 .text.do_cmp_if_stats
                0x00032198      0x5c0 C:/ISIS/workspace/labsat-obc-master/csp-src\libcspD.a(csp_service_handler.o)
 .text.do_cmp_peek
                0x00032758      0x144 C:/ISIS/workspace/labsat-obc-master/csp-src\libcspD.a(csp_service_handler.o)
 .text.do_cmp_poke
                0x0003289c      0x144 C:/ISIS/workspace/labsat-obc-master/csp-src\libcspD.a(csp_service_handler.o)
 .text.do_cmp_clock
                0x000329e0      0x24c C:/ISIS/workspace/labsat-obc-master/csp-src\libcspD.a(csp_service_handler.o)
 .text.csp_cmp_handler
                0x00032c2c      0x138 C:/ISIS/workspace/labsat-obc-master/csp-src\libcspD.a(csp_service_handler.o)
 .text.csp_service_handler
                0x00032d64      0x2b4 C:/ISIS/workspace/labsat-obc-master/csp-src\libcspD.a(csp_service_handler.o)
                0x00032d64                csp_service_handler
 .text.csp_clock_get_time
                0x00033018       0x34 C:/ISIS/workspace/labsat-obc-master/csp-src\libcspD.a(csp_clock.o)
                0x00033018                csp_clock_get_time
 .text.csp_clock_set_time
                0x0003304c       0x24 C:/ISIS/workspace/labsat-obc-master/csp-src\libcspD.a(csp_clock.o)
                0x0003304c                csp_clock_set_time
 .text.csp_queue_create
                0x00033070       0x38 C:/ISIS/workspace/labsat-obc-master/csp-src\libcspD.a(csp_queue.o)
                0x00033070                csp_queue_create
 .text.csp_queue_enqueue
                0x000330a8       0x58 C:/ISIS/workspace/labsat-obc-master/csp-src\libcspD.a(csp_queue.o)
                0x000330a8                csp_queue_enqueue
 .text.csp_queue_enqueue_isr
                0x00033100       0x50 C:/ISIS/workspace/labsat-obc-master/csp-src\libcspD.a(csp_queue.o)
                0x00033100                csp_queue_enqueue_isr
 .text.csp_queue_dequeue
                0x00033150       0x58 C:/ISIS/workspace/labsat-obc-master/csp-src\libcspD.a(csp_queue.o)
                0x00033150                csp_queue_dequeue
 .text.csp_queue_dequeue_isr
                0x000331a8       0x4c C:/ISIS/workspace/labsat-obc-master/csp-src\libcspD.a(csp_queue.o)
                0x000331a8                csp_queue_dequeue_isr
 .text.csp_queue_size
                0x000331f4       0x28 C:/ISIS/workspace/labsat-obc-master/csp-src\libcspD.a(csp_queue.o)
                0x000331f4                csp_queue_size
 .text.csp_queue_free
                0x0003321c       0x28 C:/ISIS/workspace/labsat-obc-master/csp-src\libcspD.a(csp_queue.o)
                0x0003321c                csp_queue_free
 .text.csp_bin_sem_init
                0x00033244       0x2c C:/ISIS/workspace/labsat-obc-master/csp-src\libcspD.a(csp_semaphore.o)
                0x00033244                csp_bin_sem_init
 .text.csp_bin_sem_wait
                0x00033270       0x5c C:/ISIS/workspace/labsat-obc-master/csp-src\libcspD.a(csp_semaphore.o)
                0x00033270                csp_bin_sem_wait
 .text.csp_bin_sem_post
                0x000332cc       0x40 C:/ISIS/workspace/labsat-obc-master/csp-src\libcspD.a(csp_semaphore.o)
                0x000332cc                csp_bin_sem_post
 .text.csp_get_ms
                0x0003330c       0x18 C:/ISIS/workspace/labsat-obc-master/csp-src\libcspD.a(csp_time.o)
                0x0003330c                csp_get_ms
 .text.csp_get_s
                0x00033324       0x28 C:/ISIS/workspace/labsat-obc-master/csp-src\libcspD.a(csp_time.o)
                0x00033324                csp_get_s
 .text.csp_hmac_init
                0x0003334c      0x160 C:/ISIS/workspace/labsat-obc-master/csp-src\libcspD.a(csp_hmac.o)
 .text.csp_hmac_process
                0x000334ac       0x5c C:/ISIS/workspace/labsat-obc-master/csp-src\libcspD.a(csp_hmac.o)
 .text.csp_hmac_done
                0x00033508      0x118 C:/ISIS/workspace/labsat-obc-master/csp-src\libcspD.a(csp_hmac.o)
 .text.csp_hmac_memory
                0x00033620       0xcc C:/ISIS/workspace/labsat-obc-master/csp-src\libcspD.a(csp_hmac.o)
                0x00033620                csp_hmac_memory
 .text.csp_hmac_append
                0x000336ec      0x134 C:/ISIS/workspace/labsat-obc-master/csp-src\libcspD.a(csp_hmac.o)
                0x000336ec                csp_hmac_append
 .text.csp_hmac_verify
                0x00033820      0x160 C:/ISIS/workspace/labsat-obc-master/csp-src\libcspD.a(csp_hmac.o)
                0x00033820                csp_hmac_verify
 .text.csp_sha1_compress
                0x00033980      0xb9c C:/ISIS/workspace/labsat-obc-master/csp-src\libcspD.a(csp_sha1.o)
 .text.csp_sha1_init
                0x0003451c       0x88 C:/ISIS/workspace/labsat-obc-master/csp-src\libcspD.a(csp_sha1.o)
                0x0003451c                csp_sha1_init
 .text.csp_sha1_process
                0x000345a4      0x164 C:/ISIS/workspace/labsat-obc-master/csp-src\libcspD.a(csp_sha1.o)
                0x000345a4                csp_sha1_process
 .text.csp_sha1_done
                0x00034708      0x350 C:/ISIS/workspace/labsat-obc-master/csp-src\libcspD.a(csp_sha1.o)
                0x00034708                csp_sha1_done
 .text.csp_sha1_memory
                0x00034a58       0x50 C:/ISIS/workspace/labsat-obc-master/csp-src\libcspD.a(csp_sha1.o)
                0x00034a58                csp_sha1_memory
 .text.csp_kiss_tx
                0x00034aa8      0x1c4 C:/ISIS/workspace/labsat-obc-master/csp-src\libcspD.a(csp_if_kiss.o)
                0x00034aa8                csp_kiss_tx
 .text.csp_kiss_rx
                0x00034c6c      0x39c C:/ISIS/workspace/labsat-obc-master/csp-src\libcspD.a(csp_if_kiss.o)
                0x00034c6c                csp_kiss_rx
 .text.csp_kiss_add_interface
                0x00035008      0x11c C:/ISIS/workspace/labsat-obc-master/csp-src\libcspD.a(csp_if_kiss.o)
                0x00035008                csp_kiss_add_interface
 .text.csp_lo_tx
                0x00035124       0x40 C:/ISIS/workspace/labsat-obc-master/csp-src\libcspD.a(csp_if_lo.o)
 .text.csp_dedup_is_duplicate
                0x00035164      0x110 C:/ISIS/workspace/labsat-obc-master/csp-src\libcspD.a(csp_dedup.o)
                0x00035164                csp_dedup_is_duplicate
 .text          0x00035274      0x114 c:/isis/application/toolchain/bin/../lib/gcc/arm-none-eabi/4.7.4\libgcc.a(_udivsi3.o)
                0x00035274                __aeabi_uidiv
                0x00035274                __udivsi3
                0x00035368                __aeabi_uidivmod
 .text          0x00035388      0x148 c:/isis/application/toolchain/bin/../lib/gcc/arm-none-eabi/4.7.4\libgcc.a(_divsi3.o)
                0x00035388                __divsi3
                0x00035388                __aeabi_idiv
                0x000354b0                __aeabi_idivmod
 .text          0x000354d0        0x4 c:/isis/application/toolchain/bin/../lib/gcc/arm-none-eabi/4.7.4\libgcc.a(_dvmd_tls.o)
                0x000354d0                __aeabi_idiv0
                0x000354d0                __aeabi_ldiv0
 .text.__register_exitproc
                0x000354d4       0xf4 c:/isis/application/toolchain/bin/../lib/gcc/arm-none-eabi/4.7.4/../../../../arm-none-eabi/lib\libg.a(lib_a-__atexit.o)
                0x000354d4                __register_exitproc
 .text.__errno  0x000355c8       0x10 c:/isis/application/toolchain/bin/../lib/gcc/arm-none-eabi/4.7.4/../../../../arm-none-eabi/lib\libg.a(lib_a-errno.o)
                0x000355c8                __errno
 .text._fflush_r
                0x000355d8      0x250 c:/isis/application/toolchain/bin/../lib/gcc/arm-none-eabi/4.7.4/../../../../arm-none-eabi/lib\libg.a(lib_a-fflush.o)
                0x000355d8                _fflush_r
 .text.fflush   0x00035828       0x40 c:/isis/application/toolchain/bin/../lib/gcc/arm-none-eabi/4.7.4/../../../../arm-none-eabi/lib\libg.a(lib_a-fflush.o)
                0x00035828                fflush
 .text._cleanup_r
                0x00035868       0x18 c:/isis/application/toolchain/bin/../lib/gcc/arm-none-eabi/4.7.4/../../../../arm-none-eabi/lib\libg.a(lib_a-findfp.o)
                0x00035868                _cleanup_r
 .text.std.isra.0
                0x00035880       0x7c c:/isis/application/toolchain/bin/../lib/gcc/arm-none-eabi/4.7.4/../../../../arm-none-eabi/lib\libg.a(lib_a-findfp.o)
 .text.__sinit  0x000358fc       0x78 c:/isis/application/toolchain/bin/../lib/gcc/arm-none-eabi/4.7.4/../../../../arm-none-eabi/lib\libg.a(lib_a-findfp.o)
                0x000358fc                __sinit
 .text.__sfp_lock_acquire
                0x00035974        0x4 c:/isis/application/toolchain/bin/../lib/gcc/arm-none-eabi/4.7.4/../../../../arm-none-eabi/lib\libg.a(lib_a-findfp.o)
                0x00035974                __sfp_lock_acquire
 .text.__sfp_lock_release
                0x00035978        0x4 c:/isis/application/toolchain/bin/../lib/gcc/arm-none-eabi/4.7.4/../../../../arm-none-eabi/lib\libg.a(lib_a-findfp.o)
                0x00035978                __sfp_lock_release
 .text.__libc_fini_array
                0x0003597c       0x44 c:/isis/application/toolchain/bin/../lib/gcc/arm-none-eabi/4.7.4/../../../../arm-none-eabi/lib\libg.a(lib_a-fini.o)
                0x0003597c                __libc_fini_array
 .text._malloc_trim_r
                0x000359c0       0xfc c:/isis/application/toolchain/bin/../lib/gcc/arm-none-eabi/4.7.4/../../../../arm-none-eabi/lib\libg.a(lib_a-freer.o)
                0x000359c0                _malloc_trim_r
 .text._free_r  0x00035abc      0x26c c:/isis/application/toolchain/bin/../lib/gcc/arm-none-eabi/4.7.4/../../../../arm-none-eabi/lib\libg.a(lib_a-freer.o)
                0x00035abc                _free_r
 .text._fwalk   0x00035d28       0x88 c:/isis/application/toolchain/bin/../lib/gcc/arm-none-eabi/4.7.4/../../../../arm-none-eabi/lib\libg.a(lib_a-fwalk.o)
                0x00035d28                _fwalk
 .text._fwalk_reent
                0x00035db0       0x8c c:/isis/application/toolchain/bin/../lib/gcc/arm-none-eabi/4.7.4/../../../../arm-none-eabi/lib\libg.a(lib_a-fwalk.o)
                0x00035db0                _fwalk_reent
 .text.__libc_init_array