Archive member included because of file (symbol)

C:/ISIS/ISIS-OBC/isis-obc-first-project/..//hal/hal/lib\libHALD.a(LED.o)
                              ./src/main.o (LED_start)
C:/ISIS/ISIS-OBC/isis-obc-first-project/..//hal/hal/lib\libHALD.a(WatchDogTimerNoOS.o)
                              ./src/main.o (WDT_start)
C:/ISIS/ISIS-OBC/isis-obc-first-project/..//hal/hal/lib\libHALD.a(WatchDogTimerOS.o)
                              ./src/main.o (WDT_startWatchdogKickTask)
C:/ISIS/ISIS-OBC/isis-obc-first-project/..//hal/hal/lib\libHALD.a(version.o)
                              ./src/main.o (HalVersionMajor)
C:/ISIS/ISIS-OBC/isis-obc-first-project/..//hal/freertos/lib\libFreeRTOSD.a(tasks.o)
                              ./src/main.o (xTaskGenericCreate)
C:/ISIS/ISIS-OBC/isis-obc-first-project/..//hal/freertos/lib\libFreeRTOSD.a(timers.o)
                              C:/ISIS/ISIS-OBC/isis-obc-first-project/..//hal/freertos/lib\libFreeRTOSD.a(tasks.o) (xTimerCreateTimerTask)
C:/ISIS/ISIS-OBC/isis-obc-first-project/..//hal/freertos/lib\libFreeRTOSD.a(hooks.o)
                              C:/ISIS/ISIS-OBC/isis-obc-first-project/..//hal/freertos/lib\libFreeRTOSD.a(tasks.o) (vApplicationStackOverflowHook)
C:/ISIS/ISIS-OBC/isis-obc-first-project/..//hal/freertos/lib\libFreeRTOSD.a(standardMemMang.o)
                              C:/ISIS/ISIS-OBC/isis-obc-first-project/..//hal/freertos/lib\libFreeRTOSD.a(tasks.o) (pvPortMalloc)
C:/ISIS/ISIS-OBC/isis-obc-first-project/..//hal/freertos/lib\libFreeRTOSD.a(port.o)
                              C:/ISIS/ISIS-OBC/isis-obc-first-project/..//hal/freertos/lib\libFreeRTOSD.a(tasks.o) (pxPortInitialiseStack)
C:/ISIS/ISIS-OBC/isis-obc-first-project/..//hal/freertos/lib\libFreeRTOSD.a(queue.o)
                              C:/ISIS/ISIS-OBC/isis-obc-first-project/..//hal/freertos/lib\libFreeRTOSD.a(timers.o) (xQueueGenericCreate)
C:/ISIS/ISIS-OBC/isis-obc-first-project/..//hal/freertos/lib\libFreeRTOSD.a(list.o)
                              C:/ISIS/ISIS-OBC/isis-obc-first-project/..//hal/freertos/lib\libFreeRTOSD.a(tasks.o) (vListInitialise)
C:/ISIS/ISIS-OBC/isis-obc-first-project/..//hal/at91/lib\libAt91D.a(syscalls.o)
                              ./src/main.o (exit)
C:/ISIS/ISIS-OBC/isis-obc-first-project/..//hal/at91/lib\libAt91D.a(aic.o)
                              C:/ISIS/ISIS-OBC/isis-obc-first-project/..//hal/freertos/lib\libFreeRTOSD.a(port.o) (AIC_ConfigureIT)
C:/ISIS/ISIS-OBC/isis-obc-first-project/..//hal/at91/lib\libAt91D.a(cp15.o)
                              ./src/main.o (CP15_Enable_I_Cache)
C:/ISIS/ISIS-OBC/isis-obc-first-project/..//hal/at91/lib\libAt91D.a(dbgu.o)
                              ./src/main.o (DBGU_Configure)
C:/ISIS/ISIS-OBC/isis-obc-first-project/..//hal/at91/lib\libAt91D.a(pio.o)
                              ./src/main.o (PIO_Configure)
C:/ISIS/ISIS-OBC/isis-obc-first-project/..//hal/at91/lib\libAt91D.a(pit.o)
                              C:/ISIS/ISIS-OBC/isis-obc-first-project/..//hal/freertos/lib\libFreeRTOSD.a(port.o) (PIT_Init)
C:/ISIS/ISIS-OBC/isis-obc-first-project/..//hal/at91/lib\libAt91D.a(ExitHandler.o)
                              C:/ISIS/ISIS-OBC/isis-obc-first-project/..//hal/freertos/lib\libFreeRTOSD.a(hooks.o) (restart)
C:/ISIS/ISIS-OBC/isis-obc-first-project/..//hal/at91/lib\libAt91D.a(board_cstartup.o)
                              (entry)
C:/ISIS/ISIS-OBC/isis-obc-first-project/..//hal/at91/lib\libAt91D.a(cp15_asm.o)
                              C:/ISIS/ISIS-OBC/isis-obc-first-project/..//hal/at91/lib\libAt91D.a(cp15.o) (_readControlRegister)
C:/ISIS/ISIS-OBC/isis-obc-first-project/..//hal/at91/lib\libAt91D.a(board_lowlevel.o)
                              C:/ISIS/ISIS-OBC/isis-obc-first-project/..//hal/at91/lib\libAt91D.a(board_cstartup.o) (LowLevelInit)
C:/ISIS/ISIS-OBC/isis-obc-first-project/..//hal/at91/lib\libAt91D.a(board_memories.o)
                              C:/ISIS/ISIS-OBC/isis-obc-first-project/..//hal/at91/lib\libAt91D.a(board_lowlevel.o) (BOARD_RemapRam)
c:/isis/application/toolchain/bin/../lib/gcc/arm-none-eabi/4.7.4\libgcc.a(_udivsi3.o)
                              C:/ISIS/ISIS-OBC/isis-obc-first-project/..//hal/at91/lib\libAt91D.a(dbgu.o) (__aeabi_uidiv)
c:/isis/application/toolchain/bin/../lib/gcc/arm-none-eabi/4.7.4\libgcc.a(_dvmd_tls.o)
                              c:/isis/application/toolchain/bin/../lib/gcc/arm-none-eabi/4.7.4\libgcc.a(_udivsi3.o) (__aeabi_idiv0)
c:/isis/application/toolchain/bin/../lib/gcc/arm-none-eabi/4.7.4/../../../../arm-none-eabi/lib\libg.a(lib_a-errno.o)
                              C:/ISIS/ISIS-OBC/isis-obc-first-project/..//hal/freertos/lib\libFreeRTOSD.a(hooks.o) (__errno)
c:/isis/application/toolchain/bin/../lib/gcc/arm-none-eabi/4.7.4/../../../../arm-none-eabi/lib\libg.a(lib_a-fflush.o)
                              C:/ISIS/ISIS-OBC/isis-obc-first-project/..//hal/at91/lib\libAt91D.a(cp15.o) (fflush)
[...]
Memory Configuration

Name             Origin             Length             Attributes
sram0            0x00200000         0x00004000         w !xr
sram1            0x00300000         0x00004000         w !xr
sdram            0x20000000         0x02000000         w !xr
*default*        0x00000000         0xffffffff

Linker script and memory map

LOAD c:/isis/application/toolchain/bin/../lib/gcc/arm-none-eabi/4.7.4/../../../../arm-none-eabi/lib\libc.a
LOAD ./src/main.o
LOAD C:/ISIS/ISIS-OBC/isis-obc-first-project/..//hal/hal/lib\libHALD.a
LOAD C:/ISIS/ISIS-OBC/isis-obc-first-project/..//hal/freertos/lib\libFreeRTOSD.a
LOAD C:/ISIS/ISIS-OBC/isis-obc-first-project/..//hal/at91/lib\libAt91D.a
START GROUP
LOAD c:/isis/application/toolchain/bin/../lib/gcc/arm-none-eabi/4.7.4\libgcc.a
LOAD c:/isis/application/toolchain/bin/../lib/gcc/arm-none-eabi/4.7.4/../../../../arm-none-eabi/lib\libg.a
LOAD c:/isis/application/toolchain/bin/../lib/gcc/arm-none-eabi/4.7.4/../../../../arm-none-eabi/lib\libc.a
END GROUP

.fixed          0x20000000     0xf3d4
                0x20000000                . = ALIGN (0x4)
                0x20000000                _sfixed = .
 *(.startup)
 .startup       0x20000000      0x184 C:/ISIS/ISIS-OBC/isis-obc-first-project/..//hal/at91/lib\libAt91D.a(board_cstartup.o)
                0x20000000                entry
 *(.text)
 .text          0x20000184       0x64 C:/ISIS/ISIS-OBC/isis-obc-first-project/..//hal/at91/lib\libAt91D.a(cp15_asm.o)
                0x20000184                _readControlRegister
                0x20000190                _writeControlRegister
                0x20000198                _waitForInterrupt
                0x200001a4                _writeTTB
                0x200001ac                _writeDomain
                0x200001b4                _writeITLBLockdown
                0x200001bc                _prefetchICacheLine
                0x200001c4                _flushDCache
                0x200001d0                _flushWriteBuffer
                0x200001dc                _invalidateIDTLBs
 .text          0x200001e8      0x114 c:/isis/application/toolchain/bin/../lib/gcc/arm-none-eabi/4.7.4\libgcc.a(_udivsi3.o)
                0x200001e8                __aeabi_uidiv
                0x200001e8                __udivsi3
                0x200002dc                __aeabi_uidivmod
 .text          0x200002fc        0x4 c:/isis/application/toolchain/bin/../lib/gcc/arm-none-eabi/4.7.4\libgcc.a(_dvmd_tls.o)
                0x200002fc                __aeabi_idiv0
                0x200002fc                __aeabi_ldiv0
 .text          0x20000300      0x41c c:/isis/application/toolchain/bin/../lib/gcc/arm-none-eabi/4.7.4\libgcc.a(_arm_addsubdf3.o)
                0x20000300                __aeabi_drsub
                0x20000308                __aeabi_dsub
                0x20000308                __subdf3
                0x2000030c                __aeabi_dadd
                0x2000030c                __adddf3
                0x2000061c                __floatunsidf
                0x2000061c                __aeabi_ui2d
                0x20000640                __floatsidf
                0x20000640                __aeabi_i2d
                0x20000668                __aeabi_f2d
                0x20000668                __extendsfdf2
                0x200006a8                __floatundidf
                0x200006a8                __aeabi_ul2d
                0x200006bc                __floatdidf
                0x200006bc                __aeabi_l2d
 .text          0x2000071c      0x49c c:/isis/application/toolchain/bin/../lib/gcc/arm-none-eabi/4.7.4\libgcc.a(_arm_muldivdf3.o)
                0x2000071c                __aeabi_dmul
                0x2000071c                __muldf3
                0x200009ac                __divdf3
                0x200009ac                __aeabi_ddiv
 .text          0x20000bb8      0x144 c:/isis/application/toolchain/bin/../lib/gcc/arm-none-eabi/4.7.4\libgcc.a(_arm_cmpdf2.o)
                0x20000bb8                __gtdf2
                0x20000bb8                __gedf2
                0x20000bc0                __ltdf2
                0x20000bc0                __ledf2
                0x20000bc8                __nedf2
                0x20000bc8                __eqdf2
                0x20000bc8                __cmpdf2
                0x20000c50                __aeabi_cdrcmple
                0x20000c6c                __aeabi_cdcmpeq
                0x20000c6c                __aeabi_cdcmple
                0x20000c84                __aeabi_dcmpeq
                0x20000c9c                __aeabi_dcmplt
                0x20000cb4                __aeabi_dcmple
                0x20000ccc                __aeabi_dcmpge
                0x20000ce4                __aeabi_dcmpgt
 .text          0x20000cfc       0x5c c:/isis/application/toolchain/bin/../lib/gcc/arm-none-eabi/4.7.4\libgcc.a(_arm_fixdfsi.o)
                0x20000cfc                __aeabi_d2iz
                0x20000cfc                __fixdfsi
 .text          0x20000d58       0x3c c:/isis/application/toolchain/bin/../lib/gcc/arm-none-eabi/4.7.4\libgcc.a(_aeabi_uldivmod.o)
                0x20000d58                __aeabi_uldivmod
 .text          0x20000d94       0x84 c:/isis/application/toolchain/bin/../lib/gcc/arm-none-eabi/4.7.4\libgcc.a(bpabi.o)
                0x20000d94                __gnu_ldivmod_helper
                0x20000dd8                __gnu_uldivmod_helper
 .text          0x20000e18      0x4f0 c:/isis/application/toolchain/bin/../lib/gcc/arm-none-eabi/4.7.4\libgcc.a(_divdi3.o)
                0x20000e18                __divdi3
 .text          0x20001308      0x488 c:/isis/application/toolchain/bin/../lib/gcc/arm-none-eabi/4.7.4\libgcc.a(_udivdi3.o)
                0x20001308                __udivdi3
 .text          0x20001790       0x48 c:/isis/application/toolchain/bin/../lib/gcc/arm-none-eabi/4.7.4\libgcc.a(_clzsi2.o)
                0x20001790                __clzsi2
 *(.text*)
 .text.taskMain
                0x200017d8       0x48 ./src/main.o
                0x200017d8                taskMain
 .text.main     0x20001820      0x120 ./src/main.o
                0x20001820                main
 .text.uSdelay  0x20001940       0x88 C:/ISIS/ISIS-OBC/isis-obc-first-project/..//hal/hal/lib\libHALD.a(LED.o)
 .text.LED_start
                0x200019c8       0x1c C:/ISIS/ISIS-OBC/isis-obc-first-project/..//hal/hal/lib\libHALD.a(LED.o)
                0x200019c8                LED_start
 .text.LED_glow
                0x200019e4       0x58 C:/ISIS/ISIS-OBC/isis-obc-first-project/..//hal/hal/lib\libHALD.a(LED.o)
                0x200019e4                LED_glow
 .text.LED_dark
                0x20001a3c       0x58 C:/ISIS/ISIS-OBC/isis-obc-first-project/..//hal/hal/lib\libHALD.a(LED.o)
                0x20001a3c                LED_dark
 .text.LED_toggle
                0x20001a94       0x50 C:/ISIS/ISIS-OBC/isis-obc-first-project/..//hal/hal/lib\libHALD.a(LED.o)
                0x20001a94                LED_toggle
 .text.LED_wave
                0x20001ae4       0xd0 C:/ISIS/ISIS-OBC/isis-obc-first-project/..//hal/hal/lib\libHALD.a(LED.o)
                0x20001ae4                LED_wave
 .text.LED_waveReverse
                0x20001bb4       0xd0 C:/ISIS/ISIS-OBC/isis-obc-first-project/..//hal/hal/lib\libHALD.a(LED.o)
                0x20001bb4                LED_waveReverse
 .text.WDT_start
                0x20001c84       0x48 C:/ISIS/ISIS-OBC/isis-obc-first-project/..//hal/hal/lib\libHALD.a(WatchDogTimerNoOS.o)
                0x20001c84                WDT_start
 .text.WDT_startWatchdogKickTask
                0x20001ccc       0xb4 C:/ISIS/ISIS-OBC/isis-obc-first-project/..//hal/hal/lib\libHALD.a(WatchDogTimerOS.o)
                0x20001ccc                WDT_startWatchdogKickTask
 .text.xTaskGenericCreate
                0x20001d80      0x2ac C:/ISIS/ISIS-OBC/isis-obc-first-project/..//hal/freertos/lib\libFreeRTOSD.a(tasks.o)
                0x20001d80                xTaskGenericCreate
 .text.vTaskDelay
                0x2000202c       0x80 C:/ISIS/ISIS-OBC/isis-obc-first-project/..//hal/freertos/lib\libFreeRTOSD.a(tasks.o)
                0x2000202c                vTaskDelay
 .text.vTaskStartScheduler
                0x200020ac      0x104 C:/ISIS/ISIS-OBC/isis-obc-first-project/..//hal/freertos/lib\libFreeRTOSD.a(tasks.o)
                0x200020ac                vTaskStartScheduler
 .text.vTaskSuspendAll
                0x200021b0       0x2c C:/ISIS/ISIS-OBC/isis-obc-first-project/..//hal/freertos/lib\libFreeRTOSD.a(tasks.o)
                0x200021b0                vTaskSuspendAll
 .text.xTaskResumeAll
                0x200021dc      0x1f4 C:/ISIS/ISIS-OBC/isis-obc-first-project/..//hal/freertos/lib\libFreeRTOSD.a(tasks.o)
                0x200021dc                xTaskResumeAll
 .text.xTaskGetTickCount
                0x200023d0       0x34 C:/ISIS/ISIS-OBC/isis-obc-first-project/..//hal/freertos/lib\libFreeRTOSD.a(tasks.o)
                0x200023d0                xTaskGetTickCount
 .text.xTaskIncrementTick
                0x20002404      0x298 C:/ISIS/ISIS-OBC/isis-obc-first-project/..//hal/freertos/lib\libFreeRTOSD.a(tasks.o)
                0x20002404                xTaskIncrementTick
 .text.vTaskSwitchContext
                0x2000269c      0x1a4 C:/ISIS/ISIS-OBC/isis-obc-first-project/..//hal/freertos/lib\libFreeRTOSD.a(tasks.o)
                0x2000269c                vTaskSwitchContext
 .text.vTaskPlaceOnEventList
                0x20002840       0xcc C:/ISIS/ISIS-OBC/isis-obc-first-project/..//hal/freertos/lib\libFreeRTOSD.a(tasks.o)
                0x20002840                vTaskPlaceOnEventList
 .text.vTaskPlaceOnEventListRestricted
                0x2000290c       0xa4 C:/ISIS/ISIS-OBC/isis-obc-first-project/..//hal/freertos/lib\libFreeRTOSD.a(tasks.o)
                0x2000290c                vTaskPlaceOnEventListRestricted
 .text.xTaskRemoveFromEventList
                0x200029b0      0x160 C:/ISIS/ISIS-OBC/isis-obc-first-project/..//hal/freertos/lib\libFreeRTOSD.a(tasks.o)
                0x200029b0                xTaskRemoveFromEventList
 .text.vTaskSetTimeOutState
                0x20002b10       0x78 C:/ISIS/ISIS-OBC/isis-obc-first-project/..//hal/freertos/lib\libFreeRTOSD.a(tasks.o)
                0x20002b10                vTaskSetTimeOutState
 .text.xTaskCheckForTimeOut
                0x20002b88      0x158 C:/ISIS/ISIS-OBC/isis-obc-first-project/..//hal/freertos/lib\libFreeRTOSD.a(tasks.o)
                0x20002b88                xTaskCheckForTimeOut
 .text.vTaskMissedYield
                0x20002ce0       0x24 C:/ISIS/ISIS-OBC/isis-obc-first-project/..//hal/freertos/lib\libFreeRTOSD.a(tasks.o)
                0x20002ce0                vTaskMissedYield
 .text.prvIdleTask
                0x20002d04       0x20 C:/ISIS/ISIS-OBC/isis-obc-first-project/..//hal/freertos/lib\libFreeRTOSD.a(tasks.o)
 .text.prvInitialiseTCBVariables
                0x20002d24      0x450 C:/ISIS/ISIS-OBC/isis-obc-first-project/..//hal/freertos/lib\libFreeRTOSD.a(tasks.o)
 .text.prvInitialiseTaskLists
                0x20003174       0xbc C:/ISIS/ISIS-OBC/isis-obc-first-project/..//hal/freertos/lib\libFreeRTOSD.a(tasks.o)
 .text.prvCheckTasksWaitingTermination
                0x20003230       0xbc C:/ISIS/ISIS-OBC/isis-obc-first-project/..//hal/freertos/lib\libFreeRTOSD.a(tasks.o)
 .text.prvAddCurrentTaskToDelayedList
                0x200032ec       0xb4 C:/ISIS/ISIS-OBC/isis-obc-first-project/..//hal/freertos/lib\libFreeRTOSD.a(tasks.o)
 .text.prvAllocateTCBAndStack
                0x200033a0       0xb4 C:/ISIS/ISIS-OBC/isis-obc-first-project/..//hal/freertos/lib\libFreeRTOSD.a(tasks.o)
 .text.prvDeleteTCB
                0x20003454       0x30 C:/ISIS/ISIS-OBC/isis-obc-first-project/..//hal/freertos/lib\libFreeRTOSD.a(tasks.o)
 .text.xTaskGetCurrentTaskHandle
                0x20003484       0x30 C:/ISIS/ISIS-OBC/isis-obc-first-project/..//hal/freertos/lib\libFreeRTOSD.a(tasks.o)
                0x20003484                xTaskGetCurrentTaskHandle
 .text.xTaskGetSchedulerState
                0x200034b4       0x68 C:/ISIS/ISIS-OBC/isis-obc-first-project/..//hal/freertos/lib\libFreeRTOSD.a(tasks.o)
                0x200034b4                xTaskGetSchedulerState
 .text.vTaskPriorityInherit
                0x2000351c      0x148 C:/ISIS/ISIS-OBC/isis-obc-first-project/..//hal/freertos/lib\libFreeRTOSD.a(tasks.o)
                0x2000351c                vTaskPriorityInherit
 .text.vTaskPriorityDisinherit
                0x20003664       0xdc C:/ISIS/ISIS-OBC/isis-obc-first-project/..//hal/freertos/lib\libFreeRTOSD.a(tasks.o)
                0x20003664                vTaskPriorityDisinherit
 .text.xTimerCreateTimerTask
                0x20003740       0xb0 C:/ISIS/ISIS-OBC/isis-obc-first-project/..//hal/freertos/lib\libFreeRTOSD.a(timers.o)
                0x20003740                xTimerCreateTimerTask
 .text.xTimerGenericCommand
                0x200037f0       0xf0 C:/ISIS/ISIS-OBC/isis-obc-first-project/..//hal/freertos/lib\libFreeRTOSD.a(timers.o)
                0x200037f0                xTimerGenericCommand
 .text.prvProcessExpiredTimer
                0x200038e0       0xec C:/ISIS/ISIS-OBC/isis-obc-first-project/..//hal/freertos/lib\libFreeRTOSD.a(timers.o)
 .text.prvTimerTask
                0x200039cc       0x38 C:/ISIS/ISIS-OBC/isis-obc-first-project/..//hal/freertos/lib\libFreeRTOSD.a(timers.o)
 .text.prvProcessTimerOrBlockTask
                0x20003a04       0xb4 C:/ISIS/ISIS-OBC/isis-obc-first-project/..//hal/freertos/lib\libFreeRTOSD.a(timers.o)
 .text.prvGetNextExpireTime
                0x20003ab8       0x80 C:/ISIS/ISIS-OBC/isis-obc-first-project/..//hal/freertos/lib\libFreeRTOSD.a(timers.o)
 .text.prvSampleTimeNow
                0x20003b38       0x78 C:/ISIS/ISIS-OBC/isis-obc-first-project/..//hal/freertos/lib\libFreeRTOSD.a(timers.o)
 .text.prvInsertTimerInActiveList
                0x20003bb0       0xf4 C:/ISIS/ISIS-OBC/isis-obc-first-project/..//hal/freertos/lib\libFreeRTOSD.a(timers.o)
 .text.prvProcessReceivedCommands
                0x20003ca4      0x1d0 C:/ISIS/ISIS-OBC/isis-obc-first-project/..//hal/freertos/lib\libFreeRTOSD.a(timers.o)
 .text.prvSwitchTimerLists
                0x20003e74      0x16c C:/ISIS/ISIS-OBC/isis-obc-first-project/..//hal/freertos/lib\libFreeRTOSD.a(timers.o)
 .text.prvCheckForValidListAndQueue
                0x20003fe0       0x7c C:/ISIS/ISIS-OBC/isis-obc-first-project/..//hal/freertos/lib\libFreeRTOSD.a(timers.o)
 .text.vApplicationStackOverflowHook
                0x2000405c       0x5c C:/ISIS/ISIS-OBC/isis-obc-first-project/..//hal/freertos/lib\libFreeRTOSD.a(hooks.o)
                0x2000405c                vApplicationStackOverflowHook
 .text.vApplicationIdleHook
                0x200040b8       0x18 C:/ISIS/ISIS-OBC/isis-obc-first-project/..//hal/freertos/lib\libFreeRTOSD.a(hooks.o)
                0x200040b8                vApplicationIdleHook
 .text.vApplicationMallocFailedHook
                0x200040d0       0x30 C:/ISIS/ISIS-OBC/isis-obc-first-project/..//hal/freertos/lib\libFreeRTOSD.a(hooks.o)
                0x200040d0                vApplicationMallocFailedHook
 .text.pvPortMalloc
                0x20004100       0x28 C:/ISIS/ISIS-OBC/isis-obc-first-project/..//hal/freertos/lib\libFreeRTOSD.a(standardMemMang.o)
                0x20004100                pvPortMalloc
 .text.vPortFree
                0x20004128       0x20 C:/ISIS/ISIS-OBC/isis-obc-first-project/..//hal/freertos/lib\libFreeRTOSD.a(standardMemMang.o)
                0x20004128                vPortFree
 .text._sbrk    0x20004148       0xd0 C:/ISIS/ISIS-OBC/isis-obc-first-project/..//hal/freertos/lib\libFreeRTOSD.a(standardMemMang.o)
                0x20004148                _sbrk
 .text.__malloc_lock
                0x20004218       0x10 C:/ISIS/ISIS-OBC/isis-obc-first-project/..//hal/freertos/lib\libFreeRTOSD.a(standardMemMang.o)
                0x20004218                __malloc_lock
 .text.__malloc_unlock
                0x20004228       0x10 C:/ISIS/ISIS-OBC/isis-obc-first-project/..//hal/freertos/lib\libFreeRTOSD.a(standardMemMang.o)
                0x20004228                __malloc_unlock
 .text.pxPortInitialiseStack
                0x20004238      0x218 C:/ISIS/ISIS-OBC/isis-obc-first-project/..//hal/freertos/lib\libFreeRTOSD.a(port.o)
                0x20004238                pxPortInitialiseStack
 .text.xPortStartScheduler
                0x20004450       0x1c C:/ISIS/ISIS-OBC/isis-obc-first-project/..//hal/freertos/lib\libFreeRTOSD.a(port.o)
                0x20004450                xPortStartScheduler
 .text.prvSetupTimerInterrupt
                0x2000446c       0x54 C:/ISIS/ISIS-OBC/isis-obc-first-project/..//hal/freertos/lib\libFreeRTOSD.a(port.o)
 .text.vPortISRStartFirstTask
                0x200044c0       0x64 C:/ISIS/ISIS-OBC/isis-obc-first-project/..//hal/freertos/lib\libFreeRTOSD.a(port.o)
 .text.vPortEnterCritical
                0x20004524       0x40 C:/ISIS/ISIS-OBC/isis-obc-first-project/..//hal/freertos/lib\libFreeRTOSD.a(port.o)
                0x20004524                vPortEnterCritical
 .text.vPortExitCritical
                0x20004564       0x60 C:/ISIS/ISIS-OBC/isis-obc-first-project/..//hal/freertos/lib\libFreeRTOSD.a(port.o)
                0x20004564                vPortExitCritical
 .text.xQueueGenericReset
                0x200045c4      0x150 C:/ISIS/ISIS-OBC/isis-obc-first-project/..//hal/freertos/lib\libFreeRTOSD.a(queue.o)
                0x200045c4                xQueueGenericReset
 .text.xQueueGenericCreate
                0x20004714      0x108 C:/ISIS/ISIS-OBC/isis-obc-first-project/..//hal/freertos/lib\libFreeRTOSD.a(queue.o)
                0x20004714                xQueueGenericCreate
 .text.xQueueGenericSend
                0x2000481c      0x298 C:/ISIS/ISIS-OBC/isis-obc-first-project/..//hal/freertos/lib\libFreeRTOSD.a(queue.o)
                0x2000481c                xQueueGenericSend
 .text.xQueueGenericSendFromISR
                0x20004ab4      0x1e0 C:/ISIS/ISIS-OBC/isis-obc-first-project/..//hal/freertos/lib\libFreeRTOSD.a(queue.o)
                0x20004ab4                xQueueGenericSendFromISR
 .text.xQueueGenericReceive
                0x20004c94      0x2cc C:/ISIS/ISIS-OBC/isis-obc-first-project/..//hal/freertos/lib\libFreeRTOSD.a(queue.o)
                0x20004c94                xQueueGenericReceive
 .text.prvCopyDataToQueue
                0x20004f60      0x190 C:/ISIS/ISIS-OBC/isis-obc-first-project/..//hal/freertos/lib\libFreeRTOSD.a(queue.o)
 .text.prvCopyDataFromQueue
                0x200050f0       0x90 C:/ISIS/ISIS-OBC/isis-obc-first-project/..//hal/freertos/lib\libFreeRTOSD.a(queue.o)
 .text.prvUnlockQueue
                0x20005180      0x130 C:/ISIS/ISIS-OBC/isis-obc-first-project/..//hal/freertos/lib\libFreeRTOSD.a(queue.o)
 .text.prvIsQueueEmpty
                0x200052b0       0x4c C:/ISIS/ISIS-OBC/isis-obc-first-project/..//hal/freertos/lib\libFreeRTOSD.a(queue.o)
 .text.prvIsQueueFull
                0x200052fc       0x54 C:/ISIS/ISIS-OBC/isis-obc-first-project/..//hal/freertos/lib\libFreeRTOSD.a(queue.o)
 .text.vQueueWaitForMessageRestricted
                0x20005350       0x90 C:/ISIS/ISIS-OBC/isis-obc-first-project/..//hal/freertos/lib\libFreeRTOSD.a(queue.o)
                0x20005350                vQueueWaitForMessageRestricted
 .text.prvNotifyQueueSetContainer
                0x200053e0      0x108 C:/ISIS/ISIS-OBC/isis-obc-first-project/..//hal/freertos/lib\libFreeRTOSD.a(queue.o)
 .text.vListInitialise
                0x200054e8       0x64 C:/ISIS/ISIS-OBC/isis-obc-first-project/..//hal/freertos/lib\libFreeRTOSD.a(list.o)
                0x200054e8                vListInitialise
 .text.vListInitialiseItem
                0x2000554c       0x28 C:/ISIS/ISIS-OBC/isis-obc-first-project/..//hal/freertos/lib\libFreeRTOSD.a(list.o)
                0x2000554c                vListInitialiseItem
 .text.vListInsertEnd
                0x20005574       0x84 C:/ISIS/ISIS-OBC/isis-obc-first-project/..//hal/freertos/lib\libFreeRTOSD.a(list.o)
                0x20005574                vListInsertEnd
 .text.vListInsert
                0x200055f8       0xd4 C:/ISIS/ISIS-OBC/isis-obc-first-project/..//hal/freertos/lib\libFreeRTOSD.a(list.o)
                0x200055f8                vListInsert
 .text.uxListRemove
                0x200056cc       0xa0 C:/ISIS/ISIS-OBC/isis-obc-first-project/..//hal/freertos/lib\libFreeRTOSD.a(list.o)
                0x200056cc                uxListRemove
 .text._read    0x2000576c       0xa4 C:/ISIS/ISIS-OBC/isis-obc-first-project/..//hal/at91/lib\libAt91D.a(syscalls.o)
                0x2000576c                _read
 .text._write   0x20005810       0xd4 C:/ISIS/ISIS-OBC/isis-obc-first-project/..//hal/at91/lib\libAt91D.a(syscalls.o)
                0x20005810                _write
 .text._lseek   0x200058e4       0x2c C:/ISIS/ISIS-OBC/isis-obc-first-project/..//hal/at91/lib\libAt91D.a(syscalls.o)
                0x200058e4                _lseek
 .text._close   0x20005910       0x24 C:/ISIS/ISIS-OBC/isis-obc-first-project/..//hal/at91/lib\libAt91D.a(syscalls.o)
                0x20005910                _close
 .text._fstat   0x20005934       0x28 C:/ISIS/ISIS-OBC/isis-obc-first-project/..//hal/at91/lib\libAt91D.a(syscalls.o)
                0x20005934                _fstat
 .text._isatty  0x2000595c       0x38 C:/ISIS/ISIS-OBC/isis-obc-first-project/..//hal/at91/lib\libAt91D.a(syscalls.o)
                0x2000595c                _isatty
 .text.exit     0x20005994       0x18 C:/ISIS/ISIS-OBC/isis-obc-first-project/..//hal/at91/lib\libAt91D.a(syscalls.o)
                0x20005994                exit
 .text._exit    0x200059ac       0x28 C:/ISIS/ISIS-OBC/isis-obc-first-project/..//hal/at91/lib\libAt91D.a(syscalls.o)
                0x200059ac                _exit
 .text.AIC_ConfigureIT
                0x200059d4       0x74 C:/ISIS/ISIS-OBC/isis-obc-first-project/..//hal/at91/lib\libAt91D.a(aic.o)
                0x200059d4                AIC_ConfigureIT
 .text.AIC_EnableIT
                0x20005a48       0x34 C:/ISIS/ISIS-OBC/isis-obc-first-project/..//hal/at91/lib\libAt91D.a(aic.o)
                0x20005a48                AIC_EnableIT
 .text.AIC_DisableIT
                0x20005a7c       0x34 C:/ISIS/ISIS-OBC/isis-obc-first-project/..//hal/at91/lib\libAt91D.a(aic.o)
                0x20005a7c                AIC_DisableIT
 .text.CP15_Enable_I_Cache
                0x20005ab0       0x6c C:/ISIS/ISIS-OBC/isis-obc-first-project/..//hal/at91/lib\libAt91D.a(cp15.o)
                0x20005ab0                CP15_Enable_I_Cache
 .text.CP15_Disable_I_Cache
                0x20005b1c       0x94 C:/ISIS/ISIS-OBC/isis-obc-first-project/..//hal/at91/lib\libAt91D.a(cp15.o)
                0x20005b1c                CP15_Disable_I_Cache
 .text.CP15_DisableMMU
                0x20005bb0       0xa0 C:/ISIS/ISIS-OBC/isis-obc-first-project/..//hal/at91/lib\libAt91D.a(cp15.o)
                0x20005bb0                CP15_DisableMMU
 .text.CP15_Disable_D_Cache
                0x20005c50       0x94 C:/ISIS/ISIS-OBC/isis-obc-first-project/..//hal/at91/lib\libAt91D.a(cp15.o)
                0x20005c50                CP15_Disable_D_Cache
 .text.CP15_Disable_AlignmentFault
                0x20005ce4       0x94 C:/ISIS/ISIS-OBC/isis-obc-first-project/..//hal/at91/lib\libAt91D.a(cp15.o)
                0x20005ce4                CP15_Disable_AlignmentFault
 .text.DBGU_Configure
                0x20005d78       0x84 C:/ISIS/ISIS-OBC/isis-obc-first-project/..//hal/at91/lib\libAt91D.a(dbgu.o)
                0x20005d78                DBGU_Configure
 .text.DBGU_PutChar
                0x20005dfc       0x60 C:/ISIS/ISIS-OBC/isis-obc-first-project/..//hal/at91/lib\libAt91D.a(dbgu.o)
                0x20005dfc                DBGU_PutChar
 .text.DBGU_GetChar
                0x20005e5c       0x40 C:/ISIS/ISIS-OBC/isis-obc-first-project/..//hal/at91/lib\libAt91D.a(dbgu.o)
                0x20005e5c                DBGU_GetChar
 .text.PIO_SetPeripheralA
                0x20005e9c       0x74 C:/ISIS/ISIS-OBC/isis-obc-first-project/..//hal/at91/lib\libAt91D.a(pio.o)
 .text.PIO_SetPeripheralB
                0x20005f10       0x74 C:/ISIS/ISIS-OBC/isis-obc-first-project/..//hal/at91/lib\libAt91D.a(pio.o)
 .text.PIO_SetInput
                0x20005f84       0x9c C:/ISIS/ISIS-OBC/isis-obc-first-project/..//hal/at91/lib\libAt91D.a(pio.o)
 .text.PIO_SetOutput
                0x20006020       0xc4 C:/ISIS/ISIS-OBC/isis-obc-first-project/..//hal/at91/lib\libAt91D.a(pio.o)
 .text.PIO_Configure
                0x200060e4      0x1ec C:/ISIS/ISIS-OBC/isis-obc-first-project/..//hal/at91/lib\libAt91D.a(pio.o)
                0x200060e4                PIO_Configure
 .text.PIO_Set  0x200062d0       0x3c C:/ISIS/ISIS-OBC/isis-obc-first-project/..//hal/at91/lib\libAt91D.a(pio.o)
                0x200062d0                PIO_Set
 .text.PIO_Clear
                0x2000630c       0x3c C:/ISIS/ISIS-OBC/isis-obc-first-project/..//hal/at91/lib\libAt91D.a(pio.o)
                0x2000630c                PIO_Clear
 .text.PIT_Init
                0x20006348       0x68 C:/ISIS/ISIS-OBC/isis-obc-first-project/..//hal/at91/lib\libAt91D.a(pit.o)
                0x20006348                PIT_Init
 .text.PIT_Enable
                0x200063b0       0x2c C:/ISIS/ISIS-OBC/isis-obc-first-project/..//hal/at91/lib\libAt91D.a(pit.o)
                0x200063b0                PIT_Enable
 .text.PIT_EnableIT
                0x200063dc       0x2c C:/ISIS/ISIS-OBC/isis-obc-first-project/..//hal/at91/lib\libAt91D.a(pit.o)
                0x200063dc                PIT_EnableIT
 .text.disableCaches
                0x20006408       0x18 C:/ISIS/ISIS-OBC/isis-obc-first-project/..//hal/at91/lib\libAt91D.a(ExitHandler.o)
 .text.restart  0x20006420       0x28 C:/ISIS/ISIS-OBC/isis-obc-first-project/..//hal/at91/lib\libAt91D.a(ExitHandler.o)
                0x20006420                restart
 .text.print_hex
                0x20006448       0xa0 C:/ISIS/ISIS-OBC/isis-obc-first-project/..//hal/at91/lib\libAt91D.a(ExitHandler.o)
 .text.print_stack_trace
                0x200064e8      0x1b4 C:/ISIS/ISIS-OBC/isis-obc-first-project/..//hal/at91/lib\libAt91D.a(ExitHandler.o)
 .text.handleAbort
                0x2000669c      0x890 C:/ISIS/ISIS-OBC/isis-obc-first-project/..//hal/at91/lib\libAt91D.a(ExitHandler.o)
                0x2000669c                handleAbort
 .text.defaultSpuriousHandler
                0x20006f2c       0x38 C:/ISIS/ISIS-OBC/isis-obc-first-project/..//hal/at91/lib\libAt91D.a(board_lowlevel.o)
                0x20006f2c                defaultSpuriousHandler
 .text.defaultFiqHandler
                0x20006f64       0x38 C:/ISIS/ISIS-OBC/isis-obc-first-project/..//hal/at91/lib\libAt91D.a(board_lowlevel.o)
                0x20006f64                defaultFiqHandler
 .text.defaultIrqHandler
                0x20006f9c       0x38 C:/ISIS/ISIS-OBC/isis-obc-first-project/..//hal/at91/lib\libAt91D.a(board_lowlevel.o)
                0x20006f9c                defaultIrqHandler
 .text.LowLevelInit
                0x20006fd4       0xf4 C:/ISIS/ISIS-OBC/isis-obc-first-project/..//hal/at91/lib\libAt91D.a(board_lowlevel.o)
                0x20006fd4                LowLevelInit
 .text.BOARD_RemapRam
                0x200070c8       0x24 C:/ISIS/ISIS-OBC/isis-obc-first-project/..//hal/at91/lib\libAt91D.a(board_memories.o)
                0x200070c8                BOARD_RemapRam
 .text.__errno  0x200070ec       0x10 c:/isis/application/toolchain/bin/../lib/gcc/arm-none-eabi/4.7.4/../../../../arm-none-eabi/lib\libg.a(lib_a-errno.o)
                0x200070ec                __errno
 .text._fflush_r
                0x200070fc      0x250 c:/isis/application/toolchain/bin/../lib/gcc/arm-none-eabi/4.7.4/../../../../arm-none-eabi/lib\libg.a(lib_a-fflush.o)
                0x200070fc                _fflush_r
 .text.fflush   0x2000734c       0x40 c:/isis/application/toolchain/bin/../lib/gcc/arm-none-eabi/4.7.4/../../../../arm-none-eabi/lib\libg.a(lib_a-fflush.o)
                0x2000734c                fflush
 .text._cleanup_r
                0x2000738c       0x18 c:/isis/application/toolchain/bin/../lib/gcc/arm-none-eabi/4.7.4/../../../../arm-none-eabi/lib\libg.a(lib_a-findfp.o)
                0x2000738c                _cleanup_r
 .text.std.isra.0
                0x200073a4       0x7c c:/isis/application/toolchain/bin/../lib/gcc/arm-none-eabi/4.7.4/../../../../arm-none-eabi/lib\libg.a(lib_a-findfp.o)
 .text.__sinit  0x20007420       0x78 c:/isis/application/toolchain/bin/../lib/gcc/arm-none-eabi/4.7.4/../../../../arm-none-eabi/lib\libg.a(lib_a-findfp.o)
                0x20007420                __sinit
 .text.__sfp_lock_acquire
                0x20007498        0x4 c:/isis/application/toolchain/bin/../lib/gcc/arm-none-eabi/4.7.4/../../../../arm-none-eabi/lib\libg.a(lib_a-findfp.o)
                0x20007498                __sfp_lock_acquire
 .text.__sfp_lock_release
                0x2000749c        0x4 c:/isis/application/toolchain/bin/../lib/gcc/arm-none-eabi/4.7.4/../../../../arm-none-eabi/lib\libg.a(lib_a-findfp.o)
                0x2000749c                __sfp_lock_release
 .text._malloc_trim_r
                0x200074a0       0xfc c:/isis/application/toolchain/bin/../lib/gcc/arm-none-eabi/4.7.4/../../../../arm-none-eabi/lib\libg.a(lib_a-freer.o)
                0x200074a0                _malloc_trim_r
 .text._free_r  0x2000759c      0x26c c:/isis/application/toolchain/bin/../lib/gcc/arm-none-eabi/4.7.4/../../../../arm-none-eabi/lib\libg.a(lib_a-freer.o)
                0x2000759c                _free_r
 .text._fwalk   0x20007808       0x88 c:/isis/application/toolchain/bin/../lib/gcc/arm-none-eabi/4.7.4/../../../../arm-none-eabi/lib\libg.a(lib_a-fwalk.o)
                0x20007808                _fwalk
 .text._fwalk_reent
                0x20007890       0x8c c:/isis/application/toolchain/bin/../lib/gcc/arm-none-eabi/4.7.4/../../../../arm-none-eabi/lib\libg.a(lib_a-fwalk.o)
                0x20007890                _fwalk_reent
 .text.malloc   0x2000791c       0x20 c:/isis/application/toolchain/bin/../lib/gcc/arm-none-eabi/4.7.4/../../../../arm-none-eabi/lib\libg.a(lib_a-malloc.o)
                0x2000791c                malloc
 .text.free     0x2000793c       0x20 c:/isis/application/toolchain/bin/../lib/gcc/arm-none-eabi/4.7.4/../../../../arm-none-eabi/lib\libg.a(lib_a-malloc.o)
                0x2000793c                free
 .text._malloc_r
                0x2000795c      0x73c c:/isis/application/toolchain/bin/../lib/gcc/arm-none-eabi/4.7.4/../../../../arm-none-eabi/lib\libg.a(lib_a-mallocr.o)
                0x2000795c                _malloc_r
 .text.memcpy   0x20008098       0xf4 c:/isis/application/toolchain/bin/../lib/gcc/arm-none-eabi/4.7.4/../../../../arm-none-eabi/lib\libg.a(lib_a-memcpy.o)
                0x20008098                memcpy
 .text.memset   0x2000818c       0xf8 c:/isis/application/toolchain/bin/../lib/gcc/arm-none-eabi/4.7.4/../../../../arm-none-eabi/lib\libg.a(lib_a-memset.o)
                0x2000818c                memset
 .text.printf   0x20008284       0x40 c:/isis/application/toolchain/bin/../lib/gcc/arm-none-eabi/4.7.4/../../../../arm-none-eabi/lib\libg.a(lib_a-printf.o)
                0x20008284                printf
 .text._sbrk_r  0x200082c4       0x40 c:/isis/application/toolchain/bin/../lib/gcc/arm-none-eabi/4.7.4/../../../../arm-none-eabi/lib\libg.a(lib_a-sbrkr.o)
                0x200082c4                _sbrk_r
 .text.__sread  0x20008304       0x34 c:/isis/application/toolchain/bin/../lib/gcc/arm-none-eabi/4.7.4/../../../../arm-none-eabi/lib\libg.a(lib_a-stdio.o)
                0x20008304                __sread
 .text.__swrite
                0x20008338       0x58 c:/isis/application/toolchain/bin/../lib/gcc/arm-none-eabi/4.7.4/../../../../arm-none-eabi/lib\libg.a(lib_a-stdio.o)
                0x20008338                __swrite
 .text.__sseek  0x20008390       0x34 c:/isis/application/toolchain/bin/../lib/gcc/arm-none-eabi/4.7.4/../../../../arm-none-eabi/lib\libg.a(lib_a-stdio.o)
                0x20008390                __sseek
 .text.__sclose
                0x200083c4       0x14 c:/isis/application/toolchain/bin/../lib/gcc/arm-none-eabi/4.7.4/../../../../arm-none-eabi/lib\libg.a(lib_a-stdio.o)
                0x200083c4                __sclose
 .text.write    0x200083d8       0x30 c:/isis/application/toolchain/bin/../lib/gcc/arm-none-eabi/4.7.4/../../../../arm-none-eabi/lib\libg.a(lib_a-syswrite.o)
                0x200083d8                write
 .text._vfprintf_r
                0x20008408     0x1fe8 c:/isis/application/toolchain/bin/../lib/gcc/arm-none-eabi/4.7.4/../../../../arm-none-eabi/lib\libg.a(lib_a-vfprintf.o)
                0x20008408                _vfprintf_r
 .text.__sbprintf
                0x2000a3f0       0xd0 c:/isis/application/toolchain/bin/../lib/gcc/arm-none-eabi/4.7.4/../../../../arm-none-eabi/lib\libg.a(lib_a-vfprintf.o)
 .text._write_r
                0x2000a4c0       0x44 c:/isis/application/toolchain/bin/../lib/gcc/arm-none-eabi/4.7.4/../../../../arm-none-eabi/lib\libg.a(lib_a-writer.o)
                0x2000a4c0                _write_r
 .text.__swsetup_r
                0x2000a504      0x138 c:/isis/application/toolchain/bin/../lib/gcc/arm-none-eabi/4.7.4/../../../../arm-none-eabi/lib\libg.a(lib_a-wsetup.o)
                0x2000a504                __swsetup_r
 .text._close_r
                0x2000a63c       0x3c c:/isis/application/toolchain/bin/../lib/gcc/arm-none-eabi/4.7.4/../../../../arm-none-eabi/lib\libg.a(lib_a-closer.o)
                0x2000a63c                _close_r
 .text.quorem   0x2000a678      0x1e0 c:/isis/application/toolchain/bin/../lib/gcc/arm-none-eabi/4.7.4/../../../../arm-none-eabi/lib\libg.a(lib_a-dtoa.o)
 .text._dtoa_r  0x2000a858     0x1698 c:/isis/application/toolchain/bin/../lib/gcc/arm-none-eabi/4.7.4/../../../../arm-none-eabi/lib\libg.a(lib_a-dtoa.o)
                0x2000a858                _dtoa_r
 .text._fclose_r
                0x2000bef0       0xf8 c:/isis/application/toolchain/bin/../lib/gcc/arm-none-eabi/4.7.4/../../../../arm-none-eabi/lib\libg.a(lib_a-fclose.o)
                0x2000bef0                _fclose_r
 .text.fclose   0x2000bfe8       0x14 c:/isis/application/toolchain/bin/../lib/gcc/arm-none-eabi/4.7.4/../../../../arm-none-eabi/lib\libg.a(lib_a-fclose.o)
                0x2000bfe8                fclose
 .text.__locale_charset
                0x2000bffc        0xc c:/isis/application/toolchain/bin/../lib/gcc/arm-none-eabi/4.7.4/../../../../arm-none-eabi/lib\libg.a(lib_a-locale.o)
                0x2000bffc                __locale_charset
 .text.__locale_mb_cur_max
                0x2000c008       0x10 c:/isis/application/toolchain/bin/../lib/gcc/arm-none-eabi/4.7.4/../../../../arm-none-eabi/lib\libg.a(lib_a-locale.o)
                0x2000c008                __locale_mb_cur_max
 .text._localeconv_r
                0x2000c018        0xc c:/isis/application/toolchain/bin/../lib/gcc/arm-none-eabi/4.7.4/../../../../arm-none-eabi/lib\libg.a(lib_a-locale.o)
                0x2000c018                _localeconv_r
 .text._lseek_r
                0x2000c024       0x44 c:/isis/application/toolchain/bin/../lib/gcc/arm-none-eabi/4.7.4/../../../../arm-none-eabi/lib\libg.a(lib_a-lseekr.o)
                0x2000c024                _lseek_r
 .text.__smakebuf_r
                0x2000c068      0x15c c:/isis/application/toolchain/bin/../lib/gcc/arm-none-eabi/4.7.4/../../../../arm-none-eabi/lib\libg.a(lib_a-makebuf.o)
                0x2000c068                __smakebuf_r
 .text.memchr   0x2000c1c4      0x11c c:/isis/application/toolchain/bin/../lib/gcc/arm-none-eabi/4.7.4/../../../../arm-none-eabi/lib\libg.a(lib_a-memchr.o)
                0x2000c1c4                memchr
 .text._Balloc  0x2000c2e0       0x8c c:/isis/application/toolchain/bin/../lib/gcc/arm-none-eabi/4.7.4/../../../../arm-none-eabi/lib\libg.a(lib_a-mprec.o)
                0x2000c2e0                _Balloc
 .text._Bfree   0x2000c36c       0x1c c:/isis/application/toolchain/bin/../lib/gcc/arm-none-eabi/4.7.4/../../../../arm-none-eabi/lib\libg.a(lib_a-mprec.o)
                0x2000c36c                _Bfree
 .text.__multadd
                0x2000c388       0xdc c:/isis/application/toolchain/bin/../lib/gcc/arm-none-eabi/4.7.4/../../../../arm-none-eabi/lib\libg.a(lib_a-mprec.o)
                0x2000c388                __multadd
 .text.__hi0bits
                0x2000c464       0x50 c:/isis/application/toolchain/bin/../lib/gcc/arm-none-eabi/4.7.4/../../../../arm-none-eabi/lib\libg.a(lib_a-mprec.o)
                0x2000c464                __hi0bits
 .text.__lo0bits
                0x2000c4b4       0x94 c:/isis/application/toolchain/bin/../lib/gcc/arm-none-eabi/4.7.4/../../../../arm-none-eabi/lib\libg.a(lib_a-mprec.o)
                0x2000c4b4                __lo0bits
 .text.__i2b    0x2000c548       0x24 c:/isis/application/toolchain/bin/../lib/gcc/arm-none-eabi/4.7.4/../../../../arm-none-eabi/lib\libg.a(lib_a-mprec.o)
                0x2000c548                __i2b
 .text.__multiply
                0x2000c56c      0x1e4 c:/isis/application/toolchain/bin/../lib/gcc/arm-none-eabi/4.7.4/../../../../arm-none-eabi/lib\libg.a(lib_a-mprec.o)
                0x2000c56c                __multiply
 .text.__pow5mult
                0x2000c750       0xf4 c:/isis/application/toolchain/bin/../lib/gcc/arm-none-eabi/4.7.4/../../../../arm-none-eabi/lib\libg.a(lib_a-mprec.o)
                0x2000c750                __pow5mult
 .text.__lshift
                0x2000c844      0x104 c:/isis/application/toolchain/bin/../lib/gcc/arm-none-eabi/4.7.4/../../../../arm-none-eabi/lib\libg.a(lib_a-mprec.o)
                0x2000c844                __lshift
 .text.__mcmp   0x2000c948       0x64 c:/isis/application/toolchain/bin/../lib/gcc/arm-none-eabi/4.7.4/../../../../arm-none-eabi/lib\libg.a(lib_a-mprec.o)
                0x2000c948                __mcmp
 .text.__mdiff  0x2000c9ac      0x14c c:/isis/application/toolchain/bin/../lib/gcc/arm-none-eabi/4.7.4/../../../../arm-none-eabi/lib\libg.a(lib_a-mprec.o)
                0x2000c9ac                __mdiff
 .text.__d2b    0x2000caf8      0x108 c:/isis/application/toolchain/bin/../lib/gcc/arm-none-eabi/4.7.4/../../../../arm-none-eabi/lib\libg.a(lib_a-mprec.o)
                0x2000caf8                __d2b
 .text._read_r  0x2000cc00       0x44 c:/isis/application/toolchain/bin/../lib/gcc/arm-none-eabi/4.7.4/../../../../arm-none-eabi/lib\libg.a(lib_a-readr.o)
                0x2000cc00                _read_r
 .text.__fpclassifyd
                0x2000cc44       0x6c c:/isis/application/toolchain/bin/../lib/gcc/arm-none-eabi/4.7.4/../../../../arm-none-eabi/lib\libg.a(lib_a-s_fpclassify.o)
                0x2000cc44                __fpclassifyd
 .text.strlen   0x2000ccb0       0x60 c:/isis/application/toolchain/bin/../lib/gcc/arm-none-eabi/4.7.4/../../../../arm-none-eabi/lib\libg.a(lib_a-strlen.o)
                0x2000ccb0                strlen
 .text.__sprint_r
                0x2000cd10       0xc0 c:/isis/application/toolchain/bin/../lib/gcc/arm-none-eabi/4.7.4/../../../../arm-none-eabi/lib\libg.a(lib_a-vfiprintf.o)
                0x2000cd10                __sprint_r
 .text._calloc_r
                0x2000cdd0       0x94 c:/isis/application/toolchain/bin/../lib/gcc/arm-none-eabi/4.7.4/../../../../arm-none-eabi/lib\libg.a(lib_a-callocr.o)
                0x2000cdd0                _calloc_r
 .text._fputwc_r
                0x2000ce64      0x150 c:/isis/application/toolchain/bin/../lib/gcc/arm-none-eabi/4.7.4/../../../../arm-none-eabi/lib\libg.a(lib_a-fputwc.o)
                0x2000ce64                _fputwc_r
 .text._fstat_r
                0x2000cfb4       0x40 c:/isis/application/toolchain/bin/../lib/gcc/arm-none-eabi/4.7.4/../../../../arm-none-eabi/lib\libg.a(lib_a-fstatr.o)
                0x2000cfb4                _fstat_r
 .text.__sfvwrite_r
                0x2000cff4      0x4c4 c:/isis/application/toolchain/bin/../lib/gcc/arm-none-eabi/4.7.4/../../../../arm-none-eabi/lib\libg.a(lib_a-fvwrite.o)
                0x2000cff4                __sfvwrite_r
 .text._isatty_r
                0x2000d4b8       0x3c c:/isis/application/toolchain/bin/../lib/gcc/arm-none-eabi/4.7.4/../../../../arm-none-eabi/lib\libg.a(lib_a-isattyr.o)
                0x2000d4b8                _isatty_r
 .text.memmove  0x2000d4f4      0x134 c:/isis/application/toolchain/bin/../lib/gcc/arm-none-eabi/4.7.4/../../../../arm-none-eabi/lib\libg.a(lib_a-memmove.o)
                0x2000d4f4                memmove
 .text._realloc_r
                0x2000d628      0x574 c:/isis/application/toolchain/bin/../lib/gcc/arm-none-eabi/4.7.4/../../../../arm-none-eabi/lib\libg.a(lib_a-reallocr.o)
                0x2000d628                _realloc_r
 .text.__swbuf_r
                0x2000db9c      0x130 c:/isis/application/toolchain/bin/../lib/gcc/arm-none-eabi/4.7.4/../../../../arm-none-eabi/lib\libg.a(lib_a-wbuf.o)
                0x2000db9c                __swbuf_r
 .text._wcrtomb_r
                0x2000dccc       0x90 c:/isis/application/toolchain/bin/../lib/gcc/arm-none-eabi/4.7.4/../../../../arm-none-eabi/lib\libg.a(lib_a-wcrtomb.o)
                0x2000dccc                _wcrtomb_r
 .text.__ascii_wctomb
                0x2000dd5c       0x2c c:/isis/application/toolchain/bin/../lib/gcc/arm-none-eabi/4.7.4/../../../../arm-none-eabi/lib\libg.a(lib_a-wctomb_r.o)
                0x2000dd5c                __ascii_wctomb
 .text.__ascii_wctomb.stub
                0x2000dd88        0x8 linker stubs
 *(.rodata)
 .rodata        0x2000dd90       0xf8 ./src/main.o
 .rodata        0x2000de88       0x30 C:/ISIS/ISIS-OBC/isis-obc-first-project/..//hal/hal/lib\libHALD.a(LED.o)
 .rodata        0x2000deb8        0xc C:/ISIS/ISIS-OBC/isis-obc-first-project/..//hal/hal/lib\libHALD.a(WatchDogTimerNoOS.o)
 .rodata        0x2000dec4       0x14 C:/ISIS/ISIS-OBC/isis-obc-first-project/..//hal/hal/lib\libHALD.a(WatchDogTimerOS.o)
 .rodata        0x2000ded8       0x2c C:/ISIS/ISIS-OBC/isis-obc-first-project/..//hal/hal/lib\libHALD.a(version.o)
                0x2000ded8                HalCompileDate
                0x2000dee4                HalCompileTime
                0x2000def0                HalVersionMajor
                0x2000def4                HalVersionMinor
                0x2000def8                HalVersionRevision
                0x2000defc                HalOBCHardwareRevision
 .rodata        0x2000df04       0x4c C:/ISIS/ISIS-OBC/isis-obc-first-project/..//hal/freertos/lib\libFreeRTOSD.a(tasks.o)
 .rodata        0x2000df50       0x48 C:/ISIS/ISIS-OBC/isis-obc-first-project/..//hal/freertos/lib\libFreeRTOSD.a(timers.o)
 .rodata        0x2000df98       0x90 C:/ISIS/ISIS-OBC/isis-obc-first-project/..//hal/freertos/lib\libFreeRTOSD.a(hooks.o)
 .rodata        0x2000e028       0x40 C:/ISIS/ISIS-OBC/isis-obc-first-project/..//hal/freertos/lib\libFreeRTOSD.a(queue.o)
 .rodata        0x2000e068       0x1c C:/ISIS/ISIS-OBC/isis-obc-first-project/..//hal/at91/lib\libAt91D.a(syscalls.o)
 .rodata        0x2000e084      0x320 C:/ISIS/ISIS-OBC/isis-obc-first-project/..//hal/at91/lib\libAt91D.a(cp15.o)
 .rodata        0x2000e3a4      0x504 C:/ISIS/ISIS-OBC/isis-obc-first-project/..//hal/at91/lib\libAt91D.a(ExitHandler.o)
 .rodata        0x2000e8a8      0x100 C:/ISIS/ISIS-OBC/isis-obc-first-project/..//hal/at91/lib\libAt91D.a(board_lowlevel.o)
 *(.rodata*)
 .rodata.str1.4
                0x2000e9a8        0x2 c:/isis/application/toolchain/bin/../lib/gcc/arm-none-eabi/4.7.4/../../../../arm-none-eabi/lib\libg.a(lib_a-impure.o)
                                  0x4 (size before relaxing)
 *fill*         0x2000e9aa        0x2 00
 .rodata._global_impure_ptr
                0x2000e9ac        0x4 c:/isis/application/toolchain/bin/../lib/gcc/arm-none-eabi/4.7.4/../../../../arm-none-eabi/lib\libg.a(lib_a-impure.o)
                0x2000e9ac                _global_impure_ptr
 .rodata.blanks.6735
                0x2000e9b0       0x10 c:/isis/application/toolchain/bin/../lib/gcc/arm-none-eabi/4.7.4/../../../../arm-none-eabi/lib\libg.a(lib_a-vfprintf.o)
 .rodata.str1.4
                0x2000e9c0       0x42 c:/isis/application/toolchain/bin/../lib/gcc/arm-none-eabi/4.7.4/../../../../arm-none-eabi/lib\libg.a(lib_a-vfprintf.o)
                                 0x44 (size before relaxing)
 *fill*         0x2000ea02        0x2 00
 .rodata.zeroes.6736
                0x2000ea04       0x10 c:/isis/application/toolchain/bin/../lib/gcc/arm-none-eabi/4.7.4/../../../../arm-none-eabi/lib\libg.a(lib_a-vfprintf.o)
 .rodata.str1.4
                0x2000ea14       0x10 c:/isis/application/toolchain/bin/../lib/gcc/arm-none-eabi/4.7.4/../../../../arm-none-eabi/lib\libg.a(lib_a-dtoa.o)
                                 0x14 (size before relaxing)
 .rodata.str1.4
                0x2000ea24        0xc c:/isis/application/toolchain/bin/../lib/gcc/arm-none-eabi/4.7.4/../../../../arm-none-eabi/lib\libg.a(lib_a-locale.o)
                                 0x14 (size before relaxing)
 .rodata.p05.5242
                0x2000ea30        0xc c:/isis/application/toolchain/bin/../lib/gcc/arm-none-eabi/4.7.4/../../../../arm-none-eabi/lib\libg.a(lib_a-mprec.o)
 *fill*         0x2000ea3c        0x4 00
 .rodata.__mprec_tens
                0x2000ea40       0xc8 c:/isis/application/toolchain/bin/../lib/gcc/arm-none-eabi/4.7.4/../../../../arm-none-eabi/lib\libg.a(lib_a-mprec.o)
                0x2000ea40                __mprec_tens
 .rodata.__mprec_bigtens
                0x2000eb08       0x28 c:/isis/application/toolchain/bin/../lib/gcc/arm-none-eabi/4.7.4/../../../../arm-none-eabi/lib\libg.a(lib_a-mprec.o)
                0x2000eb08                __mprec_bigtens
 *(.rodata.*)
 *(.glue_7)
 .glue_7        0x00000000        0x0 linker stubs
 *(.glue_7t)
 .glue_7t       0x00000000        0x0 linker stubs
 *(.vfp11_veneer)
 .vfp11_veneer  0x00000000        0x0 linker stubs
 *(.v4_bx)
 .v4_bx         0x00000000        0x0 linker stubs
 *(.data)
 .data          0x2000eb30        0x4 C:/ISIS/ISIS-OBC/isis-obc-first-project/..//hal/freertos/lib\libFreeRTOSD.a(tasks.o)
 .data          0x2000eb34        0x4 C:/ISIS/ISIS-OBC/isis-obc-first-project/..//hal/freertos/lib\libFreeRTOSD.a(port.o)
                0x2000eb34                ulCriticalNesting
 *(.data.*)
 .data.impure_data
                0x2000eb38      0x428 c:/isis/application/toolchain/bin/../lib/gcc/arm-none-eabi/4.7.4/../../../../arm-none-eabi/lib\libg.a(lib_a-impure.o)
 .data._impure_ptr
                0x2000ef60        0x4 c:/isis/application/toolchain/bin/../lib/gcc/arm-none-eabi/4.7.4/../../../../arm-none-eabi/lib\libg.a(lib_a-impure.o)
                0x2000ef60                _impure_ptr
 .data.__malloc_av_
                0x2000ef64      0x408 c:/isis/application/toolchain/bin/../lib/gcc/arm-none-eabi/4.7.4/../../../../arm-none-eabi/lib\libg.a(lib_a-mallocr.o)
                0x2000ef64                __malloc_av_
 .data.__malloc_trim_threshold
                0x2000f36c        0x4 c:/isis/application/toolchain/bin/../lib/gcc/arm-none-eabi/4.7.4/../../../../arm-none-eabi/lib\libg.a(lib_a-mallocr.o)
                0x2000f36c                __malloc_trim_threshold
 .data.__malloc_sbrk_base
                0x2000f370        0x4 c:/isis/application/toolchain/bin/../lib/gcc/arm-none-eabi/4.7.4/../../../../arm-none-eabi/lib\libg.a(lib_a-mallocr.o)
                0x2000f370                __malloc_sbrk_base
 .data.lconv    0x2000f374       0x38 c:/isis/application/toolchain/bin/../lib/gcc/arm-none-eabi/4.7.4/../../../../arm-none-eabi/lib\libg.a(lib_a-locale.o)
 .data.lc_ctype_charset
                0x2000f3ac       0x20 c:/isis/application/toolchain/bin/../lib/gcc/arm-none-eabi/4.7.4/../../../../arm-none-eabi/lib\libg.a(lib_a-locale.o)
 .data.__mb_cur_max
                0x2000f3cc        0x4 c:/isis/application/toolchain/bin/../lib/gcc/arm-none-eabi/4.7.4/../../../../arm-none-eabi/lib\libg.a(lib_a-locale.o)
                0x2000f3cc                __mb_cur_max
 .data.__wctomb
                0x2000f3d0        0x4 c:/isis/application/toolchain/bin/../lib/gcc/arm-none-eabi/4.7.4/../../../../arm-none-eabi/lib\libg.a(lib_a-wctomb_r.o)
                0x2000f3d0                __wctomb
 *(.dyn)
 *(.iplt)
 .iplt          0x00000000        0x0 ./src/main.o
 *(.igot)
 *(.igot.plt)
 .igot.plt      0x00000000        0x0 ./src/main.o
 *(.rel.dyn)
 *(.rel.iplt)
 .rel.iplt      0x00000000        0x0 ./src/main.o
                0x2000f3d4                . = ALIGN (0x4)
                0x2000f3d4                _efixed = .

.ARM.exidx      0x2000f3d4        0x8
 *(.ARM.exidx)
 .ARM.exidx     0x2000f3d4        0x8 c:/isis/application/toolchain/bin/../lib/gcc/arm-none-eabi/4.7.4\libgcc.a(_divdi3.o)
 .ARM.exidx     0x2000f3dc        0x0 c:/isis/application/toolchain/bin/../lib/gcc/arm-none-eabi/4.7.4\libgcc.a(_udivdi3.o)
                                  0x8 (size before relaxing)
                0x2000f3dc                _eexidx = .

.ARM.extab      0x2000f3dc        0x0
 *(.ARM.extab)
                0x2000f3dc                _eextab = .

.prerelocate    0x00200000        0x0 load address 0x2000f3dc
                0x00200000                . = ALIGN (0x4)
                0x00200000                _sprerelocate = .
                0x00200000                . = ALIGN (0x4)
                0x00200000                _eprerelocate = .

.postrelocate   0x00200000      0x3d0 load address 0x2000f3dc
                0x00200000                . = ALIGN (0x4)
                0x00200000                _spostrelocate = .
 *(.vectors)
 .vectors       0x00200000       0xd4 C:/ISIS/ISIS-OBC/isis-obc-first-project/..//hal/at91/lib\libAt91D.a(board_cstartup.o)
 *(.sramfunc)
 .sramfunc      0x002000d4       0x98 C:/ISIS/ISIS-OBC/isis-obc-first-project/..//hal/hal/lib\libHALD.a(WatchDogTimerNoOS.o)
                0x002000d4                WDT_kickEveryNcalls
                0x0020011c                WDT_forceKick
 .sramfunc      0x0020016c       0x50 C:/ISIS/ISIS-OBC/isis-obc-first-project/..//hal/hal/lib\libHALD.a(WatchDogTimerOS.o)
 .sramfunc      0x002001bc      0x18c C:/ISIS/ISIS-OBC/isis-obc-first-project/..//hal/freertos/lib\libFreeRTOSD.a(port.o)
                0x002001bc                vPortTickISR
                0x00200294                vPortYieldProcessor
 .sramfunc      0x00200348       0x50 C:/ISIS/ISIS-OBC/isis-obc-first-project/..//hal/at91/lib\libAt91D.a(ExitHandler.o)
                0x00200348                gracefulReset
 .sramfunc.stub
                0x00200398       0x38 linker stubs
 *(.ramfunc)
                0x002003d0                . = ALIGN (0x4)
                0x002003d0                _epostrelocate = .

.sramdata       0x00300000        0xc load address 0x2000f7ac
                0x00300000                . = ALIGN (0x4)
                0x00300000                _ssramdata = .
 *(.sramdata)
 .sramdata      0x00300000        0x4 C:/ISIS/ISIS-OBC/isis-obc-first-project/..//hal/hal/lib\libHALD.a(WatchDogTimerNoOS.o)
 .sramdata      0x00300004        0x8 C:/ISIS/ISIS-OBC/isis-obc-first-project/..//hal/hal/lib\libHALD.a(WatchDogTimerOS.o)
                0x0030000c                . = ALIGN (0x4)
                0x0030000c                _esramdata = .

.srambss        0x0030000c        0x0
                0x0030000c                . = ALIGN (0x4)
                0x0030000c                _ssrambss = .
 *(.srambss)
                0x0030000c                . = ALIGN (0x4)
                0x0030000c                _esrambss = .

.bss            0x2000f3dc      0x194
                0x2000f3dc                _szero = .
 *(.bss)
 .bss           0x2000f3dc       0x10 C:/ISIS/ISIS-OBC/isis-obc-first-project/..//hal/hal/lib\libHALD.a(LED.o)
 .bss           0x2000f3ec        0x8 C:/ISIS/ISIS-OBC/isis-obc-first-project/..//hal/hal/lib\libHALD.a(WatchDogTimerOS.o)
 .bss           0x2000f3f4       0xfc C:/ISIS/ISIS-OBC/isis-obc-first-project/..//hal/freertos/lib\libFreeRTOSD.a(tasks.o)
                0x2000f3f4                pxCurrentTCB
 .bss           0x2000f4f0       0x38 C:/ISIS/ISIS-OBC/isis-obc-first-project/..//hal/freertos/lib\libFreeRTOSD.a(timers.o)
 .bss           0x2000f528        0x8 C:/ISIS/ISIS-OBC/isis-obc-first-project/..//hal/freertos/lib\libFreeRTOSD.a(standardMemMang.o)
 .bss           0x2000f530        0x8 C:/ISIS/ISIS-OBC/isis-obc-first-project/..//hal/freertos/lib\libFreeRTOSD.a(port.o)
 *(.bss.*)
 .bss.__malloc_max_total_mem
                0x2000f538        0x4 c:/isis/application/toolchain/bin/../lib/gcc/arm-none-eabi/4.7.4/../../../../arm-none-eabi/lib\libg.a(lib_a-mallocr.o)
                0x2000f538                __malloc_max_total_mem
 .bss.__malloc_max_sbrked_mem
                0x2000f53c        0x4 c:/isis/application/toolchain/bin/../lib/gcc/arm-none-eabi/4.7.4/../../../../arm-none-eabi/lib\libg.a(lib_a-mallocr.o)
                0x2000f53c                __malloc_max_sbrked_mem
 .bss.__malloc_top_pad
                0x2000f540        0x4 c:/isis/application/toolchain/bin/../lib/gcc/arm-none-eabi/4.7.4/../../../../arm-none-eabi/lib\libg.a(lib_a-mallocr.o)
                0x2000f540                __malloc_top_pad
 .bss.__malloc_current_mallinfo
                0x2000f544       0x28 c:/isis/application/toolchain/bin/../lib/gcc/arm-none-eabi/4.7.4/../../../../arm-none-eabi/lib\libg.a(lib_a-mallocr.o)
                0x2000f544                __malloc_current_mallinfo
 *(COMMON)
 COMMON         0x2000f56c        0x4 c:/isis/application/toolchain/bin/../lib/gcc/arm-none-eabi/4.7.4/../../../../arm-none-eabi/lib\libg.a(lib_a-reent.o)
                0x2000f56c                errno
 *(COMMON.*)
                0x2000f570                . = ALIGN (0x4)
                0x2000f570                _ezero = .
                0x2000f570                _sheap_ = .
                0x21f00000                _eheap_ = 0x21f00000
                0x21fffc00                _sstack = 0x21fffc00
                0x2000f570                end = .
OUTPUT(isis-obc-first-project.elf elf32-littlearm)

.debug_info     0x00000000     0x8fe1
 .debug_info    0x00000000      0x443 ./src/main.o
 .debug_info    0x00000443      0x506 C:/ISIS/ISIS-OBC/isis-obc-first-project/..//hal/hal/lib\libHALD.a(LED.o)
 .debug_info    0x00000949      0x3f1 C:/ISIS/ISIS-OBC/isis-obc-first-project/..//hal/hal/lib\libHALD.a(WatchDogTimerNoOS.o)
 .debug_info    0x00000d3a      0x1aa C:/ISIS/ISIS-OBC/isis-obc-first-project/..//hal/hal/lib\libHALD.a(WatchDogTimerOS.o)
 .debug_info    0x00000ee4       0xf6 C:/ISIS/ISIS-OBC/isis-obc-first-project/..//hal/hal/lib\libHALD.a(version.o)
 .debug_info    0x00000fda     0x17f9 C:/ISIS/ISIS-OBC/isis-obc-first-project/..//hal/freertos/lib\libFreeRTOSD.a(tasks.o)
 .debug_info    0x000027d3      0x762 C:/ISIS/ISIS-OBC/isis-obc-first-project/..//hal/freertos/lib\libFreeRTOSD.a(timers.o)
 .debug_info    0x00002f35       0xf4 C:/ISIS/ISIS-OBC/isis-obc-first-project/..//hal/freertos/lib\libFreeRTOSD.a(hooks.o)
 .debug_info    0x00003029      0x214 C:/ISIS/ISIS-OBC/isis-obc-first-project/..//hal/freertos/lib\libFreeRTOSD.a(standardMemMang.o)
 .debug_info    0x0000323d      0x5d3 C:/ISIS/ISIS-OBC/isis-obc-first-project/..//hal/freertos/lib\libFreeRTOSD.a(port.o)
 .debug_info    0x00003810      0xd24 C:/ISIS/ISIS-OBC/isis-obc-first-project/..//hal/freertos/lib\libFreeRTOSD.a(queue.o)
 .debug_info    0x00004534      0x2aa C:/ISIS/ISIS-OBC/isis-obc-first-project/..//hal/freertos/lib\libFreeRTOSD.a(list.o)
 .debug_info    0x000047de      0x597 C:/ISIS/ISIS-OBC/isis-obc-first-project/..//hal/at91/lib\libAt91D.a(syscalls.o)
 .debug_info    0x00004d75      0x287 C:/ISIS/ISIS-OBC/isis-obc-first-project/..//hal/at91/lib\libAt91D.a(aic.o)
 .debug_info    0x00004ffc      0xc4d C:/ISIS/ISIS-OBC/isis-obc-first-project/..//hal/at91/lib\libAt91D.a(cp15.o)
 .debug_info    0x00005c49      0xc6e C:/ISIS/ISIS-OBC/isis-obc-first-project/..//hal/at91/lib\libAt91D.a(dbgu.o)
 .debug_info    0x000068b7      0x734 C:/ISIS/ISIS-OBC/isis-obc-first-project/..//hal/at91/lib\libAt91D.a(pio.o)
 .debug_info    0x00006feb      0x1ae C:/ISIS/ISIS-OBC/isis-obc-first-project/..//hal/at91/lib\libAt91D.a(pit.o)
 .debug_info    0x00007199      0x457 C:/ISIS/ISIS-OBC/isis-obc-first-project/..//hal/at91/lib\libAt91D.a(ExitHandler.o)
 .debug_info    0x000075f0       0x92 C:/ISIS/ISIS-OBC/isis-obc-first-project/..//hal/at91/lib\libAt91D.a(board_cstartup.o)
 .debug_info    0x00007682       0x81 C:/ISIS/ISIS-OBC/isis-obc-first-project/..//hal/at91/lib\libAt91D.a(cp15_asm.o)
 .debug_info    0x00007703      0xf88 C:/ISIS/ISIS-OBC/isis-obc-first-project/..//hal/at91/lib\libAt91D.a(board_lowlevel.o)
 .debug_info    0x0000868b      0x956 C:/ISIS/ISIS-OBC/isis-obc-first-project/..//hal/at91/lib\libAt91D.a(board_memories.o)

.debug_abbrev   0x00000000     0x1bd9
 .debug_abbrev  0x00000000      0x13f ./src/main.o
 .debug_abbrev  0x0000013f      0x163 C:/ISIS/ISIS-OBC/isis-obc-first-project/..//hal/hal/lib\libHALD.a(LED.o)
 .debug_abbrev  0x000002a2       0xf6 C:/ISIS/ISIS-OBC/isis-obc-first-project/..//hal/hal/lib\libHALD.a(WatchDogTimerNoOS.o)
 .debug_abbrev  0x00000398       0xeb C:/ISIS/ISIS-OBC/isis-obc-first-project/..//hal/hal/lib\libHALD.a(WatchDogTimerOS.o)
 .debug_abbrev  0x00000483       0x45 C:/ISIS/ISIS-OBC/isis-obc-first-project/..//hal/hal/lib\libHALD.a(version.o)
 .debug_abbrev  0x000004c8      0x2b2 C:/ISIS/ISIS-OBC/isis-obc-first-project/..//hal/freertos/lib\libFreeRTOSD.a(tasks.o)
 .debug_abbrev  0x0000077a      0x170 C:/ISIS/ISIS-OBC/isis-obc-first-project/..//hal/freertos/lib\libFreeRTOSD.a(timers.o)
 .debug_abbrev  0x000008ea       0xa2 C:/ISIS/ISIS-OBC/isis-obc-first-project/..//hal/freertos/lib\libFreeRTOSD.a(hooks.o)
 .debug_abbrev  0x0000098c      0x116 C:/ISIS/ISIS-OBC/isis-obc-first-project/..//hal/freertos/lib\libFreeRTOSD.a(standardMemMang.o)
 .debug_abbrev  0x00000aa2      0x21e C:/ISIS/ISIS-OBC/isis-obc-first-project/..//hal/freertos/lib\libFreeRTOSD.a(port.o)
 .debug_abbrev  0x00000cc0      0x1af C:/ISIS/ISIS-OBC/isis-obc-first-project/..//hal/freertos/lib\libFreeRTOSD.a(queue.o)
 .debug_abbrev  0x00000e6f       0xc0 C:/ISIS/ISIS-OBC/isis-obc-first-project/..//hal/freertos/lib\libFreeRTOSD.a(list.o)
 .debug_abbrev  0x00000f2f      0x130 C:/ISIS/ISIS-OBC/isis-obc-first-project/..//hal/at91/lib\libAt91D.a(syscalls.o)
 .debug_abbrev  0x0000105f       0xc3 C:/ISIS/ISIS-OBC/isis-obc-first-project/..//hal/at91/lib\libAt91D.a(aic.o)
 .debug_abbrev  0x00001122      0x1f0 C:/ISIS/ISIS-OBC/isis-obc-first-project/..//hal/at91/lib\libAt91D.a(cp15.o)
 .debug_abbrev  0x00001312      0x1f7 C:/ISIS/ISIS-OBC/isis-obc-first-project/..//hal/at91/lib\libAt91D.a(dbgu.o)
 .debug_abbrev  0x00001509      0x185 C:/ISIS/ISIS-OBC/isis-obc-first-project/..//hal/at91/lib\libAt91D.a(pio.o)
 .debug_abbrev  0x0000168e       0xd3 C:/ISIS/ISIS-OBC/isis-obc-first-project/..//hal/at91/lib\libAt91D.a(pit.o)
 .debug_abbrev  0x00001761      0x15d C:/ISIS/ISIS-OBC/isis-obc-first-project/..//hal/at91/lib\libAt91D.a(ExitHandler.o)
 .debug_abbrev  0x000018be       0x12 C:/ISIS/ISIS-OBC/isis-obc-first-project/..//hal/at91/lib\libAt91D.a(board_cstartup.o)
 .debug_abbrev  0x000018d0       0x14 C:/ISIS/ISIS-OBC/isis-obc-first-project/..//hal/at91/lib\libAt91D.a(cp15_asm.o)
 .debug_abbrev  0x000018e4      0x1ac C:/ISIS/ISIS-OBC/isis-obc-first-project/..//hal/at91/lib\libAt91D.a(board_lowlevel.o)
 .debug_abbrev  0x00001a90      0x149 C:/ISIS/ISIS-OBC/isis-obc-first-project/..//hal/at91/lib\libAt91D.a(board_memories.o)

.debug_loc      0x00000000     0x2240
 .debug_loc     0x00000000       0x58 ./src/main.o
 .debug_loc     0x00000058      0x134 C:/ISIS/ISIS-OBC/isis-obc-first-project/..//hal/hal/lib\libHALD.a(LED.o)
 .debug_loc     0x0000018c       0x84 C:/ISIS/ISIS-OBC/isis-obc-first-project/..//hal/hal/lib\libHALD.a(WatchDogTimerNoOS.o)
 .debug_loc     0x00000210       0xb0 C:/ISIS/ISIS-OBC/isis-obc-first-project/..//hal/hal/lib\libHALD.a(WatchDogTimerOS.o)
 .debug_loc     0x000002c0      0x688 C:/ISIS/ISIS-OBC/isis-obc-first-project/..//hal/freertos/lib\libFreeRTOSD.a(tasks.o)
 .debug_loc     0x00000948      0x268 C:/ISIS/ISIS-OBC/isis-obc-first-project/..//hal/freertos/lib\libFreeRTOSD.a(timers.o)
 .debug_loc     0x00000bb0       0x84 C:/ISIS/ISIS-OBC/isis-obc-first-project/..//hal/freertos/lib\libFreeRTOSD.a(hooks.o)
 .debug_loc     0x00000c34      0x18c C:/ISIS/ISIS-OBC/isis-obc-first-project/..//hal/freertos/lib\libFreeRTOSD.a(standardMemMang.o)
 .debug_loc     0x00000dc0      0x1b8 C:/ISIS/ISIS-OBC/isis-obc-first-project/..//hal/freertos/lib\libFreeRTOSD.a(port.o)
 .debug_loc     0x00000f78      0x554 C:/ISIS/ISIS-OBC/isis-obc-first-project/..//hal/freertos/lib\libFreeRTOSD.a(queue.o)
 .debug_loc     0x000014cc       0xdc C:/ISIS/ISIS-OBC/isis-obc-first-project/..//hal/freertos/lib\libFreeRTOSD.a(list.o)
 .debug_loc     0x000015a8      0x2f8 C:/ISIS/ISIS-OBC/isis-obc-first-project/..//hal/at91/lib\libAt91D.a(syscalls.o)
 .debug_loc     0x000018a0       0x84 C:/ISIS/ISIS-OBC/isis-obc-first-project/..//hal/at91/lib\libAt91D.a(aic.o)
 .debug_loc     0x00001924      0x210 C:/ISIS/ISIS-OBC/isis-obc-first-project/..//hal/at91/lib\libAt91D.a(cp15.o)
 .debug_loc     0x00001b34      0x134 C:/ISIS/ISIS-OBC/isis-obc-first-project/..//hal/at91/lib\libAt91D.a(dbgu.o)
 .debug_loc     0x00001c68      0x1b8 C:/ISIS/ISIS-OBC/isis-obc-first-project/..//hal/at91/lib\libAt91D.a(pio.o)
 .debug_loc     0x00001e20      0x18c C:/ISIS/ISIS-OBC/isis-obc-first-project/..//hal/at91/lib\libAt91D.a(pit.o)
 .debug_loc     0x00001fac      0x108 C:/ISIS/ISIS-OBC/isis-obc-first-project/..//hal/at91/lib\libAt91D.a(ExitHandler.o)
 .debug_loc     0x000020b4       0xdc C:/ISIS/ISIS-OBC/isis-obc-first-project/..//hal/at91/lib\libAt91D.a(board_lowlevel.o)
 .debug_loc     0x00002190       0xb0 C:/ISIS/ISIS-OBC/isis-obc-first-project/..//hal/at91/lib\libAt91D.a(board_memories.o)

.debug_aranges  0x00000000      0x890
 .debug_aranges
                0x00000000       0x28 ./src/main.o
 .debug_aranges
                0x00000028       0x50 C:/ISIS/ISIS-OBC/isis-obc-first-project/..//hal/hal/lib\libHALD.a(LED.o)
 .debug_aranges
                0x00000078       0x30 C:/ISIS/ISIS-OBC/isis-obc-first-project/..//hal/hal/lib\libHALD.a(WatchDogTimerNoOS.o)
 .debug_aranges
                0x000000a8       0x38 C:/ISIS/ISIS-OBC/isis-obc-first-project/..//hal/hal/lib\libHALD.a(WatchDogTimerOS.o)
 .debug_aranges
                0x000000e0       0x18 C:/ISIS/ISIS-OBC/isis-obc-first-project/..//hal/hal/lib\libHALD.a(version.o)
 .debug_aranges
                0x000000f8      0x148 C:/ISIS/ISIS-OBC/isis-obc-first-project/..//hal/freertos/lib\libFreeRTOSD.a(tasks.o)
 .debug_aranges
                0x00000240       0x88 C:/ISIS/ISIS-OBC/isis-obc-first-project/..//hal/freertos/lib\libFreeRTOSD.a(timers.o)
 .debug_aranges
                0x000002c8       0x30 C:/ISIS/ISIS-OBC/isis-obc-first-project/..//hal/freertos/lib\libFreeRTOSD.a(hooks.o)
 .debug_aranges
                0x000002f8       0x60 C:/ISIS/ISIS-OBC/isis-obc-first-project/..//hal/freertos/lib\libFreeRTOSD.a(standardMemMang.o)
 .debug_aranges
                0x00000358       0x80 C:/ISIS/ISIS-OBC/isis-obc-first-project/..//hal/freertos/lib\libFreeRTOSD.a(port.o)
 .debug_aranges
                0x000003d8      0x110 C:/ISIS/ISIS-OBC/isis-obc-first-project/..//hal/freertos/lib\libFreeRTOSD.a(queue.o)
 .debug_aranges
                0x000004e8       0x40 C:/ISIS/ISIS-OBC/isis-obc-first-project/..//hal/freertos/lib\libFreeRTOSD.a(list.o)
 .debug_aranges
                0x00000528       0xa0 C:/ISIS/ISIS-OBC/isis-obc-first-project/..//hal/at91/lib\libAt91D.a(syscalls.o)
 .debug_aranges
                0x000005c8       0x30 C:/ISIS/ISIS-OBC/isis-obc-first-project/..//hal/at91/lib\libAt91D.a(aic.o)
 .debug_aranges
                0x000005f8       0x78 C:/ISIS/ISIS-OBC/isis-obc-first-project/..//hal/at91/lib\libAt91D.a(cp15.o)
 .debug_aranges
                0x00000670       0x50 C:/ISIS/ISIS-OBC/isis-obc-first-project/..//hal/at91/lib\libAt91D.a(dbgu.o)
 .debug_aranges
                0x000006c0       0x68 C:/ISIS/ISIS-OBC/isis-obc-first-project/..//hal/at91/lib\libAt91D.a(pio.o)
 .debug_aranges
                0x00000728       0x60 C:/ISIS/ISIS-OBC/isis-obc-first-project/..//hal/at91/lib\libAt91D.a(pit.o)
 .debug_aranges
                0x00000788       0x48 C:/ISIS/ISIS-OBC/isis-obc-first-project/..//hal/at91/lib\libAt91D.a(ExitHandler.o)
 .debug_aranges
                0x000007d0       0x28 C:/ISIS/ISIS-OBC/isis-obc-first-project/..//hal/at91/lib\libAt91D.a(board_cstartup.o)
 .debug_aranges
                0x000007f8       0x20 C:/ISIS/ISIS-OBC/isis-obc-first-project/..//hal/at91/lib\libAt91D.a(cp15_asm.o)
 .debug_aranges
                0x00000818       0x40 C:/ISIS/ISIS-OBC/isis-obc-first-project/..//hal/at91/lib\libAt91D.a(board_lowlevel.o)
 .debug_aranges
                0x00000858       0x38 C:/ISIS/ISIS-OBC/isis-obc-first-project/..//hal/at91/lib\libAt91D.a(board_memories.o)

.debug_ranges   0x00000000      0x728
 .debug_ranges  0x00000000       0x18 ./src/main.o
 .debug_ranges  0x00000018       0x40 C:/ISIS/ISIS-OBC/isis-obc-first-project/..//hal/hal/lib\libHALD.a(LED.o)
 .debug_ranges  0x00000058       0x20 C:/ISIS/ISIS-OBC/isis-obc-first-project/..//hal/hal/lib\libHALD.a(WatchDogTimerNoOS.o)
 .debug_ranges  0x00000078       0x28 C:/ISIS/ISIS-OBC/isis-obc-first-project/..//hal/hal/lib\libHALD.a(WatchDogTimerOS.o)
 .debug_ranges  0x000000a0      0x150 C:/ISIS/ISIS-OBC/isis-obc-first-project/..//hal/freertos/lib\libFreeRTOSD.a(tasks.o)
 .debug_ranges  0x000001f0       0x78 C:/ISIS/ISIS-OBC/isis-obc-first-project/..//hal/freertos/lib\libFreeRTOSD.a(timers.o)
 .debug_ranges  0x00000268       0x20 C:/ISIS/ISIS-OBC/isis-obc-first-project/..//hal/freertos/lib\libFreeRTOSD.a(hooks.o)
 .debug_ranges  0x00000288       0x50 C:/ISIS/ISIS-OBC/isis-obc-first-project/..//hal/freertos/lib\libFreeRTOSD.a(standardMemMang.o)
 .debug_ranges  0x000002d8       0x70 C:/ISIS/ISIS-OBC/isis-obc-first-project/..//hal/freertos/lib\libFreeRTOSD.a(port.o)
 .debug_ranges  0x00000348      0x100 C:/ISIS/ISIS-OBC/isis-obc-first-project/..//hal/freertos/lib\libFreeRTOSD.a(queue.o)
 .debug_ranges  0x00000448       0x30 C:/ISIS/ISIS-OBC/isis-obc-first-project/..//hal/freertos/lib\libFreeRTOSD.a(list.o)
 .debug_ranges  0x00000478       0x90 C:/ISIS/ISIS-OBC/isis-obc-first-project/..//hal/at91/lib\libAt91D.a(syscalls.o)
 .debug_ranges  0x00000508       0x20 C:/ISIS/ISIS-OBC/isis-obc-first-project/..//hal/at91/lib\libAt91D.a(aic.o)
 .debug_ranges  0x00000528       0x68 C:/ISIS/ISIS-OBC/isis-obc-first-project/..//hal/at91/lib\libAt91D.a(cp15.o)
 .debug_ranges  0x00000590       0x40 C:/ISIS/ISIS-OBC/isis-obc-first-project/..//hal/at91/lib\libAt91D.a(dbgu.o)
 .debug_ranges  0x000005d0       0x58 C:/ISIS/ISIS-OBC/isis-obc-first-project/..//hal/at91/lib\libAt91D.a(pio.o)
 .debug_ranges  0x00000628       0x50 C:/ISIS/ISIS-OBC/isis-obc-first-project/..//hal/at91/lib\libAt91D.a(pit.o)
 .debug_ranges  0x00000678       0x38 C:/ISIS/ISIS-OBC/isis-obc-first-project/..//hal/at91/lib\libAt91D.a(ExitHandler.o)
 .debug_ranges  0x000006b0       0x20 C:/ISIS/ISIS-OBC/isis-obc-first-project/..//hal/at91/lib\libAt91D.a(board_cstartup.o)
 .debug_ranges  0x000006d0       0x30 C:/ISIS/ISIS-OBC/isis-obc-first-project/..//hal/at91/lib\libAt91D.a(board_lowlevel.o)
 .debug_ranges  0x00000700       0x28 C:/ISIS/ISIS-OBC/isis-obc-first-project/..//hal/at91/lib\libAt91D.a(board_memories.o)

.debug_line     0x00000000     0x3005
 .debug_line    0x00000000      0x26b ./src/main.o
 .debug_line    0x0000026b      0x1fa C:/ISIS/ISIS-OBC/isis-obc-first-project/..//hal/hal/lib\libHALD.a(LED.o)
 .debug_line    0x00000465       0xe3 C:/ISIS/ISIS-OBC/isis-obc-first-project/..//hal/hal/lib\libHALD.a(WatchDogTimerNoOS.o)
 .debug_line    0x00000548      0x147 C:/ISIS/ISIS-OBC/isis-obc-first-project/..//hal/hal/lib\libHALD.a(WatchDogTimerOS.o)
 .debug_line    0x0000068f       0x36 C:/ISIS/ISIS-OBC/isis-obc-first-project/..//hal/hal/lib\libHALD.a(version.o)
 .debug_line    0x000006c5      0x8c0 C:/ISIS/ISIS-OBC/isis-obc-first-project/..//hal/freertos/lib\libFreeRTOSD.a(tasks.o)
 .debug_line    0x00000f85      0x2a6 C:/ISIS/ISIS-OBC/isis-obc-first-project/..//hal/freertos/lib\libFreeRTOSD.a(timers.o)
 .debug_line    0x0000122b       0x89 C:/ISIS/ISIS-OBC/isis-obc-first-project/..//hal/freertos/lib\libFreeRTOSD.a(hooks.o)
 .debug_line    0x000012b4      0x13e C:/ISIS/ISIS-OBC/isis-obc-first-project/..//hal/freertos/lib\libFreeRTOSD.a(standardMemMang.o)
 .debug_line    0x000013f2      0x215 C:/ISIS/ISIS-OBC/isis-obc-first-project/..//hal/freertos/lib\libFreeRTOSD.a(port.o)
 .debug_line    0x00001607      0x671 C:/ISIS/ISIS-OBC/isis-obc-first-project/..//hal/freertos/lib\libFreeRTOSD.a(queue.o)
 .debug_line    0x00001c78      0x10e C:/ISIS/ISIS-OBC/isis-obc-first-project/..//hal/freertos/lib\libFreeRTOSD.a(list.o)
 .debug_line    0x00001d86      0x2e4 C:/ISIS/ISIS-OBC/isis-obc-first-project/..//hal/at91/lib\libAt91D.a(syscalls.o)
 .debug_line    0x0000206a       0xb2 C:/ISIS/ISIS-OBC/isis-obc-first-project/..//hal/at91/lib\libAt91D.a(aic.o)
 .debug_line    0x0000211c      0x223 C:/ISIS/ISIS-OBC/isis-obc-first-project/..//hal/at91/lib\libAt91D.a(cp15.o)
 .debug_line    0x0000233f      0x278 C:/ISIS/ISIS-OBC/isis-obc-first-project/..//hal/at91/lib\libAt91D.a(dbgu.o)
 .debug_line    0x000025b7      0x1b7 C:/ISIS/ISIS-OBC/isis-obc-first-project/..//hal/at91/lib\libAt91D.a(pio.o)
 .debug_line    0x0000276e      0x136 C:/ISIS/ISIS-OBC/isis-obc-first-project/..//hal/at91/lib\libAt91D.a(pit.o)
 .debug_line    0x000028a4      0x29a C:/ISIS/ISIS-OBC/isis-obc-first-project/..//hal/at91/lib\libAt91D.a(ExitHandler.o)
 .debug_line    0x00002b3e      0x11d C:/ISIS/ISIS-OBC/isis-obc-first-project/..//hal/at91/lib\libAt91D.a(board_cstartup.o)
 .debug_line    0x00002c5b       0x6f C:/ISIS/ISIS-OBC/isis-obc-first-project/..//hal/at91/lib\libAt91D.a(cp15_asm.o)
 .debug_line    0x00002cca      0x1fb C:/ISIS/ISIS-OBC/isis-obc-first-project/..//hal/at91/lib\libAt91D.a(board_lowlevel.o)
 .debug_line    0x00002ec5      0x140 C:/ISIS/ISIS-OBC/isis-obc-first-project/..//hal/at91/lib\libAt91D.a(board_memories.o)

.debug_str      0x00000000     0x2ae8
 .debug_str     0x00000000      0x2bc ./src/main.o
                                0x309 (size before relaxing)
 .debug_str     0x000002bc       0xc7 C:/ISIS/ISIS-OBC/isis-obc-first-project/..//hal/hal/lib\libHALD.a(LED.o)
                                0x31d (size before relaxing)
 .debug_str     0x00000383       0x6b C:/ISIS/ISIS-OBC/isis-obc-first-project/..//hal/hal/lib\libHALD.a(WatchDogTimerNoOS.o)
                                0x2f3 (size before relaxing)
 .debug_str     0x000003ee       0xda C:/ISIS/ISIS-OBC/isis-obc-first-project/..//hal/hal/lib\libHALD.a(WatchDogTimerOS.o)
                                0x22e (size before relaxing)
 .debug_str     0x000004c8       0x4b C:/ISIS/ISIS-OBC/isis-obc-first-project/..//hal/hal/lib\libHALD.a(version.o)
                                0x10d (size before relaxing)
 .debug_str     0x00000513      0xc19 C:/ISIS/ISIS-OBC/isis-obc-first-project/..//hal/freertos/lib\libFreeRTOSD.a(tasks.o)
                                0xd57 (size before relaxing)
 .debug_str     0x0000112c      0x366 C:/ISIS/ISIS-OBC/isis-obc-first-project/..//hal/freertos/lib\libFreeRTOSD.a(timers.o)
                                0x565 (size before relaxing)
 .debug_str     0x00001492       0x57 C:/ISIS/ISIS-OBC/isis-obc-first-project/..//hal/freertos/lib\libFreeRTOSD.a(hooks.o)
                                0x19b (size before relaxing)
 .debug_str     0x000014e9       0xfc C:/ISIS/ISIS-OBC/isis-obc-first-project/..//hal/freertos/lib\libFreeRTOSD.a(standardMemMang.o)
                                0x238 (size before relaxing)
 .debug_str     0x000015e5      0x31d C:/ISIS/ISIS-OBC/isis-obc-first-project/..//hal/freertos/lib\libFreeRTOSD.a(port.o)
                                0x492 (size before relaxing)
 .debug_str     0x00001902      0x4de C:/ISIS/ISIS-OBC/isis-obc-first-project/..//hal/freertos/lib\libFreeRTOSD.a(queue.o)
                                0x76b (size before relaxing)
 .debug_str     0x00001de0       0xa1 C:/ISIS/ISIS-OBC/isis-obc-first-project/..//hal/freertos/lib\libFreeRTOSD.a(list.o)
                                0x257 (size before relaxing)
 .debug_str     0x00001e81      0x199 C:/ISIS/ISIS-OBC/isis-obc-first-project/..//hal/at91/lib\libAt91D.a(syscalls.o)
                                0x2c6 (size before relaxing)
 .debug_str     0x0000201a      0x104 C:/ISIS/ISIS-OBC/isis-obc-first-project/..//hal/at91/lib\libAt91D.a(aic.o)
                                0x1be (size before relaxing)
 .debug_str     0x0000211e      0x133 C:/ISIS/ISIS-OBC/isis-obc-first-project/..//hal/at91/lib\libAt91D.a(cp15.o)
                                0x602 (size before relaxing)
 .debug_str     0x00002251       0x7e C:/ISIS/ISIS-OBC/isis-obc-first-project/..//hal/at91/lib\libAt91D.a(dbgu.o)
                                0x65a (size before relaxing)
 .debug_str     0x000022cf      0x180 C:/ISIS/ISIS-OBC/isis-obc-first-project/..//hal/at91/lib\libAt91D.a(pio.o)
                                0x408 (size before relaxing)
 .debug_str     0x0000244f       0x9b C:/ISIS/ISIS-OBC/isis-obc-first-project/..//hal/at91/lib\libAt91D.a(pit.o)
                                0x17c (size before relaxing)
 .debug_str     0x000024ea      0x1b1 C:/ISIS/ISIS-OBC/isis-obc-first-project/..//hal/at91/lib\libAt91D.a(ExitHandler.o)
                                0x2e5 (size before relaxing)
 .debug_str     0x0000269b      0x23d C:/ISIS/ISIS-OBC/isis-obc-first-project/..//hal/at91/lib\libAt91D.a(board_lowlevel.o)
                                0x88a (size before relaxing)
 .debug_str     0x000028d8      0x210 C:/ISIS/ISIS-OBC/isis-obc-first-project/..//hal/at91/lib\libAt91D.a(board_memories.o)
                                0x641 (size before relaxing)

.comment        0x00000000       0x70
 .comment       0x00000000       0x70 ./src/main.o
                                 0x71 (size before relaxing)
 .comment       0x00000000       0x71 C:/ISIS/ISIS-OBC/isis-obc-first-project/..//hal/hal/lib\libHALD.a(LED.o)
 .comment       0x00000000       0x71 C:/ISIS/ISIS-OBC/isis-obc-first-project/..//hal/hal/lib\libHALD.a(WatchDogTimerNoOS.o)
 .comment       0x00000000       0x71 C:/ISIS/ISIS-OBC/isis-obc-first-project/..//hal/hal/lib\libHALD.a(WatchDogTimerOS.o)
 .comment       0x00000000       0x71 C:/ISIS/ISIS-OBC/isis-obc-first-project/..//hal/hal/lib\libHALD.a(version.o)
 .comment       0x00000000       0x71 C:/ISIS/ISIS-OBC/isis-obc-first-project/..//hal/freertos/lib\libFreeRTOSD.a(tasks.o)
 .comment       0x00000000       0x71 C:/ISIS/ISIS-OBC/isis-obc-first-project/..//hal/freertos/lib\libFreeRTOSD.a(timers.o)
 .comment       0x00000000       0x71 C:/ISIS/ISIS-OBC/isis-obc-first-project/..//hal/freertos/lib\libFreeRTOSD.a(hooks.o)
 .comment       0x00000000       0x71 C:/ISIS/ISIS-OBC/isis-obc-first-project/..//hal/freertos/lib\libFreeRTOSD.a(standardMemMang.o)
 .comment       0x00000000       0x71 C:/ISIS/ISIS-OBC/isis-obc-first-project/..//hal/freertos/lib\libFreeRTOSD.a(port.o)
 .comment       0x00000000       0x71 C:/ISIS/ISIS-OBC/isis-obc-first-project/..//hal/freertos/lib\libFreeRTOSD.a(queue.o)
 .comment       0x00000000       0x71 C:/ISIS/ISIS-OBC/isis-obc-first-project/..//hal/freertos/lib\libFreeRTOSD.a(list.o)
 .comment       0x00000000       0x71 C:/ISIS/ISIS-OBC/isis-obc-first-project/..//hal/at91/lib\libAt91D.a(syscalls.o)
 .comment       0x00000000       0x71 C:/ISIS/ISIS-OBC/isis-obc-first-project/..//hal/at91/lib\libAt91D.a(aic.o)
 .comment       0x00000000       0x71 C:/ISIS/ISIS-OBC/isis-obc-first-project/..//hal/at91/lib\libAt91D.a(cp15.o)
 .comment       0x00000000       0x71 C:/ISIS/ISIS-OBC/isis-obc-first-project/..//hal/at91/lib\libAt91D.a(dbgu.o)
 .comment       0x00000000       0x71 C:/ISIS/ISIS-OBC/isis-obc-first-project/..//hal/at91/lib\libAt91D.a(pio.o)
 .comment       0x00000000       0x71 C:/ISIS/ISIS-OBC/isis-obc-first-project/..//hal/at91/lib\libAt91D.a(pit.o)
 .comment       0x00000000       0x71 C:/ISIS/ISIS-OBC/isis-obc-first-project/..//hal/at91/lib\libAt91D.a(ExitHandler.o)
 .comment       0x00000000       0x71 C:/ISIS/ISIS-OBC/isis-obc-first-project/..//hal/at91/lib\libAt91D.a(board_lowlevel.o)
 .comment       0x00000000       0x71 C:/ISIS/ISIS-OBC/isis-obc-first-project/..//hal/at91/lib\libAt91D.a(board_memories.o)

.ARM.attributes
                0x00000000       0x30
 .ARM.attributes
                0x00000000       0x32 ./src/main.o
 .ARM.attributes
                0x00000032       0x32 C:/ISIS/ISIS-OBC/isis-obc-first-project/..//hal/hal/lib\libHALD.a(LED.o)
 .ARM.attributes
                0x00000064       0x32 C:/ISIS/ISIS-OBC/isis-obc-first-project/..//hal/hal/lib\libHALD.a(WatchDogTimerNoOS.o)
 .ARM.attributes
                0x00000096       0x32 C:/ISIS/ISIS-OBC/isis-obc-first-project/..//hal/hal/lib\libHALD.a(WatchDogTimerOS.o)
 .ARM.attributes
                0x000000c8       0x32 C:/ISIS/ISIS-OBC/isis-obc-first-project/..//hal/hal/lib\libHALD.a(version.o)
 .ARM.attributes
                0x000000fa       0x32 C:/ISIS/ISIS-OBC/isis-obc-first-project/..//hal/freertos/lib\libFreeRTOSD.a(tasks.o)
 .ARM.attributes
                0x0000012c       0x32 C:/ISIS/ISIS-OBC/isis-obc-first-project/..//hal/freertos/lib\libFreeRTOSD.a(timers.o)
 .ARM.attributes
                0x0000015e       0x32 C:/ISIS/ISIS-OBC/isis-obc-first-project/..//hal/freertos/lib\libFreeRTOSD.a(hooks.o)
 .ARM.attributes
                0x00000190       0x32 C:/ISIS/ISIS-OBC/isis-obc-first-project/..//hal/freertos/lib\libFreeRTOSD.a(standardMemMang.o)
 .ARM.attributes
                0x000001c2       0x32 C:/ISIS/ISIS-OBC/isis-obc-first-project/..//hal/freertos/lib\libFreeRTOSD.a(port.o)
 .ARM.attributes
                0x000001f4       0x32 C:/ISIS/ISIS-OBC/isis-obc-first-project/..//hal/freertos/lib\libFreeRTOSD.a(queue.o)
 .ARM.attributes
                0x00000226       0x32 C:/ISIS/ISIS-OBC/isis-obc-first-project/..//hal/freertos/lib\libFreeRTOSD.a(list.o)
 .ARM.attributes
                0x00000258       0x32 C:/ISIS/ISIS-OBC/isis-obc-first-project/..//hal/at91/lib\libAt91D.a(syscalls.o)
 .ARM.attributes
                0x0000028a       0x32 C:/ISIS/ISIS-OBC/isis-obc-first-project/..//hal/at91/lib\libAt91D.a(aic.o)
 .ARM.attributes
                0x000002bc       0x32 C:/ISIS/ISIS-OBC/isis-obc-first-project/..//hal/at91/lib\libAt91D.a(cp15.o)
 .ARM.attributes
                0x000002ee       0x32 C:/ISIS/ISIS-OBC/isis-obc-first-project/..//hal/at91/lib\libAt91D.a(dbgu.o)
 .ARM.attributes
                0x00000320       0x32 C:/ISIS/ISIS-OBC/isis-obc-first-project/..//hal/at91/lib\libAt91D.a(pio.o)
 .ARM.attributes
                0x00000352       0x32 C:/ISIS/ISIS-OBC/isis-obc-first-project/..//hal/at91/lib\libAt91D.a(pit.o)
 .ARM.attributes
                0x00000384       0x32 C:/ISIS/ISIS-OBC/isis-obc-first-project/..//hal/at91/lib\libAt91D.a(ExitHandler.o)
 .ARM.attributes
                0x000003b6       0x22 C:/ISIS/ISIS-OBC/isis-obc-first-project/..//hal/at91/lib\libAt91D.a(board_cstartup.o)
 .ARM.attributes
                0x000003d8       0x22 C:/ISIS/ISIS-OBC/isis-obc-first-project/..//hal/at91/lib\libAt91D.a(cp15_asm.o)
 .ARM.attributes
                0x000003fa       0x32 C:/ISIS/ISIS-OBC/isis-obc-first-project/..//hal/at91/lib\libAt91D.a(board_lowlevel.o)
 .ARM.attributes
                0x0000042c       0x32 C:/ISIS/ISIS-OBC/isis-obc-first-project/..//hal/at91/lib\libAt91D.a(board_memories.o)
 .ARM.attributes
                0x0000045e       0x18 c:/isis/application/toolchain/bin/../lib/gcc/arm-none-eabi/4.7.4\libgcc.a(_udivsi3.o)
 .ARM.attributes
                0x00000476       0x18 c:/isis/application/toolchain/bin/../lib/gcc/arm-none-eabi/4.7.4\libgcc.a(_dvmd_tls.o)
 .ARM.attributes
                0x0000048e       0x30 c:/isis/application/toolchain/bin/../lib/gcc/arm-none-eabi/4.7.4/../../../../arm-none-eabi/lib\libg.a(lib_a-errno.o)
 .ARM.attributes
                0x000004be       0x30 c:/isis/application/toolchain/bin/../lib/gcc/arm-none-eabi/4.7.4/../../../../arm-none-eabi/lib\libg.a(lib_a-fflush.o)
 .ARM.attributes
                0x000004ee       0x30 c:/isis/application/toolchain/bin/../lib/gcc/arm-none-eabi/4.7.4/../../../../arm-none-eabi/lib\libg.a(lib_a-findfp.o)
 .ARM.attributes
                0x0000051e       0x30 c:/isis/application/toolchain/bin/../lib/gcc/arm-none-eabi/4.7.4/../../../../arm-none-eabi/lib\libg.a(lib_a-freer.o)
 .ARM.attributes
                0x0000054e       0x30 c:/isis/application/toolchain/bin/../lib/gcc/arm-none-eabi/4.7.4/../../../../arm-none-eabi/lib\libg.a(lib_a-fwalk.o)
 .ARM.attributes
                0x0000057e       0x30 c:/isis/application/toolchain/bin/../lib/gcc/arm-none-eabi/4.7.4/../../../../arm-none-eabi/lib\libg.a(lib_a-impure.o)
 .ARM.attributes
                0x000005ae       0x30 c:/isis/application/toolchain/bin/../lib/gcc/arm-none-eabi/4.7.4/../../../../arm-none-eabi/lib\libg.a(lib_a-malloc.o)
 .ARM.attributes
                0x000005de       0x30 c:/isis/application/toolchain/bin/../lib/gcc/arm-none-eabi/4.7.4/../../../../arm-none-eabi/lib\libg.a(lib_a-mallocr.o)
 .ARM.attributes
                0x0000060e       0x30 c:/isis/application/toolchain/bin/../lib/gcc/arm-none-eabi/4.7.4/../../../../arm-none-eabi/lib\libg.a(lib_a-memcpy.o)
 .ARM.attributes
                0x0000063e       0x30 c:/isis/application/toolchain/bin/../lib/gcc/arm-none-eabi/4.7.4/../../../../arm-none-eabi/lib\libg.a(lib_a-memset.o)
 .ARM.attributes
                0x0000066e       0x30 c:/isis/application/toolchain/bin/../lib/gcc/arm-none-eabi/4.7.4/../../../../arm-none-eabi/lib\libg.a(lib_a-printf.o)
 .ARM.attributes
                0x0000069e       0x30 c:/isis/application/toolchain/bin/../lib/gcc/arm-none-eabi/4.7.4/../../../../arm-none-eabi/lib\libg.a(lib_a-sbrkr.o)
 .ARM.attributes
                0x000006ce       0x30 c:/isis/application/toolchain/bin/../lib/gcc/arm-none-eabi/4.7.4/../../../../arm-none-eabi/lib\libg.a(lib_a-stdio.o)
 .ARM.attributes
                0x000006fe       0x30 c:/isis/application/toolchain/bin/../lib/gcc/arm-none-eabi/4.7.4/../../../../arm-none-eabi/lib\libg.a(lib_a-syswrite.o)
 .ARM.attributes
                0x0000072e       0x30 c:/isis/application/toolchain/bin/../lib/gcc/arm-none-eabi/4.7.4/../../../../arm-none-eabi/lib\libg.a(lib_a-vfprintf.o)
 .ARM.attributes
                0x0000075e       0x30 c:/isis/application/toolchain/bin/../lib/gcc/arm-none-eabi/4.7.4/../../../../arm-none-eabi/lib\libg.a(lib_a-writer.o)
 .ARM.attributes
                0x0000078e       0x30 c:/isis/application/toolchain/bin/../lib/gcc/arm-none-eabi/4.7.4/../../../../arm-none-eabi/lib\libg.a(lib_a-wsetup.o)
 .ARM.attributes
                0x000007be       0x30 c:/isis/application/toolchain/bin/../lib/gcc/arm-none-eabi/4.7.4/../../../../arm-none-eabi/lib\libg.a(lib_a-closer.o)
 .ARM.attributes
                0x000007ee       0x30 c:/isis/application/toolchain/bin/../lib/gcc/arm-none-eabi/4.7.4/../../../../arm-none-eabi/lib\libg.a(lib_a-dtoa.o)
 .ARM.attributes
                0x0000081e       0x30 c:/isis/application/toolchain/bin/../lib/gcc/arm-none-eabi/4.7.4/../../../../arm-none-eabi/lib\libg.a(lib_a-fclose.o)
 .ARM.attributes
                0x0000084e       0x30 c:/isis/application/toolchain/bin/../lib/gcc/arm-none-eabi/4.7.4/../../../../arm-none-eabi/lib\libg.a(lib_a-locale.o)
 .ARM.attributes
                0x0000087e       0x30 c:/isis/application/toolchain/bin/../lib/gcc/arm-none-eabi/4.7.4/../../../../arm-none-eabi/lib\libg.a(lib_a-lseekr.o)
 .ARM.attributes
                0x000008ae       0x30 c:/isis/application/toolchain/bin/../lib/gcc/arm-none-eabi/4.7.4/../../../../arm-none-eabi/lib\libg.a(lib_a-makebuf.o)
 .ARM.attributes
                0x000008de       0x30 c:/isis/application/toolchain/bin/../lib/gcc/arm-none-eabi/4.7.4/../../../../arm-none-eabi/lib\libg.a(lib_a-memchr.o)
 .ARM.attributes
                0x0000090e       0x30 c:/isis/application/toolchain/bin/../lib/gcc/arm-none-eabi/4.7.4/../../../../arm-none-eabi/lib\libg.a(lib_a-mprec.o)
 .ARM.attributes
                0x0000093e       0x30 c:/isis/application/toolchain/bin/../lib/gcc/arm-none-eabi/4.7.4/../../../../arm-none-eabi/lib\libg.a(lib_a-readr.o)
 .ARM.attributes
                0x0000096e       0x30 c:/isis/application/toolchain/bin/../lib/gcc/arm-none-eabi/4.7.4/../../../../arm-none-eabi/lib\libg.a(lib_a-reent.o)
 .ARM.attributes
                0x0000099e       0x30 c:/isis/application/toolchain/bin/../lib/gcc/arm-none-eabi/4.7.4/../../../../arm-none-eabi/lib\libg.a(lib_a-s_fpclassify.o)
 .ARM.attributes
                0x000009ce       0x30 c:/isis/application/toolchain/bin/../lib/gcc/arm-none-eabi/4.7.4/../../../../arm-none-eabi/lib\libg.a(lib_a-strlen.o)
 .ARM.attributes
                0x000009fe       0x30 c:/isis/application/toolchain/bin/../lib/gcc/arm-none-eabi/4.7.4/../../../../arm-none-eabi/lib\libg.a(lib_a-vfiprintf.o)
 .ARM.attributes
                0x00000a2e       0x30 c:/isis/application/toolchain/bin/../lib/gcc/arm-none-eabi/4.7.4/../../../../arm-none-eabi/lib\libg.a(lib_a-callocr.o)
 .ARM.attributes
                0x00000a5e       0x30 c:/isis/application/toolchain/bin/../lib/gcc/arm-none-eabi/4.7.4/../../../../arm-none-eabi/lib\libg.a(lib_a-fputwc.o)
 .ARM.attributes
                0x00000a8e       0x30 c:/isis/application/toolchain/bin/../lib/gcc/arm-none-eabi/4.7.4/../../../../arm-none-eabi/lib\libg.a(lib_a-fstatr.o)
 .ARM.attributes
                0x00000abe       0x30 c:/isis/application/toolchain/bin/../lib/gcc/arm-none-eabi/4.7.4/../../../../arm-none-eabi/lib\libg.a(lib_a-fvwrite.o)
 .ARM.attributes
                0x00000aee       0x30 c:/isis/application/toolchain/bin/../lib/gcc/arm-none-eabi/4.7.4/../../../../arm-none-eabi/lib\libg.a(lib_a-isattyr.o)
 .ARM.attributes
                0x00000b1e       0x30 c:/isis/application/toolchain/bin/../lib/gcc/arm-none-eabi/4.7.4/../../../../arm-none-eabi/lib\libg.a(lib_a-memmove.o)
 .ARM.attributes
                0x00000b4e       0x30 c:/isis/application/toolchain/bin/../lib/gcc/arm-none-eabi/4.7.4/../../../../arm-none-eabi/lib\libg.a(lib_a-reallocr.o)
 .ARM.attributes
                0x00000b7e       0x30 c:/isis/application/toolchain/bin/../lib/gcc/arm-none-eabi/4.7.4/../../../../arm-none-eabi/lib\libg.a(lib_a-wbuf.o)
 .ARM.attributes
                0x00000bae       0x30 c:/isis/application/toolchain/bin/../lib/gcc/arm-none-eabi/4.7.4/../../../../arm-none-eabi/lib\libg.a(lib_a-wcrtomb.o)
 .ARM.attributes
                0x00000bde       0x30 c:/isis/application/toolchain/bin/../lib/gcc/arm-none-eabi/4.7.4/../../../../arm-none-eabi/lib\libg.a(lib_a-wctomb_r.o)
 .ARM.attributes
                0x00000c0e       0x18 c:/isis/application/toolchain/bin/../lib/gcc/arm-none-eabi/4.7.4\libgcc.a(_arm_addsubdf3.o)
 .ARM.attributes
                0x00000c26       0x18 c:/isis/application/toolchain/bin/../lib/gcc/arm-none-eabi/4.7.4\libgcc.a(_arm_muldivdf3.o)
 .ARM.attributes
                0x00000c3e       0x18 c:/isis/application/toolchain/bin/../lib/gcc/arm-none-eabi/4.7.4\libgcc.a(_arm_cmpdf2.o)
 .ARM.attributes
                0x00000c56       0x18 c:/isis/application/toolchain/bin/../lib/gcc/arm-none-eabi/4.7.4\libgcc.a(_arm_fixdfsi.o)
 .ARM.attributes
                0x00000c6e       0x18 c:/isis/application/toolchain/bin/../lib/gcc/arm-none-eabi/4.7.4\libgcc.a(_aeabi_uldivmod.o)
 .ARM.attributes
                0x00000c86       0x30 c:/isis/application/toolchain/bin/../lib/gcc/arm-none-eabi/4.7.4\libgcc.a(bpabi.o)
 .ARM.attributes
                0x00000cb6       0x30 c:/isis/application/toolchain/bin/../lib/gcc/arm-none-eabi/4.7.4\libgcc.a(_divdi3.o)
 .ARM.attributes
                0x00000ce6       0x30 c:/isis/application/toolchain/bin/../lib/gcc/arm-none-eabi/4.7.4\libgcc.a(_udivdi3.o)
 .ARM.attributes
                0x00000d16       0x18 c:/isis/application/toolchain/bin/../lib/gcc/arm-none-eabi/4.7.4\libgcc.a(_clzsi2.o)

.debug_frame    0x00000000     0x240c
 .debug_frame   0x00000000       0x48 ./src/main.o
 .debug_frame   0x00000048       0xd0 C:/ISIS/ISIS-OBC/isis-obc-first-project/..//hal/hal/lib\libHALD.a(LED.o)
 .debug_frame   0x00000118       0x64 C:/ISIS/ISIS-OBC/isis-obc-first-project/..//hal/hal/lib\libHALD.a(WatchDogTimerNoOS.o)
 .debug_frame   0x0000017c       0x80 C:/ISIS/ISIS-OBC/isis-obc-first-project/..//hal/hal/lib\libHALD.a(WatchDogTimerOS.o)
 .debug_frame   0x000001fc      0x420 C:/ISIS/ISIS-OBC/isis-obc-first-project/..//hal/freertos/lib\libFreeRTOSD.a(tasks.o)
 .debug_frame   0x0000061c      0x190 C:/ISIS/ISIS-OBC/isis-obc-first-project/..//hal/freertos/lib\libFreeRTOSD.a(timers.o)
 .debug_frame   0x000007ac       0x60 C:/ISIS/ISIS-OBC/isis-obc-first-project/..//hal/freertos/lib\libFreeRTOSD.a(hooks.o)
 .debug_frame   0x0000080c      0x104 C:/ISIS/ISIS-OBC/isis-obc-first-project/..//hal/freertos/lib\libFreeRTOSD.a(standardMemMang.o)
 .debug_frame   0x00000910      0x13c C:/ISIS/ISIS-OBC/isis-obc-first-project/..//hal/freertos/lib\libFreeRTOSD.a(port.o)
 .debug_frame   0x00000a4c      0x374 C:/ISIS/ISIS-OBC/isis-obc-first-project/..//hal/freertos/lib\libFreeRTOSD.a(queue.o)
 .debug_frame   0x00000dc0       0x88 C:/ISIS/ISIS-OBC/isis-obc-first-project/..//hal/freertos/lib\libFreeRTOSD.a(list.o)
 .debug_frame   0x00000e48      0x1c4 C:/ISIS/ISIS-OBC/isis-obc-first-project/..//hal/at91/lib\libAt91D.a(syscalls.o)
 .debug_frame   0x0000100c       0x58 C:/ISIS/ISIS-OBC/isis-obc-first-project/..//hal/at91/lib\libAt91D.a(aic.o)
 .debug_frame   0x00001064      0x160 C:/ISIS/ISIS-OBC/isis-obc-first-project/..//hal/at91/lib\libAt91D.a(cp15.o)
 .debug_frame   0x000011c4       0xcc C:/ISIS/ISIS-OBC/isis-obc-first-project/..//hal/at91/lib\libAt91D.a(dbgu.o)
 .debug_frame   0x00001290      0x104 C:/ISIS/ISIS-OBC/isis-obc-first-project/..//hal/at91/lib\libAt91D.a(pio.o)
 .debug_frame   0x00001394       0xe8 C:/ISIS/ISIS-OBC/isis-obc-first-project/..//hal/at91/lib\libAt91D.a(pit.o)
 .debug_frame   0x0000147c       0xb8 C:/ISIS/ISIS-OBC/isis-obc-first-project/..//hal/at91/lib\libAt91D.a(ExitHandler.o)
 .debug_frame   0x00001534       0x98 C:/ISIS/ISIS-OBC/isis-obc-first-project/..//hal/at91/lib\libAt91D.a(board_lowlevel.o)
 .debug_frame   0x000015cc       0x74 C:/ISIS/ISIS-OBC/isis-obc-first-project/..//hal/at91/lib\libAt91D.a(board_memories.o)
 .debug_frame   0x00001640       0x20 c:/isis/application/toolchain/bin/../lib/gcc/arm-none-eabi/4.7.4\libgcc.a(_udivsi3.o)
 .debug_frame   0x00001660       0x20 c:/isis/application/toolchain/bin/../lib/gcc/arm-none-eabi/4.7.4/../../../../arm-none-eabi/lib\libg.a(lib_a-errno.o)
 .debug_frame   0x00001680       0x48 c:/isis/application/toolchain/bin/../lib/gcc/arm-none-eabi/4.7.4/../../../../arm-none-eabi/lib\libg.a(lib_a-fflush.o)
 .debug_frame   0x000016c8      0x134 c:/isis/application/toolchain/bin/../lib/gcc/arm-none-eabi/4.7.4/../../../../arm-none-eabi/lib\libg.a(lib_a-findfp.o)
 .debug_frame   0x000017fc       0x50 c:/isis/application/toolchain/bin/../lib/gcc/arm-none-eabi/4.7.4/../../../../arm-none-eabi/lib\libg.a(lib_a-freer.o)
 .debug_frame   0x0000184c       0x54 c:/isis/application/toolchain/bin/../lib/gcc/arm-none-eabi/4.7.4/../../../../arm-none-eabi/lib\libg.a(lib_a-fwalk.o)
 .debug_frame   0x000018a0       0x40 c:/isis/application/toolchain/bin/../lib/gcc/arm-none-eabi/4.7.4/../../../../arm-none-eabi/lib\libg.a(lib_a-malloc.o)
 .debug_frame   0x000018e0       0x38 c:/isis/application/toolchain/bin/../lib/gcc/arm-none-eabi/4.7.4/../../../../arm-none-eabi/lib\libg.a(lib_a-mallocr.o)
 .debug_frame   0x00001918       0x2c c:/isis/application/toolchain/bin/../lib/gcc/arm-none-eabi/4.7.4/../../../../arm-none-eabi/lib\libg.a(lib_a-memcpy.o)
 .debug_frame   0x00001944       0x28 c:/isis/application/toolchain/bin/../lib/gcc/arm-none-eabi/4.7.4/../../../../arm-none-eabi/lib\libg.a(lib_a-memset.o)
 .debug_frame   0x0000196c       0x58 c:/isis/application/toolchain/bin/../lib/gcc/arm-none-eabi/4.7.4/../../../../arm-none-eabi/lib\libg.a(lib_a-printf.o)
 .debug_frame   0x000019c4       0x2c c:/isis/application/toolchain/bin/../lib/gcc/arm-none-eabi/4.7.4/../../../../arm-none-eabi/lib\libg.a(lib_a-sbrkr.o)
 .debug_frame   0x000019f0       0x88 c:/isis/application/toolchain/bin/../lib/gcc/arm-none-eabi/4.7.4/../../../../arm-none-eabi/lib\libg.a(lib_a-stdio.o)
 .debug_frame   0x00001a78       0x28 c:/isis/application/toolchain/bin/../lib/gcc/arm-none-eabi/4.7.4/../../../../arm-none-eabi/lib\libg.a(lib_a-syswrite.o)
 .debug_frame   0x00001aa0       0x84 c:/isis/application/toolchain/bin/../lib/gcc/arm-none-eabi/4.7.4/../../../../arm-none-eabi/lib\libg.a(lib_a-vfprintf.o)
 .debug_frame   0x00001b24       0x2c c:/isis/application/toolchain/bin/../lib/gcc/arm-none-eabi/4.7.4/../../../../arm-none-eabi/lib\libg.a(lib_a-writer.o)
 .debug_frame   0x00001b50       0x2c c:/isis/application/toolchain/bin/../lib/gcc/arm-none-eabi/4.7.4/../../../../arm-none-eabi/lib\libg.a(lib_a-wsetup.o)
 .debug_frame   0x00001b7c       0x2c c:/isis/application/toolchain/bin/../lib/gcc/arm-none-eabi/4.7.4/../../../../arm-none-eabi/lib\libg.a(lib_a-closer.o)
 .debug_frame   0x00001ba8       0x64 c:/isis/application/toolchain/bin/../lib/gcc/arm-none-eabi/4.7.4/../../../../arm-none-eabi/lib\libg.a(lib_a-dtoa.o)