Archive member included because of file (symbol)

../../../ISIS-OBC/hal/hcc/lib/libHCCD.a(fat_m.o)
                              SDManager.o (fm_initvolume)
../../../ISIS-OBC/hal/hcc/lib/libHCCD.a(fat.o)
                              ../../../ISIS-OBC/hal/hcc/lib/libHCCD.a(fat_m.o) (fn_getdcwd)
../../../ISIS-OBC/hal/hcc/lib/libHCCD.a(fat_common.o)
                              ../../../ISIS-OBC/hal/hcc/lib/libHCCD.a(fat.o) (p_filesystem)
../../../ISIS-OBC/hal/hcc/lib/libHCCD.a(safefat.o)
                              ../../../ISIS-OBC/hal/hcc/lib/libHCCD.a(fat.o) (s_subdir)
../../../ISIS-OBC/hal/hcc/lib/libHCCD.a(atmel_mcipdc.o)
                              SDManager.o (atmel_mcipdc_initfunc)
../../../ISIS-OBC/hal/hcc/lib/libHCCD.a(oalp_task.o)
                              ../../../ISIS-OBC/hal/hcc/lib/libHCCD.a(fat_common.o) (oal_task_get_id)
../../../ISIS-OBC/hal/hcc/lib/libHCCD.a(oalp_mutex.o)
                              ../../../ISIS-OBC/hal/hcc/lib/libHCCD.a(fat_common.o) (oal_mutex_create)
../../../ISIS-OBC/hal/hcc/lib/libHCCD.a(atmel_mcipdc_hw.o)
                              ../../../ISIS-OBC/hal/hcc/lib/libHCCD.a(atmel_mcipdc.o) (mcipdc_hw_init)
../../../ISIS-OBC/hal/hcc/lib/libHCCD.a(psp_rand.o)
                              ../../../ISIS-OBC/hal/hcc/lib/libHCCD.a(fat_common.o) (psp_getrand)
../../../ISIS-OBC/hal/hcc/lib/libHCCD.a(psp_rtc.o)
                              ../../../ISIS-OBC/hal/hcc/lib/libHCCD.a(fat_common.o) (psp_getcurrenttimedate)
../../../ISIS-OBC/hal/hcc/lib/libHCCD.a(hcc_mem.o)
                              ../../../ISIS-OBC/hal/hcc/lib/libHCCD.a(atmel_mcipdc.o) (hcc_mem_alloc)
../../../ISIS-OBC/hal/hcc/lib/libHCCD.a(psp_hcc_mem.o)
                              ../../../ISIS-OBC/hal/hcc/lib/libHCCD.a(hcc_mem.o) (hcc_mem_buf_alloc)
../../../ISIS-OBC/satellite-subsystems/satellite-subsystems/lib/libSatelliteSubsystemsD.a(isismepsv2_ivid7_piu.o)
                              PowerManager.o (isismepsv2_ivid7_piu__correcttime)
../../../ISIS-OBC/hal/hal/lib/libHALD.a(LED.o)
                              main.o (LED_start)
../../../ISIS-OBC/hal/hal/lib/libHALD.a(UART.o)
                              CSPManager.o (UART_start)
../../../ISIS-OBC/hal/hal/lib/libHALD.a(I2C.o)
                              ../../../ISIS-OBC/satellite-subsystems/satellite-subsystems/lib/libSatelliteSubsystemsD.a(isismepsv2_ivid7_piu.o) (I2C_writeRead)
../../../ISIS-OBC/hal/hal/lib/libHALD.a(Time.o)
                              TimerManager.o (Time_start)
../../../ISIS-OBC/hal/hal/lib/libHALD.a(WatchDogTimerNoOS.o)
                              main.o (WDT_start)
../../../ISIS-OBC/hal/hal/lib/libHALD.a(RTT.o)
                              ../../../ISIS-OBC/hal/hal/lib/libHALD.a(Time.o) (RTT_start)
../../../ISIS-OBC/hal/hal/lib/libHALD.a(RTC.o)
                              ../../../ISIS-OBC/hal/hal/lib/libHALD.a(Time.o) (RTC_getTime)
../../../ISIS-OBC/hal/hal/lib/libHALD.a(WatchDogTimerOS.o)
                              ../../../ISIS-OBC/hal/hcc/lib/libHCCD.a(atmel_mcipdc.o) (WDT_forceKickEveryNms)
../../../ISIS-OBC/hal/hal/lib/libHALD.a(version.o)
                              main.o (HalVersionMajor)
../../../ISIS-OBC/hal/hal/lib/libHALD.a(SPI.o)
                              ../../../ISIS-OBC/hal/hal/lib/libHALD.a(RTC.o) (SPI_start)
../../../workspace/labsat-obc-master/csp-src/libcspD.a(csp_buffer.o)
                              DevelTest.o (csp_buffer_get)
../../../workspace/labsat-obc-master/csp-src/libcspD.a(csp_conn.o)
                              DevelTest.o (csp_close)
../../../workspace/labsat-obc-master/csp-src/libcspD.a(csp_crc32.o)
                              CSPManager.o (csp_crc32_append)
../../../workspace/labsat-obc-master/csp-src/libcspD.a(csp_debug.o)
                              ../../../workspace/labsat-obc-master/csp-src/libcspD.a(csp_buffer.o) (csp_dbg_buffer_out)
../../../workspace/labsat-obc-master/csp-src/libcspD.a(csp_id.o)
                              CSPManager.o (csp_id_prepend)
../../../workspace/labsat-obc-master/csp-src/libcspD.a(csp_iflist.o)
                              CSPManager.o (csp_iflist_print)
../../../workspace/labsat-obc-master/csp-src/libcspD.a(csp_init.o)
                              ../../../workspace/labsat-obc-master/csp-src/libcspD.a(csp_conn.o) (csp_conf)
../../../workspace/labsat-obc-master/csp-src/libcspD.a(csp_io.o)
                              DevelTest.o (csp_accept)
../../../workspace/labsat-obc-master/csp-src/libcspD.a(csp_port.o)
                              DevelTest.o (csp_listen)
../../../workspace/labsat-obc-master/csp-src/libcspD.a(csp_qfifo.o)
                              ../../../workspace/labsat-obc-master/csp-src/libcspD.a(csp_init.o) (csp_qfifo_init)
../../../workspace/labsat-obc-master/csp-src/libcspD.a(csp_rdp.o)
                              ../../../workspace/labsat-obc-master/csp-src/libcspD.a(csp_io.o) (csp_rdp_check_ack)
../../../workspace/labsat-obc-master/csp-src/libcspD.a(csp_rdp_queue.o)
[...]
Memory Configuration

Name             Origin             Length             Attributes
sram0            0x00200000         0x00004000         w !xr
sram1            0x00300000         0x00004000         w !xr
sdram            0x20000000         0x02000000         w !xr
*default*        0x00000000         0xffffffff

Linker script and memory map

LOAD /extra/src/arm-gnu-toolchain-4.7-2013q3-arm-none-eabi/bin/../lib/gcc/arm-none-eabi/4.7.4/crti.o
LOAD /extra/src/arm-gnu-toolchain-4.7-2013q3-arm-none-eabi/bin/../lib/gcc/arm-none-eabi/4.7.4/crtbegin.o
LOAD /extra/src/arm-gnu-toolchain-4.7-2013q3-arm-none-eabi/bin/../lib/gcc/arm-none-eabi/4.7.4/../../../../arm-none-eabi/lib/crt0.o
LOAD CSPManager.o
LOAD LogManager.o
LOAD PowerManager.o
LOAD PowerManagerUart.o
LOAD SDManager.o
LOAD TimerManager.o
LOAD UartManager.o
LOAD misc.o
LOAD main.o
LOAD DevelTest.o
LOAD ../../../ISIS-OBC/hal/hcc/lib/libHCCD.a
LOAD ../../../ISIS-OBC/mission-support/mission-support/lib/libMissionSupportD.a
LOAD ../../../ISIS-OBC/satellite-subsystems/satellite-subsystems/lib/libSatelliteSubsystemsD.a
LOAD ../../../ISIS-OBC/hal/hal/lib/libHALD.a
LOAD ../../../workspace/labsat-obc-master/csp-src/libcspD.a
LOAD ../../../ISIS-OBC/hal/freertos/lib/libFreeRTOSaltD.a
LOAD ../../../ISIS-OBC/hal/at91/lib/libAt91D.a
START GROUP
LOAD /extra/src/arm-gnu-toolchain-4.7-2013q3-arm-none-eabi/bin/../lib/gcc/arm-none-eabi/4.7.4/libgcc.a
LOAD /extra/src/arm-gnu-toolchain-4.7-2013q3-arm-none-eabi/bin/../lib/gcc/arm-none-eabi/4.7.4/../../../../arm-none-eabi/lib/libg.a
LOAD /extra/src/arm-gnu-toolchain-4.7-2013q3-arm-none-eabi/bin/../lib/gcc/arm-none-eabi/4.7.4/../../../../arm-none-eabi/lib/libc.a
END GROUP
LOAD /extra/src/arm-gnu-toolchain-4.7-2013q3-arm-none-eabi/bin/../lib/gcc/arm-none-eabi/4.7.4/crtend.o
LOAD /extra/src/arm-gnu-toolchain-4.7-2013q3-arm-none-eabi/bin/../lib/gcc/arm-none-eabi/4.7.4/crtn.o

.fixed          0x20000000    0x3d704
                0x20000000                . = ALIGN (0x4)
                0x20000000                _sfixed = .
 *(.startup)
 .startup       0x20000000      0x184 ../../../ISIS-OBC/hal/at91/lib/libAt91D.a(board_cstartup.o)
                0x20000000                entry
 *(.text)
 .text          0x20000184       0x64 ../../../ISIS-OBC/hal/at91/lib/libAt91D.a(cp15_asm.o)
                0x20000184                _readControlRegister
                0x20000190                _writeControlRegister
                0x20000198                _waitForInterrupt
                0x200001a4                _writeTTB
                0x200001ac                _writeDomain
                0x200001b4                _writeITLBLockdown
                0x200001bc                _prefetchICacheLine
                0x200001c4                _flushDCache
                0x200001d0                _flushWriteBuffer
                0x200001dc                _invalidateIDTLBs
 .text          0x200001e8      0x114 /extra/src/arm-gnu-toolchain-4.7-2013q3-arm-none-eabi/bin/../lib/gcc/arm-none-eabi/4.7.4/libgcc.a(_udivsi3.o)
                0x200001e8                __udivsi3
                0x200001e8                __aeabi_uidiv
                0x200002dc                __aeabi_uidivmod
 .text          0x200002fc      0x148 /extra/src/arm-gnu-toolchain-4.7-2013q3-arm-none-eabi/bin/../lib/gcc/arm-none-eabi/4.7.4/libgcc.a(_divsi3.o)
                0x200002fc                __aeabi_idiv
                0x200002fc                __divsi3
                0x20000424                __aeabi_idivmod
 .text          0x20000444        0x4 /extra/src/arm-gnu-toolchain-4.7-2013q3-arm-none-eabi/bin/../lib/gcc/arm-none-eabi/4.7.4/libgcc.a(_dvmd_tls.o)
                0x20000444                __aeabi_ldiv0
                0x20000444                __aeabi_idiv0
 .text          0x20000448      0x41c /extra/src/arm-gnu-toolchain-4.7-2013q3-arm-none-eabi/bin/../lib/gcc/arm-none-eabi/4.7.4/libgcc.a(_arm_addsubdf3.o)
                0x20000448                __aeabi_drsub
                0x20000450                __aeabi_dsub
                0x20000450                __subdf3
                0x20000454                __adddf3
                0x20000454                __aeabi_dadd
                0x20000764                __aeabi_ui2d
                0x20000764                __floatunsidf
                0x20000788                __floatsidf
                0x20000788                __aeabi_i2d
                0x200007b0                __extendsfdf2
                0x200007b0                __aeabi_f2d
                0x200007f0                __aeabi_ul2d
                0x200007f0                __floatundidf
                0x20000804                __floatdidf
                0x20000804                __aeabi_l2d
 .text          0x20000864      0x49c /extra/src/arm-gnu-toolchain-4.7-2013q3-arm-none-eabi/bin/../lib/gcc/arm-none-eabi/4.7.4/libgcc.a(_arm_muldivdf3.o)
                0x20000864                __aeabi_dmul
                0x20000864                __muldf3
                0x20000af4                __aeabi_ddiv
                0x20000af4                __divdf3
 .text          0x20000d00      0x144 /extra/src/arm-gnu-toolchain-4.7-2013q3-arm-none-eabi/bin/../lib/gcc/arm-none-eabi/4.7.4/libgcc.a(_arm_cmpdf2.o)
                0x20000d00                __gtdf2
                0x20000d00                __gedf2
                0x20000d08                __ltdf2
                0x20000d08                __ledf2
                0x20000d10                __cmpdf2
                0x20000d10                __eqdf2
                0x20000d10                __nedf2
                0x20000d98                __aeabi_cdrcmple
                0x20000db4                __aeabi_cdcmple
                0x20000db4                __aeabi_cdcmpeq
                0x20000dcc                __aeabi_dcmpeq
                0x20000de4                __aeabi_dcmplt
                0x20000dfc                __aeabi_dcmple
                0x20000e14                __aeabi_dcmpge
                0x20000e2c                __aeabi_dcmpgt
 .text          0x20000e44       0x5c /extra/src/arm-gnu-toolchain-4.7-2013q3-arm-none-eabi/bin/../lib/gcc/arm-none-eabi/4.7.4/libgcc.a(_arm_fixdfsi.o)
                0x20000e44                __fixdfsi
                0x20000e44                __aeabi_d2iz
 .text          0x20000ea0       0x3c /extra/src/arm-gnu-toolchain-4.7-2013q3-arm-none-eabi/bin/../lib/gcc/arm-none-eabi/4.7.4/libgcc.a(_aeabi_uldivmod.o)
                0x20000ea0                __aeabi_uldivmod
 .text          0x20000edc       0x84 /extra/src/arm-gnu-toolchain-4.7-2013q3-arm-none-eabi/bin/../lib/gcc/arm-none-eabi/4.7.4/libgcc.a(bpabi.o)
                0x20000edc                __gnu_ldivmod_helper
                0x20000f20                __gnu_uldivmod_helper
 .text          0x20000f60      0x4f0 /extra/src/arm-gnu-toolchain-4.7-2013q3-arm-none-eabi/bin/../lib/gcc/arm-none-eabi/4.7.4/libgcc.a(_divdi3.o)
                0x20000f60                __divdi3
 .text          0x20001450      0x488 /extra/src/arm-gnu-toolchain-4.7-2013q3-arm-none-eabi/bin/../lib/gcc/arm-none-eabi/4.7.4/libgcc.a(_udivdi3.o)
                0x20001450                __udivdi3
 .text          0x200018d8       0x48 /extra/src/arm-gnu-toolchain-4.7-2013q3-arm-none-eabi/bin/../lib/gcc/arm-none-eabi/4.7.4/libgcc.a(_clzsi2.o)
                0x200018d8                __clzsi2
 *(.text*)
 .text.csp_router_task
                0x20001920       0xb4 CSPManager.o
 .text.csp_uart_rx_task
                0x200019d4      0x1e8 CSPManager.o
 .text.uart_tx_end_callback
                0x20001bbc       0x7c CSPManager.o
 .text.csp_palermo_kiss_tx
                0x20001c38      0x3d4 CSPManager.o
 .text.CSPManagerInit
                0x2000200c      0x3ec CSPManager.o
                0x2000200c                CSPManagerInit
 .text.csp_memfree_hook
                0x200023f8       0x1c CSPManager.o
                0x200023f8                csp_memfree_hook
 .text.csp_ps_hook
                0x20002414       0x24 CSPManager.o
                0x20002414                csp_ps_hook
 .text.csp_reboot_hook
                0x20002438       0x14 CSPManager.o
                0x20002438                csp_reboot_hook
 .text.csp_shutdown_hook
                0x2000244c       0x14 CSPManager.o
                0x2000244c                csp_shutdown_hook
 .text.__DBGU_WRITE_LOG__
                0x20002460       0x4c LogManager.o
 .text.__SD_WRITE_LOG__
                0x200024ac       0x48 LogManager.o
 .text.logCombined
                0x200024f4       0x30 LogManager.o
 .text.logHdr   0x20002524       0xf4 LogManager.o
                0x20002524                logHdr
 .text.UPLOG    0x20002618      0x140 LogManager.o
                0x20002618                UPLOG
 .text.LogManagerTask
                0x20002758      0x20c LogManager.o
                0x20002758                LogManagerTask
 .text.LogManagerInit
                0x20002964      0x1d4 LogManager.o
                0x20002964                LogManagerInit
 .text.logRotate
                0x20002b38      0x31c LogManager.o
                0x20002b38                logRotate
 .text.logRotateCheck
                0x20002e54       0xb0 LogManager.o
                0x20002e54                logRotateCheck
 .text.UPLOG_TasksStatus
                0x20002f04      0x1a0 LogManager.o
                0x20002f04                UPLOG_TasksStatus
 .text.updateLastCommandTime
                0x200030a4       0x24 PowerManager.o
 .text.PowerManagerGetStatus
                0x200030c8       0xd4 PowerManager.o
 .text.PowerManagerResetWatchdog
                0x2000319c       0xd4 PowerManager.o
 .text.PowerManagerSyncEpsClock
                0x20003270      0x12c PowerManager.o
 .text.PowerManagerOutputBusChannelOn
                0x2000339c       0xec PowerManager.o
 .text.PowerManagerOutputBusChannelOff
                0x20003488       0xec PowerManager.o
 .text.PowerManagerOutputBusGroupOn
                0x20003574       0xec PowerManager.o
 .text.PowerManagerOutputBusGroupOff
                0x20003660       0xec PowerManager.o
 .text.PowerManagerOutputBusGroupState
                0x2000374c       0xec PowerManager.o
 .text.PowerManagerSetConfigParam
                0x20003838       0xec PowerManager.o
 .text.PowerManagerExec
                0x20003924       0xfc PowerManager.o
 .text.PowerManagerTimerCallback
                0x20003a20       0x34 PowerManager.o
                0x20003a20                PowerManagerTimerCallback
 .text.PowerManagerTask
                0x20003a54      0x158 PowerManager.o
 .text.c2c      0x20003bac       0x30 PowerManager.o
                0x20003bac                c2c
 .text.c2u      0x20003bdc       0x28 PowerManager.o
                0x20003bdc                c2u
 .text.s2u      0x20003c04       0x28 PowerManager.o
                0x20003c04                s2u
 .text.PowerManagerInit
                0x20003c2c      0x110 PowerManager.o
                0x20003c2c                PowerManagerInit
 .text.PowerManagerAddRequest
                0x20003d3c      0x154 PowerManager.o
                0x20003d3c                PowerManagerAddRequest
 .text.PowerManagerPrintRespHdr
                0x20003e90      0x178 PowerManager.o
                0x20003e90                PowerManagerPrintRespHdr
 .text.PowerManagerPrintSysStatus
                0x20004008      0x3d4 PowerManager.o
                0x20004008                PowerManagerPrintSysStatus
 .text.uart_piu__getsystemstatus
                0x200043dc       0x24 PowerManagerUart.o
                0x200043dc                uart_piu__getsystemstatus
 .text.uart_piu__resetwatchdog
                0x20004400       0x24 PowerManagerUart.o
                0x20004400                uart_piu__resetwatchdog
 .text.uart_piu__correcttime
                0x20004424       0x28 PowerManagerUart.o
                0x20004424                uart_piu__correcttime
 .text.uart_piu__outputbuschannelon
                0x2000444c       0x2c PowerManagerUart.o
                0x2000444c                uart_piu__outputbuschannelon
 .text.uart_piu__outputbuschanneloff
                0x20004478       0x2c PowerManagerUart.o
                0x20004478                uart_piu__outputbuschanneloff
 .text.uart_piu__outputbusgroupon
                0x200044a4       0x28 PowerManagerUart.o
                0x200044a4                uart_piu__outputbusgroupon
 .text.uart_piu__outputbusgroupoff
                0x200044cc       0x28 PowerManagerUart.o
                0x200044cc                uart_piu__outputbusgroupoff
 .text.uart_piu__outputbusgroupstate
                0x200044f4       0x28 PowerManagerUart.o
                0x200044f4                uart_piu__outputbusgroupstate
 .text.uart_piu__setconfigurationparameter
                0x2000451c       0x28 PowerManagerUart.o
                0x2000451c                uart_piu__setconfigurationparameter
 .text.SDManagerInit
                0x20004544      0x264 SDManager.o
                0x20004544                SDManagerInit
 .text.SDManagerShowStatus
                0x200047a8      0x170 SDManager.o
                0x200047a8                SDManagerShowStatus
 .text.insertTimerPrivate
                0x20004918      0x148 TimerManager.o
                0x20004918                insertTimerPrivate
 .text.TimerManagerTask
                0x20004a60      0x238 TimerManager.o
                0x20004a60                TimerManagerTask
 .text.TimerManagerInit
                0x20004c98       0xf0 TimerManager.o
                0x20004c98                TimerManagerInit
 .text.TimerManagerAdd
                0x20004d88      0x14c TimerManager.o
                0x20004d88                TimerManagerAdd
 .text.tolc     0x20004ed4       0x5c misc.o
                0x20004ed4                tolc
 .text.icasecmp
                0x20004f30       0xa4 misc.o
                0x20004f30                icasecmp
 .text.main     0x20004fd4      0x134 main.o
                0x20004fd4                main
 .text.InitTask
                0x20005108       0x98 main.o
                0x20005108                InitTask
 .text.testTimerCallback
                0x200051a0       0x64 DevelTest.o
                0x200051a0                testTimerCallback
 .text.testCSPTask
                0x20005204      0x230 DevelTest.o
                0x20005204                testCSPTask
 .text.testPowerManagerCallback
                0x20005434       0xfc DevelTest.o
                0x20005434                testPowerManagerCallback
 .text.DevelTestTask
                0x20005530       0xc4 DevelTest.o
                0x20005530                DevelTestTask
 .text.DevelTestInit
                0x200055f4       0x50 DevelTest.o
                0x200055f4                DevelTestInit
 .text.fm_initvolume
                0x20005644       0x70 ../../../ISIS-OBC/hal/hcc/lib/libHCCD.a(fat_m.o)
                0x20005644                fm_initvolume
 .text.fm_getfreespace
                0x200056b4       0x68 ../../../ISIS-OBC/hal/hcc/lib/libHCCD.a(fat_m.o)
                0x200056b4                fm_getfreespace
 .text.fm_findfirst
                0x2000571c       0x68 ../../../ISIS-OBC/hal/hcc/lib/libHCCD.a(fat_m.o)
                0x2000571c                fm_findfirst
 .text.fm_findnext
                0x20005784       0x60 ../../../ISIS-OBC/hal/hcc/lib/libHCCD.a(fat_m.o)
                0x20005784                fm_findnext
 .text.fm_rename
                0x200057e4       0x68 ../../../ISIS-OBC/hal/hcc/lib/libHCCD.a(fat_m.o)
                0x200057e4                fm_rename
 .text.fm_close
                0x2000584c       0x60 ../../../ISIS-OBC/hal/hcc/lib/libHCCD.a(fat_m.o)
                0x2000584c                fm_close
 .text.fm_open  0x200058ac       0x68 ../../../ISIS-OBC/hal/hcc/lib/libHCCD.a(fat_m.o)
                0x200058ac                fm_open
 .text.fm_write
                0x20005914       0x7c ../../../ISIS-OBC/hal/hcc/lib/libHCCD.a(fat_m.o)
                0x20005914                fm_write
 .text.fm_fstat
                0x20005990       0x68 ../../../ISIS-OBC/hal/hcc/lib/libHCCD.a(fat_m.o)
                0x20005990                fm_fstat
 .text.fm_delete
                0x200059f8       0x64 ../../../ISIS-OBC/hal/hcc/lib/libHCCD.a(fat_m.o)
                0x200059f8                fm_delete
 .text._f_invalidatedir
                0x20005a5c       0x28 ../../../ISIS-OBC/hal/hcc/lib/libHCCD.a(fat.o)
                0x20005a5c                _f_invalidatedir
 .text._f_getdirsector
                0x20005a84       0x88 ../../../ISIS-OBC/hal/hcc/lib/libHCCD.a(fat.o)
                0x20005a84                _f_getdirsector
 .text._f_writedirsector
                0x20005b0c       0x74 ../../../ISIS-OBC/hal/hcc/lib/libHCCD.a(fat.o)
                0x20005b0c                _f_writedirsector
 .text._f_checknameinv
                0x20005b80      0x180 ../../../ISIS-OBC/hal/hcc/lib/libHCCD.a(fat.o)
 .text._f_checkname
                0x20005d00       0x7c ../../../ISIS-OBC/hal/hcc/lib/libHCCD.a(fat.o)
 .text._f_checknamewc
                0x20005d7c       0xf8 ../../../ISIS-OBC/hal/hcc/lib/libHCCD.a(fat.o)
 .text._f_setnameext
                0x20005e74      0x300 ../../../ISIS-OBC/hal/hcc/lib/libHCCD.a(fat.o)
 .text._f_setfsname
                0x20006174      0x584 ../../../ISIS-OBC/hal/hcc/lib/libHCCD.a(fat.o)
 .text._f_findfile
                0x200066f8      0x30c ../../../ISIS-OBC/hal/hcc/lib/libHCCD.a(fat.o)
 .text._f_cmp_wname
                0x20006a04      0x274 ../../../ISIS-OBC/hal/hcc/lib/libHCCD.a(fat.o)
 .text._f_to_string
                0x20006c78      0x130 ../../../ISIS-OBC/hal/hcc/lib/libHCCD.a(fat.o)
 .text._f_findfilewc
                0x20006da8      0x278 ../../../ISIS-OBC/hal/hcc/lib/libHCCD.a(fat.o)
 .text._f_getfilename
                0x20007020      0x20c ../../../ISIS-OBC/hal/hcc/lib/libHCCD.a(fat.o)
 .text._f_findpath
                0x2000722c      0x35c ../../../ISIS-OBC/hal/hcc/lib/libHCCD.a(fat.o)
 .text.fn_getdcwd
                0x20007588      0x1e0 ../../../ISIS-OBC/hal/hcc/lib/libHCCD.a(fat.o)
                0x20007588                fn_getdcwd
 .text.fn_findfirst
                0x20007768      0x13c ../../../ISIS-OBC/hal/hcc/lib/libHCCD.a(fat.o)
                0x20007768                fn_findfirst
 .text.fn_findnext
                0x200078a4      0x360 ../../../ISIS-OBC/hal/hcc/lib/libHCCD.a(fat.o)
                0x200078a4                fn_findnext
 .text.fn_move  0x20007c04      0xad0 ../../../ISIS-OBC/hal/hcc/lib/libHCCD.a(fat.o)
                0x20007c04                fn_move
 .text.fn_rename
                0x200086d4      0x214 ../../../ISIS-OBC/hal/hcc/lib/libHCCD.a(fat.o)
                0x200086d4                fn_rename
 .text._f_lock_resfile
                0x200088e8       0x6c ../../../ISIS-OBC/hal/hcc/lib/libHCCD.a(fat.o)
 .text._f_unlock_resfile
                0x20008954       0x40 ../../../ISIS-OBC/hal/hcc/lib/libHCCD.a(fat.o)
 .text._f_getintfile
                0x20008994      0x124 ../../../ISIS-OBC/hal/hcc/lib/libHCCD.a(fat.o)
 .text._f_addentry
                0x20008ab8      0x540 ../../../ISIS-OBC/hal/hcc/lib/libHCCD.a(fat.o)
 .text.fn_open_sub
                0x20008ff8     0x1698 ../../../ISIS-OBC/hal/hcc/lib/libHCCD.a(fat.o)
 .text.fn_open  0x2000a690       0x44 ../../../ISIS-OBC/hal/hcc/lib/libHCCD.a(fat.o)
                0x2000a690                fn_open
 .text.fn_delete
                0x2000a6d4      0x490 ../../../ISIS-OBC/hal/hcc/lib/libHCCD.a(fat.o)
                0x2000a6d4                fn_delete
 .text.fn_init  0x2000ab64      0x2dc ../../../ISIS-OBC/hal/hcc/lib/libHCCD.a(fat_common.o)
                0x2000ab64                fn_init
 .text._f_get16bitl
                0x2000ae40       0x4c ../../../ISIS-OBC/hal/hcc/lib/libHCCD.a(fat_common.o)
                0x2000ae40                _f_get16bitl
 .text._f_set16bitl
                0x2000ae8c       0x54 ../../../ISIS-OBC/hal/hcc/lib/libHCCD.a(fat_common.o)
                0x2000ae8c                _f_set16bitl
 .text._f_get32bitl
                0x2000aee0       0x68 ../../../ISIS-OBC/hal/hcc/lib/libHCCD.a(fat_common.o)
                0x2000aee0                _f_get32bitl
 .text._f_set32bitl
                0x2000af48       0x78 ../../../ISIS-OBC/hal/hcc/lib/libHCCD.a(fat_common.o)
                0x2000af48                _f_set32bitl
 .text._get8bit
                0x2000afc0       0xa0 ../../../ISIS-OBC/hal/hcc/lib/libHCCD.a(fat_common.o)
 .text._get16bitl
                0x2000b060       0x40 ../../../ISIS-OBC/hal/hcc/lib/libHCCD.a(fat_common.o)
 .text._get32bitl
                0x2000b0a0       0x3c ../../../ISIS-OBC/hal/hcc/lib/libHCCD.a(fat_common.o)
 .text._f_setcardremoved
                0x2000b0dc       0x94 ../../../ISIS-OBC/hal/hcc/lib/libHCCD.a(fat_common.o)
 .text._f_checkstatus
                0x2000b170      0x104 ../../../ISIS-OBC/hal/hcc/lib/libHCCD.a(fat_common.o)
                0x2000b170                _f_checkstatus
 .text._f_drvgetphy
                0x2000b274      0x114 ../../../ISIS-OBC/hal/hcc/lib/libHCCD.a(fat_common.o)
 .text._f_drvwritesector
                0x2000b388       0xdc ../../../ISIS-OBC/hal/hcc/lib/libHCCD.a(fat_common.o)
 .text._f_drvreadsector
                0x2000b464       0xa8 ../../../ISIS-OBC/hal/hcc/lib/libHCCD.a(fat_common.o)
 .text._f_writesector
                0x2000b50c      0x23c ../../../ISIS-OBC/hal/hcc/lib/libHCCD.a(fat_common.o)
                0x2000b50c                _f_writesector
 .text._f_readsector
                0x2000b748      0x1dc ../../../ISIS-OBC/hal/hcc/lib/libHCCD.a(fat_common.o)
                0x2000b748                _f_readsector
 .text._f_getmaxcluster
                0x2000b924       0x94 ../../../ISIS-OBC/hal/hcc/lib/libHCCD.a(fat_common.o)
                0x2000b924                _f_getmaxcluster
 .text._getsectorfromcluster
                0x2000b9b8       0x68 ../../../ISIS-OBC/hal/hcc/lib/libHCCD.a(fat_common.o)
 .text._f_buildsectors
                0x2000ba20      0x268 ../../../ISIS-OBC/hal/hcc/lib/libHCCD.a(fat_common.o)
 .text._f_getbootrecord
                0x2000bc88      0x5e4 ../../../ISIS-OBC/hal/hcc/lib/libHCCD.a(fat_common.o)
 .text._f_readbootrecord
                0x2000c26c      0x4f8 ../../../ISIS-OBC/hal/hcc/lib/libHCCD.a(fat_common.o)
 .text._f_flushcffiles
                0x2000c764      0x17c ../../../ISIS-OBC/hal/hcc/lib/libHCCD.a(fat_common.o)
                0x2000c764                _f_flushcffiles
 .text._f_fatcache_flush
                0x2000c8e0      0x270 ../../../ISIS-OBC/hal/hcc/lib/libHCCD.a(fat_common.o)
                0x2000c8e0                _f_fatcache_flush
 .text._f_writefatsector
                0x2000cb50      0x100 ../../../ISIS-OBC/hal/hcc/lib/libHCCD.a(fat_common.o)
                0x2000cb50                _f_writefatsector
 .text._f_getfatsector
                0x2000cc50      0x3bc ../../../ISIS-OBC/hal/hcc/lib/libHCCD.a(fat_common.o)
 .text._f_setclustervalue
                0x2000d00c      0x490 ../../../ISIS-OBC/hal/hcc/lib/libHCCD.a(fat_common.o)
                0x2000d00c                _f_setclustervalue
 .text._f_getclustervalue
                0x2000d49c      0x388 ../../../ISIS-OBC/hal/hcc/lib/libHCCD.a(fat_common.o)
                0x2000d49c                _f_getclustervalue
 .text._f_close_drive_files
                0x2000d824       0xac ../../../ISIS-OBC/hal/hcc/lib/libHCCD.a(fat_common.o)
 .text._f_inc_mount_count
                0x2000d8d0       0xa4 ../../../ISIS-OBC/hal/hcc/lib/libHCCD.a(fat_common.o)
 .text._f_getvolume
                0x2000d974      0x2f8 ../../../ISIS-OBC/hal/hcc/lib/libHCCD.a(fat_common.o)
                0x2000d974                _f_getvolume
 .text.fn_createdriver
                0x2000dc6c      0x118 ../../../ISIS-OBC/hal/hcc/lib/libHCCD.a(fat_common.o)
                0x2000dc6c                fn_createdriver
 .text.fn_initvolume
                0x2000dd84      0x12c ../../../ISIS-OBC/hal/hcc/lib/libHCCD.a(fat_common.o)
                0x2000dd84                fn_initvolume
 .text.fn_initvolumepartition_sub
                0x2000deb0       0xe0 ../../../ISIS-OBC/hal/hcc/lib/libHCCD.a(fat_common.o)
 .text.fn_initvolumepartition
                0x2000df90       0xac ../../../ISIS-OBC/hal/hcc/lib/libHCCD.a(fat_common.o)
                0x2000df90                fn_initvolumepartition
 .text._f_clustertopos
                0x2000e03c       0xf8 ../../../ISIS-OBC/hal/hcc/lib/libHCCD.a(fat_common.o)
                0x2000e03c                _f_clustertopos
 .text._f_getcurrsector
                0x2000e134      0x6c8 ../../../ISIS-OBC/hal/hcc/lib/libHCCD.a(fat_common.o)
                0x2000e134                _f_getcurrsector
 .text._f_getdecluster
                0x2000e7fc       0x90 ../../../ISIS-OBC/hal/hcc/lib/libHCCD.a(fat_common.o)
                0x2000e7fc                _f_getdecluster
 .text._f_setdecluster
                0x2000e88c       0x8c ../../../ISIS-OBC/hal/hcc/lib/libHCCD.a(fat_common.o)
                0x2000e88c                _f_setdecluster
 .text.fn_getdrive
                0x2000e918       0x30 ../../../ISIS-OBC/hal/hcc/lib/libHCCD.a(fat_common.o)
                0x2000e918                fn_getdrive
 .text._f_getcurrenttimedate
                0x2000e948      0x138 ../../../ISIS-OBC/hal/hcc/lib/libHCCD.a(fat_common.o)
                0x2000e948                _f_getcurrenttimedate
 .text._f_initentry
                0x2000ea80       0xa0 ../../../ISIS-OBC/hal/hcc/lib/libHCCD.a(fat_common.o)
                0x2000ea80                _f_initentry
 .text._f_alloccluster
                0x2000eb20      0x344 ../../../ISIS-OBC/hal/hcc/lib/libHCCD.a(fat_common.o)
                0x2000eb20                _f_alloccluster
 .text._f_dobadblock
                0x2000ee64      0x2cc ../../../ISIS-OBC/hal/hcc/lib/libHCCD.a(fat_common.o)
                0x2000ee64                _f_dobadblock
 .text._f_checklocked
                0x2000f130       0xe4 ../../../ISIS-OBC/hal/hcc/lib/libHCCD.a(fat_common.o)
                0x2000f130                _f_checklocked
 .text._f_checkappendlocked
                0x2000f214      0x110 ../../../ISIS-OBC/hal/hcc/lib/libHCCD.a(fat_common.o)
                0x2000f214                _f_checkappendlocked
 .text._f_setsyncafile
                0x2000f324      0x114 ../../../ISIS-OBC/hal/hcc/lib/libHCCD.a(fat_common.o)
                0x2000f324                _f_setsyncafile
 .text._f_syncfiles
                0x2000f438      0x128 ../../../ISIS-OBC/hal/hcc/lib/libHCCD.a(fat_common.o)
                0x2000f438                _f_syncfiles
 .text._f_syncfilescontent
                0x2000f560      0x15c ../../../ISIS-OBC/hal/hcc/lib/libHCCD.a(fat_common.o)
 .text.fn_getfreespace
                0x2000f6bc      0x4c0 ../../../ISIS-OBC/hal/hcc/lib/libHCCD.a(fat_common.o)
                0x2000f6bc                fn_getfreespace
 .text._f_emptywritecache
                0x2000fb7c      0x4a4 ../../../ISIS-OBC/hal/hcc/lib/libHCCD.a(fat_common.o)
 .text._f_allocnextcluster
                0x20010020      0x54c ../../../ISIS-OBC/hal/hcc/lib/libHCCD.a(fat_common.o)
 .text._f_emptywritebuffer
                0x2001056c      0x20c ../../../ISIS-OBC/hal/hcc/lib/libHCCD.a(fat_common.o)
 .text._f_writezeros
                0x20010778       0xf0 ../../../ISIS-OBC/hal/hcc/lib/libHCCD.a(fat_common.o)
                0x20010778                _f_writezeros
 .text._f_extend_file
                0x20010868      0x570 ../../../ISIS-OBC/hal/hcc/lib/libHCCD.a(fat_common.o)
 .text._f_fseek
                0x20010dd8      0x9bc ../../../ISIS-OBC/hal/hcc/lib/libHCCD.a(fat_common.o)
                0x20010dd8                _f_fseek
 .text._f_removechain
                0x20011794      0x104 ../../../ISIS-OBC/hal/hcc/lib/libHCCD.a(fat_common.o)
                0x20011794                _f_removechain
 .text._f_updatefileentry
                0x20011898      0x1cc ../../../ISIS-OBC/hal/hcc/lib/libHCCD.a(fat_common.o)
 .text._f_checkreadlocked
                0x20011a64      0x1bc ../../../ISIS-OBC/hal/hcc/lib/libHCCD.a(fat_common.o)
                0x20011a64                _f_checkreadlocked
 .text._f_check_handle
                0x20011c20       0x98 ../../../ISIS-OBC/hal/hcc/lib/libHCCD.a(fat_common.o)
                0x20011c20                _f_check_handle
 .text._f_removesyncafile
                0x20011cb8      0x1ec ../../../ISIS-OBC/hal/hcc/lib/libHCCD.a(fat_common.o)
 .text.fn_close
                0x20011ea4      0x3f8 ../../../ISIS-OBC/hal/hcc/lib/libHCCD.a(fat_common.o)
                0x20011ea4                fn_close
 .text._f_abortwrite
                0x2001229c      0x100 ../../../ISIS-OBC/hal/hcc/lib/libHCCD.a(fat_common.o)
 .text._f_checkwritecluster
                0x2001239c       0xe4 ../../../ISIS-OBC/hal/hcc/lib/libHCCD.a(fat_common.o)
 .text.fn_write
                0x20012480      0x8a8 ../../../ISIS-OBC/hal/hcc/lib/libHCCD.a(fat_common.o)
                0x20012480                fn_write
 .text.f_enterFS
                0x20012d28      0x1c0 ../../../ISIS-OBC/hal/hcc/lib/libHCCD.a(fat_common.o)
                0x20012d28                f_enterFS
 .text.f_releaseFS
                0x20012ee8       0xb0 ../../../ISIS-OBC/hal/hcc/lib/libHCCD.a(fat_common.o)
                0x20012ee8                f_releaseFS
 .text.fnGetTask
                0x20012f98       0xfc ../../../ISIS-OBC/hal/hcc/lib/libHCCD.a(fat_common.o)
                0x20012f98                fnGetTask
 .text._f_mutex_get
                0x20013094       0x98 ../../../ISIS-OBC/hal/hcc/lib/libHCCD.a(fat_common.o)
                0x20013094                _f_mutex_get
 .text._f_mutex_put
                0x2001312c       0x54 ../../../ISIS-OBC/hal/hcc/lib/libHCCD.a(fat_common.o)
                0x2001312c                _f_mutex_put
 .text._fn_initseekdivisor
                0x20013180      0x158 ../../../ISIS-OBC/hal/hcc/lib/libHCCD.a(fat_common.o)
                0x20013180                _fn_initseekdivisor
 .text._fn_updateseekpos
                0x200132d8       0xc4 ../../../ISIS-OBC/hal/hcc/lib/libHCCD.a(fat_common.o)
 .text._f_findopensize
                0x2001339c       0x2c ../../../ISIS-OBC/hal/hcc/lib/libHCCD.a(fat_common.o)
                0x2001339c                _f_findopensize
 .text.fn_fstat
                0x200133c8      0x250 ../../../ISIS-OBC/hal/hcc/lib/libHCCD.a(fat_common.o)
                0x200133c8                fn_fstat
 .text.fn_setlasterror
                0x20013618       0x34 ../../../ISIS-OBC/hal/hcc/lib/libHCCD.a(fat_common.o)
                0x20013618                fn_setlasterror
 .text.fn_setlasterror_noret
                0x2001364c       0x2c ../../../ISIS-OBC/hal/hcc/lib/libHCCD.a(fat_common.o)
                0x2001364c                fn_setlasterror_noret
 .text._s_checkzeroclusteratend
                0x20013678       0xf8 ../../../ISIS-OBC/hal/hcc/lib/libHCCD.a(safefat.o)
 .text._s_clearclustercontent
                0x20013770      0x108 ../../../ISIS-OBC/hal/hcc/lib/libHCCD.a(safefat.o)
 .text._s_clearclustercontentdir
                0x20013878      0x19c ../../../ISIS-OBC/hal/hcc/lib/libHCCD.a(safefat.o)
 .text._s_writedirsector
                0x20013a14       0xd0 ../../../ISIS-OBC/hal/hcc/lib/libHCCD.a(safefat.o)
 .text._s_getdirsector
                0x20013ae4      0x100 ../../../ISIS-OBC/hal/hcc/lib/libHCCD.a(safefat.o)
 .text._s_addentry
                0x20013be4      0x394 ../../../ISIS-OBC/hal/hcc/lib/libHCCD.a(safefat.o)
 .text._s_findfile
                0x20013f78      0x33c ../../../ISIS-OBC/hal/hcc/lib/libHCCD.a(safefat.o)
 .text._s_findsubdir
                0x200142b4      0x248 ../../../ISIS-OBC/hal/hcc/lib/libHCCD.a(safefat.o)
 .text._s_createfile
                0x200144fc      0x190 ../../../ISIS-OBC/hal/hcc/lib/libHCCD.a(safefat.o)
 .text._s_findsaffile
                0x2001468c      0x1b8 ../../../ISIS-OBC/hal/hcc/lib/libHCCD.a(safefat.o)
 .text._s_open  0x20014844       0xe4 ../../../ISIS-OBC/hal/hcc/lib/libHCCD.a(safefat.o)
 .text._s_open_saf
                0x20014928       0xe8 ../../../ISIS-OBC/hal/hcc/lib/libHCCD.a(safefat.o)
 .text._s_flush
                0x20014a10       0x84 ../../../ISIS-OBC/hal/hcc/lib/libHCCD.a(safefat.o)
 .text._s_allocnextcluster
                0x20014a94      0x13c ../../../ISIS-OBC/hal/hcc/lib/libHCCD.a(safefat.o)
 .text._s_getnextsector
                0x20014bd0       0xdc ../../../ISIS-OBC/hal/hcc/lib/libHCCD.a(safefat.o)
 .text._s_seek  0x20014cac      0x1e8 ../../../ISIS-OBC/hal/hcc/lib/libHCCD.a(safefat.o)
 .text._s_read  0x20014e94      0x228 ../../../ISIS-OBC/hal/hcc/lib/libHCCD.a(safefat.o)
 .text._s_write
                0x200150bc      0x384 ../../../ISIS-OBC/hal/hcc/lib/libHCCD.a(safefat.o)
 .text._s_restoreclusters
                0x20015440      0x270 ../../../ISIS-OBC/hal/hcc/lib/libHCCD.a(safefat.o)
                0x20015440                _s_restoreclusters
 .text._s_findrestore
                0x200156b0      0x18c ../../../ISIS-OBC/hal/hcc/lib/libHCCD.a(safefat.o)
 .text._s_cmd_writede
                0x2001583c       0xd8 ../../../ISIS-OBC/hal/hcc/lib/libHCCD.a(safefat.o)
 .text._s_cmd_setcluster
                0x20015914       0x88 ../../../ISIS-OBC/hal/hcc/lib/libHCCD.a(safefat.o)
 .text._s_cmd_deletechain
                0x2001599c      0x100 ../../../ISIS-OBC/hal/hcc/lib/libHCCD.a(safefat.o)
 .text._s_cmd_validatecfn
                0x20015a9c      0x308 ../../../ISIS-OBC/hal/hcc/lib/libHCCD.a(safefat.o)
 .text._s_cmd_seteof
                0x20015da4      0x3c4 ../../../ISIS-OBC/hal/hcc/lib/libHCCD.a(safefat.o)
 .text.safe_docommands
                0x20016168      0x56c ../../../ISIS-OBC/hal/hcc/lib/libHCCD.a(safefat.o)
                0x20016168                safe_docommands
 .text.safe_entercommand
                0x200166d4       0x68 ../../../ISIS-OBC/hal/hcc/lib/libHCCD.a(safefat.o)
                0x200166d4                safe_entercommand
 .text.safe_ready
                0x2001673c       0xf4 ../../../ISIS-OBC/hal/hcc/lib/libHCCD.a(safefat.o)
                0x2001673c                safe_ready
 .text.safe_copycfn
                0x20016830       0xb8 ../../../ISIS-OBC/hal/hcc/lib/libHCCD.a(safefat.o)
                0x20016830                safe_copycfn
 .text.safe_cfremove
                0x200168e8       0xb8 ../../../ISIS-OBC/hal/hcc/lib/libHCCD.a(safefat.o)
                0x200168e8                safe_cfremove
 .text.safe_writede
                0x200169a0      0x104 ../../../ISIS-OBC/hal/hcc/lib/libHCCD.a(safefat.o)
                0x200169a0                safe_writede
 .text.safe_setcluster
                0x20016aa4       0xcc ../../../ISIS-OBC/hal/hcc/lib/libHCCD.a(safefat.o)
                0x20016aa4                safe_setcluster
 .text.safe_deletechain
                0x20016b70      0x1c8 ../../../ISIS-OBC/hal/hcc/lib/libHCCD.a(safefat.o)
                0x20016b70                safe_deletechain
 .text.safe_cfclose
                0x20016d38      0x104 ../../../ISIS-OBC/hal/hcc/lib/libHCCD.a(safefat.o)
                0x20016d38                safe_cfclose
 .text.safe_reset
                0x20016e3c       0x78 ../../../ISIS-OBC/hal/hcc/lib/libHCCD.a(safefat.o)
                0x20016e3c                safe_reset
 .text.safe_loadcommands
                0x20016eb4       0x78 ../../../ISIS-OBC/hal/hcc/lib/libHCCD.a(safefat.o)
                0x20016eb4                safe_loadcommands
 .text.safe_poweron
                0x20016f2c      0x1fc ../../../ISIS-OBC/hal/hcc/lib/libHCCD.a(safefat.o)
                0x20016f2c                safe_poweron
 .text.cf_getname
                0x20017128       0xc0 ../../../ISIS-OBC/hal/hcc/lib/libHCCD.a(safefat.o)
 .text.cf_copyclusterchain
                0x200171e8      0x138 ../../../ISIS-OBC/hal/hcc/lib/libHCCD.a(safefat.o)
 .text.cf_seektozero
                0x20017320       0x94 ../../../ISIS-OBC/hal/hcc/lib/libHCCD.a(safefat.o)
                0x20017320                cf_seektozero
 .text.cf_create
                0x200173b4      0x3a8 ../../../ISIS-OBC/hal/hcc/lib/libHCCD.a(safefat.o)
                0x200173b4                cf_create
 .text.cf_copyclustercontent
                0x2001775c      0x128 ../../../ISIS-OBC/hal/hcc/lib/libHCCD.a(safefat.o)
                0x2001775c                cf_copyclustercontent
 .text.cf_copycfn
                0x20017884      0x4bc ../../../ISIS-OBC/hal/hcc/lib/libHCCD.a(safefat.o)
                0x20017884                cf_copycfn
 .text.cf_remove
                0x20017d40      0x344 ../../../ISIS-OBC/hal/hcc/lib/libHCCD.a(safefat.o)
                0x20017d40                cf_remove
 .text.cf_setclusternew
                0x20018084       0xf0 ../../../ISIS-OBC/hal/hcc/lib/libHCCD.a(safefat.o)
                0x20018084                cf_setclusternew
 .text.cf_flush
                0x20018174       0x58 ../../../ISIS-OBC/hal/hcc/lib/libHCCD.a(safefat.o)
                0x20018174                cf_flush
 .text.cf_getcluster
                0x200181cc      0x1b4 ../../../ISIS-OBC/hal/hcc/lib/libHCCD.a(safefat.o)
                0x200181cc                cf_getcluster
 .text.cf_setnextcluster
                0x20018380      0x194 ../../../ISIS-OBC/hal/hcc/lib/libHCCD.a(safefat.o)
                0x20018380                cf_setnextcluster
 .text.cf_getpositions
                0x20018514       0xbc ../../../ISIS-OBC/hal/hcc/lib/libHCCD.a(safefat.o)
                0x20018514                cf_getpositions
 .text.cf_setpositions
                0x200185d0       0xb0 ../../../ISIS-OBC/hal/hcc/lib/libHCCD.a(safefat.o)
                0x200185d0                cf_setpositions
 .text.cf_opensyncafile
                0x20018680      0x150 ../../../ISIS-OBC/hal/hcc/lib/libHCCD.a(safefat.o)
                0x20018680                cf_opensyncafile
 .text.mcipdc_cmd
                0x200187d0      0x22c ../../../ISIS-OBC/hal/hcc/lib/libHCCD.a(atmel_mcipdc.o)
 .text.mcipdc_stop
                0x200189fc       0xfc ../../../ISIS-OBC/hal/hcc/lib/libHCCD.a(atmel_mcipdc.o)
                0x200189fc                mcipdc_stop
 .text.mcipdc_read
                0x20018af8      0x27c ../../../ISIS-OBC/hal/hcc/lib/libHCCD.a(atmel_mcipdc.o)
 .text.mcipdc_write
                0x20018d74      0x298 ../../../ISIS-OBC/hal/hcc/lib/libHCCD.a(atmel_mcipdc.o)
 .text.mcipdc_readsector
                0x2001900c       0x9c ../../../ISIS-OBC/hal/hcc/lib/libHCCD.a(atmel_mcipdc.o)
                0x2001900c                mcipdc_readsector
 .text.mcipdc_readmultiplesector
                0x200190a8      0x124 ../../../ISIS-OBC/hal/hcc/lib/libHCCD.a(atmel_mcipdc.o)
                0x200190a8                mcipdc_readmultiplesector
 .text.mcipdc_writesector
                0x200191cc       0x90 ../../../ISIS-OBC/hal/hcc/lib/libHCCD.a(atmel_mcipdc.o)
                0x200191cc                mcipdc_writesector
 .text.mcipdc_writemultiplesector
                0x2001925c      0x120 ../../../ISIS-OBC/hal/hcc/lib/libHCCD.a(atmel_mcipdc.o)
                0x2001925c                mcipdc_writemultiplesector
 .text.mcipdc_set_speed
                0x2001937c       0xb0 ../../../ISIS-OBC/hal/hcc/lib/libHCCD.a(atmel_mcipdc.o)
 .text.mcipdc_get_speed
                0x2001942c       0x48 ../../../ISIS-OBC/hal/hcc/lib/libHCCD.a(atmel_mcipdc.o)
 .text._get_csd_bits
                0x20019474      0x14c ../../../ISIS-OBC/hal/hcc/lib/libHCCD.a(atmel_mcipdc.o)
 .text.mcipdc_initcard
                0x200195c0      0x8f4 ../../../ISIS-OBC/hal/hcc/lib/libHCCD.a(atmel_mcipdc.o)
 .text.mcipdc_getstatus
                0x20019eb4       0xe8 ../../../ISIS-OBC/hal/hcc/lib/libHCCD.a(atmel_mcipdc.o)
 .text.mcipdc_getphy
                0x20019f9c       0x90 ../../../ISIS-OBC/hal/hcc/lib/libHCCD.a(atmel_mcipdc.o)
 .text.mcipdc_release
                0x2001a02c       0x50 ../../../ISIS-OBC/hal/hcc/lib/libHCCD.a(atmel_mcipdc.o)
 .text.atmel_mcipdc_initfunc
                0x2001a07c      0x160 ../../../ISIS-OBC/hal/hcc/lib/libHCCD.a(atmel_mcipdc.o)
                0x2001a07c                atmel_mcipdc_initfunc
 .text.oal_task_get_id
                0x2001a1dc       0x18 ../../../ISIS-OBC/hal/hcc/lib/libHCCD.a(oalp_task.o)
                0x2001a1dc                oal_task_get_id
 .text.oal_mutex_create
                0x2001a1f4       0x54 ../../../ISIS-OBC/hal/hcc/lib/libHCCD.a(oalp_mutex.o)
                0x2001a1f4                oal_mutex_create
 .text.oal_mutex_delete
                0x2001a248       0x30 ../../../ISIS-OBC/hal/hcc/lib/libHCCD.a(oalp_mutex.o)
                0x2001a248                oal_mutex_delete
 .text.oal_mutex_get
                0x2001a278       0x58 ../../../ISIS-OBC/hal/hcc/lib/libHCCD.a(oalp_mutex.o)
                0x2001a278                oal_mutex_get
 .text.oal_mutex_put
                0x2001a2d0       0x58 ../../../ISIS-OBC/hal/hcc/lib/libHCCD.a(oalp_mutex.o)
                0x2001a2d0                oal_mutex_put
 .text.mcipdc_hw_init
                0x2001a328       0xe8 ../../../ISIS-OBC/hal/hcc/lib/libHCCD.a(atmel_mcipdc_hw.o)
                0x2001a328                mcipdc_hw_init
 .text.mcipdc_hw_delete
                0x2001a410       0x78 ../../../ISIS-OBC/hal/hcc/lib/libHCCD.a(atmel_mcipdc_hw.o)
                0x2001a410                mcipdc_hw_delete
 .text.mcipdc_hw_card_plugged
                0x2001a488       0x1c ../../../ISIS-OBC/hal/hcc/lib/libHCCD.a(atmel_mcipdc_hw.o)
                0x2001a488                mcipdc_hw_card_plugged
 .text.mcipdc_hw_card_writeprotect
                0x2001a4a4       0x1c ../../../ISIS-OBC/hal/hcc/lib/libHCCD.a(atmel_mcipdc_hw.o)
                0x2001a4a4                mcipdc_hw_card_writeprotect
 .text.psp_getcurrenttimedate
                0x2001a4c0       0x8c ../../../ISIS-OBC/hal/hcc/lib/libHCCD.a(psp_rtc.o)
                0x2001a4c0                psp_getcurrenttimedate
 .text._hcc_get_buf_dsc
                0x2001a54c       0x8c ../../../ISIS-OBC/hal/hcc/lib/libHCCD.a(hcc_mem.o)
 .text._hcc_check_free_pages
                0x2001a5d8      0x18c ../../../ISIS-OBC/hal/hcc/lib/libHCCD.a(hcc_mem.o)
 .text._hcc_mark_pages
                0x2001a764      0x158 ../../../ISIS-OBC/hal/hcc/lib/libHCCD.a(hcc_mem.o)
 .text._hcc_clear_lock_dsc
                0x2001a8bc       0x80 ../../../ISIS-OBC/hal/hcc/lib/libHCCD.a(hcc_mem.o)
 .text._hcc_lock_access
                0x2001a93c      0x128 ../../../ISIS-OBC/hal/hcc/lib/libHCCD.a(hcc_mem.o)
 .text._hcc_unlock_access
                0x2001aa64       0x30 ../../../ISIS-OBC/hal/hcc/lib/libHCCD.a(hcc_mem.o)
 .text.hcc_mem_alloc
                0x2001aa94      0x454 ../../../ISIS-OBC/hal/hcc/lib/libHCCD.a(hcc_mem.o)
                0x2001aa94                hcc_mem_alloc
 .text.hcc_mem_free
                0x2001aee8      0x178 ../../../ISIS-OBC/hal/hcc/lib/libHCCD.a(hcc_mem.o)
                0x2001aee8                hcc_mem_free
 .text.hcc_mem_add
                0x2001b060      0x3b0 ../../../ISIS-OBC/hal/hcc/lib/libHCCD.a(hcc_mem.o)
                0x2001b060                hcc_mem_add
 .text.hcc_mem_init
                0x2001b410      0x164 ../../../ISIS-OBC/hal/hcc/lib/libHCCD.a(hcc_mem.o)
                0x2001b410                hcc_mem_init
 .text.hcc_mem_buf_alloc
                0x2001b574       0xe4 ../../../ISIS-OBC/hal/hcc/lib/libHCCD.a(psp_hcc_mem.o)
                0x2001b574                hcc_mem_buf_alloc
 .text.isismepsv2_ivid7_piu__correcttime
                0x2001b658       0xd4 ../../../ISIS-OBC/satellite-subsystems/satellite-subsystems/lib/libSatelliteSubsystemsD.a(isismepsv2_ivid7_piu.o)
                0x2001b658                isismepsv2_ivid7_piu__correcttime
 .text.isismepsv2_ivid7_piu__getsystemstatus
                0x2001b72c       0xc4 ../../../ISIS-OBC/satellite-subsystems/satellite-subsystems/lib/libSatelliteSubsystemsD.a(isismepsv2_ivid7_piu.o)
                0x2001b72c                isismepsv2_ivid7_piu__getsystemstatus
 .text.isismepsv2_ivid7_piu__outputbuschanneloff
                0x2001b7f0       0xd8 ../../../ISIS-OBC/satellite-subsystems/satellite-subsystems/lib/libSatelliteSubsystemsD.a(isismepsv2_ivid7_piu.o)
                0x2001b7f0                isismepsv2_ivid7_piu__outputbuschanneloff
 .text.isismepsv2_ivid7_piu__outputbuschannelon
                0x2001b8c8       0xd8 ../../../ISIS-OBC/satellite-subsystems/satellite-subsystems/lib/libSatelliteSubsystemsD.a(isismepsv2_ivid7_piu.o)
                0x2001b8c8                isismepsv2_ivid7_piu__outputbuschannelon
 .text.isismepsv2_ivid7_piu__outputbusgroupoff
                0x2001b9a0       0xf8 ../../../ISIS-OBC/satellite-subsystems/satellite-subsystems/lib/libSatelliteSubsystemsD.a(isismepsv2_ivid7_piu.o)
                0x2001b9a0                isismepsv2_ivid7_piu__outputbusgroupoff
 .text.isismepsv2_ivid7_piu__outputbusgroupon
                0x2001ba98       0xf8 ../../../ISIS-OBC/satellite-subsystems/satellite-subsystems/lib/libSatelliteSubsystemsD.a(isismepsv2_ivid7_piu.o)
                0x2001ba98                isismepsv2_ivid7_piu__outputbusgroupon
 .text.isismepsv2_ivid7_piu__outputbusgroupstate
                0x2001bb90       0xf8 ../../../ISIS-OBC/satellite-subsystems/satellite-subsystems/lib/libSatelliteSubsystemsD.a(isismepsv2_ivid7_piu.o)
                0x2001bb90                isismepsv2_ivid7_piu__outputbusgroupstate
 .text.isismepsv2_ivid7_piu__resetwatchdog
                0x2001bc88       0xc4 ../../../ISIS-OBC/satellite-subsystems/satellite-subsystems/lib/libSatelliteSubsystemsD.a(isismepsv2_ivid7_piu.o)
                0x2001bc88                isismepsv2_ivid7_piu__resetwatchdog
 .text.isismepsv2_ivid7_piu__setconfigurationparameter
                0x2001bd4c      0x11c ../../../ISIS-OBC/satellite-subsystems/satellite-subsystems/lib/libSatelliteSubsystemsD.a(isismepsv2_ivid7_piu.o)
                0x2001bd4c                isismepsv2_ivid7_piu__setconfigurationparameter
 .text._ISISMEPSV2_IVID7_PIU_I2C_Send
                0x2001be68      0x15c ../../../ISIS-OBC/satellite-subsystems/satellite-subsystems/lib/libSatelliteSubsystemsD.a(isismepsv2_ivid7_piu.o)
 .text.uSdelay  0x2001bfc4       0x88 ../../../ISIS-OBC/hal/hal/lib/libHALD.a(LED.o)
 .text.LED_start
                0x2001c04c       0x1c ../../../ISIS-OBC/hal/hal/lib/libHALD.a(LED.o)
                0x2001c04c                LED_start
 .text.LED_glow
                0x2001c068       0x58 ../../../ISIS-OBC/hal/hal/lib/libHALD.a(LED.o)
                0x2001c068                LED_glow
 .text.LED_dark
                0x2001c0c0       0x58 ../../../ISIS-OBC/hal/hal/lib/libHALD.a(LED.o)
                0x2001c0c0                LED_dark
 .text.LED_toggle
                0x2001c118       0x50 ../../../ISIS-OBC/hal/hal/lib/libHALD.a(LED.o)
                0x2001c118                LED_toggle
 .text.LED_wave
                0x2001c168       0xd0 ../../../ISIS-OBC/hal/hal/lib/libHALD.a(LED.o)
                0x2001c168                LED_wave
 .text.LED_waveReverse
                0x2001c238       0xd0 ../../../ISIS-OBC/hal/hal/lib/libHALD.a(LED.o)
                0x2001c238                LED_waveReverse
 .text.clearPDCtransfers
                0x2001c308       0xdc ../../../ISIS-OBC/hal/hal/lib/libHALD.a(UART.o)
 .text.UART_start
                0x2001c3e4      0x7f8 ../../../ISIS-OBC/hal/hal/lib/libHALD.a(UART.o)
                0x2001c3e4                UART_start
 .text.UART_stop
                0x2001cbdc      0x2b0 ../../../ISIS-OBC/hal/hal/lib/libHALD.a(UART.o)
                0x2001cbdc                UART_stop
 .text.UART_queueTransfer
                0x2001ce8c      0x1dc ../../../ISIS-OBC/hal/hal/lib/libHALD.a(UART.o)
                0x2001ce8c                UART_queueTransfer
 .text.UART_write
                0x2001d068      0x224 ../../../ISIS-OBC/hal/hal/lib/libHALD.a(UART.o)
                0x2001d068                UART_write
 .text.UART_read
                0x2001d28c      0x224 ../../../ISIS-OBC/hal/hal/lib/libHALD.a(UART.o)
                0x2001d28c                UART_read
 .text.taskWriteRegulator
                0x2001d4b0      0x2f8 ../../../ISIS-OBC/hal/hal/lib/libHALD.a(UART.o)
 .text.taskReadRegulator
                0x2001d7a8      0x2ec ../../../ISIS-OBC/hal/hal/lib/libHALD.a(UART.o)
 .text.validateTransferParameters
                0x2001da94      0x10c ../../../ISIS-OBC/hal/hal/lib/libHALD.a(I2C.o)
 .text.I2C_queueTransfer
                0x2001dba0       0xfc ../../../ISIS-OBC/hal/hal/lib/libHALD.a(I2C.o)
                0x2001dba0                I2C_queueTransfer
 .text.I2C_internalCallback
                0x2001dc9c       0x64 ../../../ISIS-OBC/hal/hal/lib/libHALD.a(I2C.o)
 .text.I2C_doBlockingTransfer
                0x2001dd00      0x180 ../../../ISIS-OBC/hal/hal/lib/libHALD.a(I2C.o)
 .text.I2C_writeRead
                0x2001de80      0x17c ../../../ISIS-OBC/hal/hal/lib/libHALD.a(I2C.o)
                0x2001de80                I2C_writeRead
 .text.Time_start
                0x2001dffc      0x170 ../../../ISIS-OBC/hal/hal/lib/libHALD.a(Time.o)
                0x2001dffc                Time_start
 .text.taskTimeSync
                0x2001e16c       0x64 ../../../ISIS-OBC/hal/hal/lib/libHALD.a(Time.o)
 .text.Time_calculateSecondsOfYear
                0x2001e1d0       0xd8 ../../../ISIS-OBC/hal/hal/lib/libHALD.a(Time.o)
 .text.Time_set
                0x2001e2a8       0xd8 ../../../ISIS-OBC/hal/hal/lib/libHALD.a(Time.o)
                0x2001e2a8                Time_set
 .text.Time_isLeapYear
                0x2001e380       0x98 ../../../ISIS-OBC/hal/hal/lib/libHALD.a(Time.o)
                0x2001e380                Time_isLeapYear
 .text.Time_get
                0x2001e418      0x478 ../../../ISIS-OBC/hal/hal/lib/libHALD.a(Time.o)
                0x2001e418                Time_get
 .text.Time_getUnixEpoch
                0x2001e890      0x108 ../../../ISIS-OBC/hal/hal/lib/libHALD.a(Time.o)
                0x2001e890                Time_getUnixEpoch
 .text.Time_sync
                0x2001e998      0x1a8 ../../../ISIS-OBC/hal/hal/lib/libHALD.a(Time.o)
                0x2001e998                Time_sync
 .text.Time_syncIfNeeded
                0x2001eb40       0xac ../../../ISIS-OBC/hal/hal/lib/libHALD.a(Time.o)
                0x2001eb40                Time_syncIfNeeded
 .text.WDT_start
                0x2001ebec       0x48 ../../../ISIS-OBC/hal/hal/lib/libHALD.a(WatchDogTimerNoOS.o)
                0x2001ebec                WDT_start
 .text.RTT_start
                0x2001ec34       0x24 ../../../ISIS-OBC/hal/hal/lib/libHALD.a(RTT.o)
                0x2001ec34                RTT_start
 .text.RTT_GetTime
                0x2001ec58       0x24 ../../../ISIS-OBC/hal/hal/lib/libHALD.a(RTT.o)
                0x2001ec58                RTT_GetTime
 .text.RTT_GetStatus
                0x2001ec7c       0x24 ../../../ISIS-OBC/hal/hal/lib/libHALD.a(RTT.o)
                0x2001ec7c                RTT_GetStatus
 .text.RTC_start
                0x2001eca0       0x3c ../../../ISIS-OBC/hal/hal/lib/libHALD.a(RTC.o)
                0x2001eca0                RTC_start
 .text.RTC_setTime
                0x2001ecdc      0x2a4 ../../../ISIS-OBC/hal/hal/lib/libHALD.a(RTC.o)
                0x2001ecdc                RTC_setTime
 .text.RTC_getTime
                0x2001ef80      0x230 ../../../ISIS-OBC/hal/hal/lib/libHALD.a(RTC.o)
                0x2001ef80                RTC_getTime
 .text.RTC_checkTimeValid
                0x2001f1b0       0xd8 ../../../ISIS-OBC/hal/hal/lib/libHALD.a(RTC.o)
                0x2001f1b0                RTC_checkTimeValid
 .text.WDT_forceKickEveryNms
                0x2001f288       0x50 ../../../ISIS-OBC/hal/hal/lib/libHALD.a(WatchDogTimerOS.o)
                0x2001f288                WDT_forceKickEveryNms
 .text.clearPDCtransfers
                0x2001f2d8       0xe8 ../../../ISIS-OBC/hal/hal/lib/libHALD.a(SPI.o)
 .text.SPI_start
                0x2001f3c0      0x4b0 ../../../ISIS-OBC/hal/hal/lib/libHALD.a(SPI.o)
                0x2001f3c0                SPI_start
 .text.SPI_stop
                0x2001f870      0x244 ../../../ISIS-OBC/hal/hal/lib/libHALD.a(SPI.o)
                0x2001f870                SPI_stop
 .text.SPI_queueTransfer
                0x2001fab4      0x1cc ../../../ISIS-OBC/hal/hal/lib/libHALD.a(SPI.o)
                0x2001fab4                SPI_queueTransfer
 .text.SPI_internalCallback
                0x2001fc80       0x64 ../../../ISIS-OBC/hal/hal/lib/libHALD.a(SPI.o)
 .text.SPI_writeRead
                0x2001fce4      0x1c0 ../../../ISIS-OBC/hal/hal/lib/libHALD.a(SPI.o)
                0x2001fce4                SPI_writeRead
 .text.waitForTransfer
                0x2001fea4       0x78 ../../../ISIS-OBC/hal/hal/lib/libHALD.a(SPI.o)
 .text.SPI_getDriverState
                0x2001ff1c       0x58 ../../../ISIS-OBC/hal/hal/lib/libHALD.a(SPI.o)
                0x2001ff1c                SPI_getDriverState
 .text.csp_buffer_init
                0x2001ff74       0x98 ../../../workspace/labsat-obc-master/csp-src/libcspD.a(csp_buffer.o)
                0x2001ff74                csp_buffer_init
 .text.csp_buffer_get_isr
                0x2002000c       0xd4 ../../../workspace/labsat-obc-master/csp-src/libcspD.a(csp_buffer.o)
                0x2002000c                csp_buffer_get_isr
 .text.csp_buffer_get
                0x200200e0       0xd4 ../../../workspace/labsat-obc-master/csp-src/libcspD.a(csp_buffer.o)
                0x200200e0                csp_buffer_get
 .text.csp_buffer_free_isr
                0x200201b4       0xf0 ../../../workspace/labsat-obc-master/csp-src/libcspD.a(csp_buffer.o)
                0x200201b4                csp_buffer_free_isr
 .text.csp_buffer_free
                0x200202a4       0xe4 ../../../workspace/labsat-obc-master/csp-src/libcspD.a(csp_buffer.o)
                0x200202a4                csp_buffer_free
 .text.csp_buffer_clone
                0x20020388       0x74 ../../../workspace/labsat-obc-master/csp-src/libcspD.a(csp_buffer.o)
                0x20020388                csp_buffer_clone
 .text.csp_buffer_remaining
                0x200203fc       0x28 ../../../workspace/labsat-obc-master/csp-src/libcspD.a(csp_buffer.o)
                0x200203fc                csp_buffer_remaining
 .text.csp_buffer_size
                0x20020424       0x1c ../../../workspace/labsat-obc-master/csp-src/libcspD.a(csp_buffer.o)
                0x20020424                csp_buffer_size
 .text.csp_buffer_data_size
                0x20020440       0x1c ../../../workspace/labsat-obc-master/csp-src/libcspD.a(csp_buffer.o)
                0x20020440                csp_buffer_data_size
 .text.atomic_compare_exchange
                0x2002045c       0x80 ../../../workspace/labsat-obc-master/csp-src/libcspD.a(csp_conn.o)
                0x2002045c                atomic_compare_exchange
 .text.csp_conn_check_timeouts
                0x200204dc       0xc4 ../../../workspace/labsat-obc-master/csp-src/libcspD.a(csp_conn.o)
                0x200204dc                csp_conn_check_timeouts
 .text.csp_conn_enqueue_packet
                0x200205a0       0x84 ../../../workspace/labsat-obc-master/csp-src/libcspD.a(csp_conn.o)
                0x200205a0                csp_conn_enqueue_packet
 .text.csp_conn_init
                0x20020624       0xac ../../../workspace/labsat-obc-master/csp-src/libcspD.a(csp_conn.o)
                0x20020624                csp_conn_init
 .text.csp_conn_find_existing
                0x200206d0      0x128 ../../../workspace/labsat-obc-master/csp-src/libcspD.a(csp_conn.o)
                0x200206d0                csp_conn_find_existing
 .text.csp_conn_flush_rx_queue
                0x200207f8       0x64 ../../../workspace/labsat-obc-master/csp-src/libcspD.a(csp_conn.o)
 .text.csp_conn_allocate
                0x2002085c      0x160 ../../../workspace/labsat-obc-master/csp-src/libcspD.a(csp_conn.o)
                0x2002085c                csp_conn_allocate
 .text.csp_conn_new
                0x200209bc       0x90 ../../../workspace/labsat-obc-master/csp-src/libcspD.a(csp_conn.o)
                0x200209bc                csp_conn_new
 .text.csp_close
                0x20020a4c       0x2c ../../../workspace/labsat-obc-master/csp-src/libcspD.a(csp_conn.o)
                0x20020a4c                csp_close
 .text.csp_conn_close
                0x20020a78       0xe0 ../../../workspace/labsat-obc-master/csp-src/libcspD.a(csp_conn.o)
                0x20020a78                csp_conn_close
 .text.csp_conn_dport
                0x20020b58       0x28 ../../../workspace/labsat-obc-master/csp-src/libcspD.a(csp_conn.o)
                0x20020b58                csp_conn_dport
 .text.csp_crc32_memory
                0x20020b80       0xa0 ../../../workspace/labsat-obc-master/csp-src/libcspD.a(csp_crc32.o)
                0x20020b80                csp_crc32_memory
 .text.csp_crc32_append
                0x20020c20       0xf0 ../../../workspace/labsat-obc-master/csp-src/libcspD.a(csp_crc32.o)
                0x20020c20                csp_crc32_append
 .text.csp_crc32_verify
                0x20020d10      0x1a8 ../../../workspace/labsat-obc-master/csp-src/libcspD.a(csp_crc32.o)
                0x20020d10                csp_crc32_verify
 .text.csp_id1_prepend
                0x20020eb8       0xfc ../../../workspace/labsat-obc-master/csp-src/libcspD.a(csp_id.o)
                0x20020eb8                csp_id1_prepend
 .text.csp_id1_strip
                0x20020fb4      0x15c ../../../workspace/labsat-obc-master/csp-src/libcspD.a(csp_id.o)
                0x20020fb4                csp_id1_strip
 .text.csp_id1_setup_rx
                0x20021110       0x38 ../../../workspace/labsat-obc-master/csp-src/libcspD.a(csp_id.o)
                0x20021110                csp_id1_setup_rx
 .text.csp_id2_prepend
                0x20021148      0x1f4 ../../../workspace/labsat-obc-master/csp-src/libcspD.a(csp_id.o)
                0x20021148                csp_id2_prepend
 .text.csp_id2_strip
                0x2002133c      0x274 ../../../workspace/labsat-obc-master/csp-src/libcspD.a(csp_id.o)
                0x2002133c                csp_id2_strip
 .text.csp_id2_setup_rx
                0x200215b0       0x38 ../../../workspace/labsat-obc-master/csp-src/libcspD.a(csp_id.o)
                0x200215b0                csp_id2_setup_rx
 .text.csp_id_prepend
                0x200215e8       0x40 ../../../workspace/labsat-obc-master/csp-src/libcspD.a(csp_id.o)
                0x200215e8                csp_id_prepend
 .text.csp_id_strip
                0x20021628       0x4c ../../../workspace/labsat-obc-master/csp-src/libcspD.a(csp_id.o)
                0x20021628                csp_id_strip
 .text.csp_id_setup_rx
                0x20021674       0x4c ../../../workspace/labsat-obc-master/csp-src/libcspD.a(csp_id.o)
                0x20021674                csp_id_setup_rx
 .text.csp_id_get_host_bits
                0x200216c0       0x38 ../../../workspace/labsat-obc-master/csp-src/libcspD.a(csp_id.o)
                0x200216c0                csp_id_get_host_bits
 .text.csp_id_get_max_nodeid
                0x200216f8       0x3c ../../../workspace/labsat-obc-master/csp-src/libcspD.a(csp_id.o)
                0x200216f8                csp_id_get_max_nodeid
 .text.csp_id_is_broadcast
                0x20021734       0xf8 ../../../workspace/labsat-obc-master/csp-src/libcspD.a(csp_id.o)
                0x20021734                csp_id_is_broadcast
 .text.csp_iflist_get_default
                0x2002182c       0x24 ../../../workspace/labsat-obc-master/csp-src/libcspD.a(csp_iflist.o)
                0x2002182c                csp_iflist_get_default
 .text.csp_iflist_is_within_subnet
                0x20021850       0xa8 ../../../workspace/labsat-obc-master/csp-src/libcspD.a(csp_iflist.o)
                0x20021850                csp_iflist_is_within_subnet
 .text.csp_iflist_get_by_subnet
                0x200218f8       0xb4 ../../../workspace/labsat-obc-master/csp-src/libcspD.a(csp_iflist.o)
                0x200218f8                csp_iflist_get_by_subnet
 .text.csp_iflist_get_by_name
                0x200219ac       0x78 ../../../workspace/labsat-obc-master/csp-src/libcspD.a(csp_iflist.o)
                0x200219ac                csp_iflist_get_by_name
 .text.csp_iflist_add
                0x20021a24       0xd8 ../../../workspace/labsat-obc-master/csp-src/libcspD.a(csp_iflist.o)
                0x20021a24                csp_iflist_add
 .text.csp_init
                0x20021afc       0x8c ../../../workspace/labsat-obc-master/csp-src/libcspD.a(csp_init.o)
                0x20021afc                csp_init
 .text.csp_accept
                0x20021b88       0x88 ../../../workspace/labsat-obc-master/csp-src/libcspD.a(csp_io.o)
                0x20021b88                csp_accept
 .text.csp_read
                0x20021c10       0xec ../../../workspace/labsat-obc-master/csp-src/libcspD.a(csp_io.o)
                0x20021c10                csp_read
 .text.csp_id_copy
                0x20021cfc       0xf0 ../../../workspace/labsat-obc-master/csp-src/libcspD.a(csp_io.o)
                0x20021cfc                csp_id_copy
 .text.csp_send_direct
                0x20021dec      0x39c ../../../workspace/labsat-obc-master/csp-src/libcspD.a(csp_io.o)
                0x20021dec                csp_send_direct
 .text.csp_output_hook
                0x20022188      0x13c ../../../workspace/labsat-obc-master/csp-src/libcspD.a(csp_io.o)
                0x20022188                csp_output_hook
 .text.csp_send_direct_iface
                0x200222c4      0x194 ../../../workspace/labsat-obc-master/csp-src/libcspD.a(csp_io.o)
                0x200222c4                csp_send_direct_iface
 .text.csp_send
                0x20022458       0xa8 ../../../workspace/labsat-obc-master/csp-src/libcspD.a(csp_io.o)
                0x20022458                csp_send
 .text.csp_sendto
                0x20022500      0x110 ../../../workspace/labsat-obc-master/csp-src/libcspD.a(csp_io.o)
                0x20022500                csp_sendto
 .text.csp_sendto_reply
                0x20022610       0x88 ../../../workspace/labsat-obc-master/csp-src/libcspD.a(csp_io.o)
                0x20022610                csp_sendto_reply
 .text.csp_port_get_callback
                0x20022698       0xa8 ../../../workspace/labsat-obc-master/csp-src/libcspD.a(csp_port.o)
                0x20022698                csp_port_get_callback
 .text.csp_port_get_socket
                0x20022740       0xa8 ../../../workspace/labsat-obc-master/csp-src/libcspD.a(csp_port.o)
                0x20022740                csp_port_get_socket
 .text.csp_listen
                0x200227e8       0x3c ../../../workspace/labsat-obc-master/csp-src/libcspD.a(csp_port.o)
                0x200227e8                csp_listen
 .text.csp_bind
                0x20022824       0xd8 ../../../workspace/labsat-obc-master/csp-src/libcspD.a(csp_port.o)
                0x20022824                csp_bind
 .text.csp_qfifo_init
                0x200228fc       0x28 ../../../workspace/labsat-obc-master/csp-src/libcspD.a(csp_qfifo.o)
                0x200228fc                csp_qfifo_init
 .text.csp_qfifo_read
                0x20022924       0x50 ../../../workspace/labsat-obc-master/csp-src/libcspD.a(csp_qfifo.o)
                0x20022924                csp_qfifo_read
 .text.csp_qfifo_write
                0x20022974      0x13c ../../../workspace/labsat-obc-master/csp-src/libcspD.a(csp_qfifo.o)
                0x20022974                csp_qfifo_write
 .text.csp_rdp_header_add
                0x20022ab0       0x8c ../../../workspace/labsat-obc-master/csp-src/libcspD.a(csp_rdp.o)
 .text.csp_rdp_header_remove
                0x20022b3c       0x60 ../../../workspace/labsat-obc-master/csp-src/libcspD.a(csp_rdp.o)
 .text.csp_rdp_header_ref
                0x20022b9c       0x44 ../../../workspace/labsat-obc-master/csp-src/libcspD.a(csp_rdp.o)
 .text.csp_rdp_seq_between
                0x20022be0       0x64 ../../../workspace/labsat-obc-master/csp-src/libcspD.a(csp_rdp.o)
 .text.csp_rdp_seq_before
                0x20022c44       0x50 ../../../workspace/labsat-obc-master/csp-src/libcspD.a(csp_rdp.o)
 .text.csp_rdp_seq_after
                0x20022c94       0x40 ../../../workspace/labsat-obc-master/csp-src/libcspD.a(csp_rdp.o)
 .text.csp_rdp_time_before
                0x20022cd4       0x38 ../../../workspace/labsat-obc-master/csp-src/libcspD.a(csp_rdp.o)
 .text.csp_rdp_time_after
                0x20022d0c       0x30 ../../../workspace/labsat-obc-master/csp-src/libcspD.a(csp_rdp.o)
 .text.csp_rdp_send_cmp
                0x20022d3c      0x420 ../../../workspace/labsat-obc-master/csp-src/libcspD.a(csp_rdp.o)
 .text.csp_rdp_send_eack
                0x2002315c      0x254 ../../../workspace/labsat-obc-master/csp-src/libcspD.a(csp_rdp.o)
 .text.csp_rdp_receive_data
                0x200233b0       0xa8 ../../../workspace/labsat-obc-master/csp-src/libcspD.a(csp_rdp.o)
 .text.csp_rdp_rx_queue_flush
                0x20023458      0x208 ../../../workspace/labsat-obc-master/csp-src/libcspD.a(csp_rdp.o)
 .text.csp_rdp_seq_in_rx_queue
                0x20023660      0x158 ../../../workspace/labsat-obc-master/csp-src/libcspD.a(csp_rdp.o)
 .text.csp_rdp_rx_queue_add
                0x200237b8       0x5c ../../../workspace/labsat-obc-master/csp-src/libcspD.a(csp_rdp.o)
 .text.csp_rdp_flush_eack
                0x20023814      0x360 ../../../workspace/labsat-obc-master/csp-src/libcspD.a(csp_rdp.o)
 .text.csp_rdp_should_ack
                0x20023b74       0xc0 ../../../workspace/labsat-obc-master/csp-src/libcspD.a(csp_rdp.o)
 .text.csp_rdp_check_ack
                0x20023c34       0x8c ../../../workspace/labsat-obc-master/csp-src/libcspD.a(csp_rdp.o)
                0x20023c34                csp_rdp_check_ack
 .text.csp_rdp_is_conn_ready_for_tx
                0x20023cc0       0x78 ../../../workspace/labsat-obc-master/csp-src/libcspD.a(csp_rdp.o)
 .text.csp_rdp_check_timeouts
                0x20023d38      0x410 ../../../workspace/labsat-obc-master/csp-src/libcspD.a(csp_rdp.o)
                0x20023d38                csp_rdp_check_timeouts
 .text.csp_rdp_new_packet
                0x20024148     0x143c ../../../workspace/labsat-obc-master/csp-src/libcspD.a(csp_rdp.o)
                0x20024148                csp_rdp_new_packet
 .text.csp_rdp_send
                0x20025584      0x4b8 ../../../workspace/labsat-obc-master/csp-src/libcspD.a(csp_rdp.o)
                0x20025584                csp_rdp_send
 .text.csp_rdp_init
                0x20025a3c       0x68 ../../../workspace/labsat-obc-master/csp-src/libcspD.a(csp_rdp.o)
                0x20025a3c                csp_rdp_init
 .text.csp_rdp_close
                0x20025aa4       0x3c ../../../workspace/labsat-obc-master/csp-src/libcspD.a(csp_rdp.o)
                0x20025aa4                csp_rdp_close
 .text.csp_rdp_close_internal
                0x20025ae0      0x26c ../../../workspace/labsat-obc-master/csp-src/libcspD.a(csp_rdp.o)
 .text.csp_rdp_queue_init
                0x20025d4c       0x44 ../../../workspace/labsat-obc-master/csp-src/libcspD.a(csp_rdp_queue.o)
                0x20025d4c                csp_rdp_queue_init
 .text.csp_rdp_queue_flush
                0x20025d90       0xf8 ../../../workspace/labsat-obc-master/csp-src/libcspD.a(csp_rdp_queue.o)
                0x20025d90                csp_rdp_queue_flush
 .text.csp_rdp_queue_tx_size
                0x20025e88       0x28 ../../../workspace/labsat-obc-master/csp-src/libcspD.a(csp_rdp_queue.o)
                0x20025e88                csp_rdp_queue_tx_size
 .text.csp_rdp_queue_tx_add
                0x20025eb0       0x60 ../../../workspace/labsat-obc-master/csp-src/libcspD.a(csp_rdp_queue.o)
                0x20025eb0                csp_rdp_queue_tx_add
 .text.csp_rdp_queue_tx_get
                0x20025f10       0xc0 ../../../workspace/labsat-obc-master/csp-src/libcspD.a(csp_rdp_queue.o)
                0x20025f10                csp_rdp_queue_tx_get
 .text.csp_rdp_queue_rx_size
                0x20025fd0       0x28 ../../../workspace/labsat-obc-master/csp-src/libcspD.a(csp_rdp_queue.o)
                0x20025fd0                csp_rdp_queue_rx_size
 .text.csp_rdp_queue_rx_add
                0x20025ff8       0x60 ../../../workspace/labsat-obc-master/csp-src/libcspD.a(csp_rdp_queue.o)
                0x20025ff8                csp_rdp_queue_rx_add
 .text.csp_rdp_queue_rx_get
                0x20026058       0xc0 ../../../workspace/labsat-obc-master/csp-src/libcspD.a(csp_rdp_queue.o)
                0x20026058                csp_rdp_queue_rx_get
 .text.csp_route_check_options
                0x20026118       0x28 ../../../workspace/labsat-obc-master/csp-src/libcspD.a(csp_route.o)
 .text.csp_route_security_check
                0x20026140      0x14c ../../../workspace/labsat-obc-master/csp-src/libcspD.a(csp_route.o)
 .text.csp_input_hook
                0x2002628c       0xc4 ../../../workspace/labsat-obc-master/csp-src/libcspD.a(csp_route.o)
                0x2002628c                csp_input_hook
 .text.csp_route_work
                0x20026350      0xa40 ../../../workspace/labsat-obc-master/csp-src/libcspD.a(csp_route.o)
                0x20026350                csp_route_work
 .text.csp_rtable_find_exact
                0x20026d90       0xdc ../../../workspace/labsat-obc-master/csp-src/libcspD.a(csp_rtable_cidr.o)
 .text.csp_rtable_find_route
                0x20026e6c      0x188 ../../../workspace/labsat-obc-master/csp-src/libcspD.a(csp_rtable_cidr.o)
                0x20026e6c                csp_rtable_find_route
 .text.csp_rtable_set_internal
                0x20026ff4       0xd4 ../../../workspace/labsat-obc-master/csp-src/libcspD.a(csp_rtable_cidr.o)
                0x20026ff4                csp_rtable_set_internal
 .text.csp_rtable_set
                0x200270c8       0xbc ../../../workspace/labsat-obc-master/csp-src/libcspD.a(csp_rtable_cidr.o)
                0x200270c8                csp_rtable_set
 .text.do_cmp_ident
                0x20027184      0x118 ../../../workspace/labsat-obc-master/csp-src/libcspD.a(csp_service_handler.o)
 .text.do_cmp_route_set_v1
                0x2002729c       0x8c ../../../workspace/labsat-obc-master/csp-src/libcspD.a(csp_service_handler.o)
 .text.do_cmp_route_set_v2
                0x20027328      0x140 ../../../workspace/labsat-obc-master/csp-src/libcspD.a(csp_service_handler.o)
 .text.do_cmp_if_stats
                0x20027468      0x5c0 ../../../workspace/labsat-obc-master/csp-src/libcspD.a(csp_service_handler.o)
 .text.do_cmp_peek
                0x20027a28      0x144 ../../../workspace/labsat-obc-master/csp-src/libcspD.a(csp_service_handler.o)
 .text.do_cmp_poke
                0x20027b6c      0x144 ../../../workspace/labsat-obc-master/csp-src/libcspD.a(csp_service_handler.o)
 .text.do_cmp_clock
                0x20027cb0      0x24c ../../../workspace/labsat-obc-master/csp-src/libcspD.a(csp_service_handler.o)
 .text.csp_cmp_handler
                0x20027efc      0x138 ../../../workspace/labsat-obc-master/csp-src/libcspD.a(csp_service_handler.o)
 .text.csp_service_handler
                0x20028034      0x2b4 ../../../workspace/labsat-obc-master/csp-src/libcspD.a(csp_service_handler.o)
                0x20028034                csp_service_handler
 .text.csp_clock_get_time
                0x200282e8       0x34 ../../../workspace/labsat-obc-master/csp-src/libcspD.a(csp_clock.o)
                0x200282e8                csp_clock_get_time
 .text.csp_clock_set_time
                0x2002831c       0x24 ../../../workspace/labsat-obc-master/csp-src/libcspD.a(csp_clock.o)
                0x2002831c                csp_clock_set_time
 .text.csp_queue_create
                0x20028340       0x38 ../../../workspace/labsat-obc-master/csp-src/libcspD.a(csp_queue.o)
                0x20028340                csp_queue_create
 .text.csp_queue_enqueue
                0x20028378       0x58 ../../../workspace/labsat-obc-master/csp-src/libcspD.a(csp_queue.o)
                0x20028378                csp_queue_enqueue
 .text.csp_queue_enqueue_isr
                0x200283d0       0x50 ../../../workspace/labsat-obc-master/csp-src/libcspD.a(csp_queue.o)
                0x200283d0                csp_queue_enqueue_isr
 .text.csp_queue_dequeue
                0x20028420       0x58 ../../../workspace/labsat-obc-master/csp-src/libcspD.a(csp_queue.o)
                0x20028420                csp_queue_dequeue
 .text.csp_queue_dequeue_isr
                0x20028478       0x4c ../../../workspace/labsat-obc-master/csp-src/libcspD.a(csp_queue.o)
                0x20028478                csp_queue_dequeue_isr
 .text.csp_queue_size
                0x200284c4       0x28 ../../../workspace/labsat-obc-master/csp-src/libcspD.a(csp_queue.o)
                0x200284c4                csp_queue_size
 .text.csp_queue_free
                0x200284ec       0x28 ../../../workspace/labsat-obc-master/csp-src/libcspD.a(csp_queue.o)
                0x200284ec                csp_queue_free
 .text.csp_bin_sem_init
                0x20028514       0x60 ../../../workspace/labsat-obc-master/csp-src/libcspD.a(csp_semaphore.o)
                0x20028514                csp_bin_sem_init
 .text.csp_bin_sem_wait
                0x20028574       0x5c ../../../workspace/labsat-obc-master/csp-src/libcspD.a(csp_semaphore.o)
                0x20028574                csp_bin_sem_wait
 .text.csp_bin_sem_post
                0x200285d0       0x50 ../../../workspace/labsat-obc-master/csp-src/libcspD.a(csp_semaphore.o)
                0x200285d0                csp_bin_sem_post
 .text.csp_get_ms
                0x20028620       0x18 ../../../workspace/labsat-obc-master/csp-src/libcspD.a(csp_time.o)
                0x20028620                csp_get_ms
 .text.csp_get_s
                0x20028638       0x28 ../../../workspace/labsat-obc-master/csp-src/libcspD.a(csp_time.o)
                0x20028638                csp_get_s
 .text.csp_hmac_init
                0x20028660      0x160 ../../../workspace/labsat-obc-master/csp-src/libcspD.a(csp_hmac.o)
 .text.csp_hmac_process
                0x200287c0       0x5c ../../../workspace/labsat-obc-master/csp-src/libcspD.a(csp_hmac.o)
 .text.csp_hmac_done
                0x2002881c      0x118 ../../../workspace/labsat-obc-master/csp-src/libcspD.a(csp_hmac.o)
 .text.csp_hmac_memory
                0x20028934       0xcc ../../../workspace/labsat-obc-master/csp-src/libcspD.a(csp_hmac.o)
                0x20028934                csp_hmac_memory
 .text.csp_hmac_append
                0x20028a00      0x134 ../../../workspace/labsat-obc-master/csp-src/libcspD.a(csp_hmac.o)
                0x20028a00                csp_hmac_append
 .text.csp_hmac_verify
                0x20028b34      0x160 ../../../workspace/labsat-obc-master/csp-src/libcspD.a(csp_hmac.o)
                0x20028b34                csp_hmac_verify
 .text.csp_sha1_compress
                0x20028c94      0xb9c ../../../workspace/labsat-obc-master/csp-src/libcspD.a(csp_sha1.o)
 .text.csp_sha1_init
                0x20029830       0x88 ../../../workspace/labsat-obc-master/csp-src/libcspD.a(csp_sha1.o)
                0x20029830                csp_sha1_init
 .text.csp_sha1_process
                0x200298b8      0x164 ../../../workspace/labsat-obc-master/csp-src/libcspD.a(csp_sha1.o)
                0x200298b8                csp_sha1_process
 .text.csp_sha1_done
                0x20029a1c      0x350 ../../../workspace/labsat-obc-master/csp-src/libcspD.a(csp_sha1.o)
                0x20029a1c                csp_sha1_done
 .text.csp_sha1_memory
                0x20029d6c       0x50 ../../../workspace/labsat-obc-master/csp-src/libcspD.a(csp_sha1.o)
                0x20029d6c                csp_sha1_memory
 .text.csp_kiss_tx
                0x20029dbc      0x1c4 ../../../workspace/labsat-obc-master/csp-src/libcspD.a(csp_if_kiss.o)
                0x20029dbc                csp_kiss_tx
 .text.csp_kiss_rx
                0x20029f80      0x39c ../../../workspace/labsat-obc-master/csp-src/libcspD.a(csp_if_kiss.o)
                0x20029f80                csp_kiss_rx
 .text.csp_kiss_add_interface
                0x2002a31c      0x11c ../../../workspace/labsat-obc-master/csp-src/libcspD.a(csp_if_kiss.o)
                0x2002a31c                csp_kiss_add_interface
 .text.csp_lo_tx
                0x2002a438       0x40 ../../../workspace/labsat-obc-master/csp-src/libcspD.a(csp_if_lo.o)
 .text.csp_dedup_is_duplicate
                0x2002a478      0x110 ../../../workspace/labsat-obc-master/csp-src/libcspD.a(csp_dedup.o)
                0x2002a478                csp_dedup_is_duplicate
 .text.csp_usart_lock
                0x2002a588       0x5c ../../../workspace/labsat-obc-master/csp-src/libcspD.a(csp_mutex.o)
                0x2002a588                csp_usart_lock
 .text.csp_usart_unlock
                0x2002a5e4       0x38 ../../../workspace/labsat-obc-master/csp-src/libcspD.a(csp_mutex.o)
                0x2002a5e4                csp_usart_unlock
 .text.xTaskGenericCreate
                0x2002a61c      0x2bc ../../../ISIS-OBC/hal/freertos/lib/libFreeRTOSaltD.a(tasks.o)
                0x2002a61c                xTaskGenericCreate
 .text.vTaskDelete
                0x2002a8d8       0xe8 ../../../ISIS-OBC/hal/freertos/lib/libFreeRTOSaltD.a(tasks.o)
                0x2002a8d8                vTaskDelete
 .text.vTaskDelayUntil
                0x2002a9c0      0x170 ../../../ISIS-OBC/hal/freertos/lib/libFreeRTOSaltD.a(tasks.o)
                0x2002a9c0                vTaskDelayUntil
 .text.vTaskDelay
                0x2002ab30       0x80 ../../../ISIS-OBC/hal/freertos/lib/libFreeRTOSaltD.a(tasks.o)
                0x2002ab30                vTaskDelay
 .text.vTaskStartScheduler
                0x2002abb0      0x104 ../../../ISIS-OBC/hal/freertos/lib/libFreeRTOSaltD.a(tasks.o)
                0x2002abb0                vTaskStartScheduler
 .text.vTaskSuspendAll
                0x2002acb4       0x2c ../../../ISIS-OBC/hal/freertos/lib/libFreeRTOSaltD.a(tasks.o)
                0x2002acb4                vTaskSuspendAll
 .text.xTaskResumeAll
                0x2002ace0      0x1f4 ../../../ISIS-OBC/hal/freertos/lib/libFreeRTOSaltD.a(tasks.o)
                0x2002ace0                xTaskResumeAll
 .text.xTaskGetTickCount
                0x2002aed4       0x34 ../../../ISIS-OBC/hal/freertos/lib/libFreeRTOSaltD.a(tasks.o)
                0x2002aed4                xTaskGetTickCount
 .text.uxTaskGetNumberOfTasks
                0x2002af08       0x24 ../../../ISIS-OBC/hal/freertos/lib/libFreeRTOSaltD.a(tasks.o)
                0x2002af08                uxTaskGetNumberOfTasks
 .text.uxTaskGetSystemState
                0x2002af2c      0x1b8 ../../../ISIS-OBC/hal/freertos/lib/libFreeRTOSaltD.a(tasks.o)
                0x2002af2c                uxTaskGetSystemState
 .text.xTaskIncrementTick
                0x2002b0e4      0x298 ../../../ISIS-OBC/hal/freertos/lib/libFreeRTOSaltD.a(tasks.o)
                0x2002b0e4                xTaskIncrementTick
 .text.vTaskSwitchContext
                0x2002b37c      0x1a4 ../../../ISIS-OBC/hal/freertos/lib/libFreeRTOSaltD.a(tasks.o)
                0x2002b37c                vTaskSwitchContext
 .text.vTaskPlaceOnEventList
                0x2002b520       0xcc ../../../ISIS-OBC/hal/freertos/lib/libFreeRTOSaltD.a(tasks.o)
                0x2002b520                vTaskPlaceOnEventList
 .text.vTaskPlaceOnEventListRestricted
                0x2002b5ec       0xa4 ../../../ISIS-OBC/hal/freertos/lib/libFreeRTOSaltD.a(tasks.o)
                0x2002b5ec                vTaskPlaceOnEventListRestricted
 .text.xTaskRemoveFromEventList
                0x2002b690      0x160 ../../../ISIS-OBC/hal/freertos/lib/libFreeRTOSaltD.a(tasks.o)
                0x2002b690                xTaskRemoveFromEventList
 .text.vTaskSetTimeOutState
                0x2002b7f0       0x78 ../../../ISIS-OBC/hal/freertos/lib/libFreeRTOSaltD.a(tasks.o)
                0x2002b7f0                vTaskSetTimeOutState
 .text.xTaskCheckForTimeOut
                0x2002b868      0x158 ../../../ISIS-OBC/hal/freertos/lib/libFreeRTOSaltD.a(tasks.o)
                0x2002b868                xTaskCheckForTimeOut
 .text.vTaskMissedYield
                0x2002b9c0       0x24 ../../../ISIS-OBC/hal/freertos/lib/libFreeRTOSaltD.a(tasks.o)
                0x2002b9c0                vTaskMissedYield
 .text.prvIdleTask
                0x2002b9e4       0x20 ../../../ISIS-OBC/hal/freertos/lib/libFreeRTOSaltD.a(tasks.o)
 .text.prvInitialiseTCBVariables
                0x2002ba04      0x450 ../../../ISIS-OBC/hal/freertos/lib/libFreeRTOSaltD.a(tasks.o)
 .text.prvInitialiseTaskLists
                0x2002be54       0xbc ../../../ISIS-OBC/hal/freertos/lib/libFreeRTOSaltD.a(tasks.o)
 .text.prvCheckTasksWaitingTermination
                0x2002bf10       0xbc ../../../ISIS-OBC/hal/freertos/lib/libFreeRTOSaltD.a(tasks.o)
 .text.prvAddCurrentTaskToDelayedList
                0x2002bfcc       0xb4 ../../../ISIS-OBC/hal/freertos/lib/libFreeRTOSaltD.a(tasks.o)
 .text.prvAllocateTCBAndStack
                0x2002c080       0xb8 ../../../ISIS-OBC/hal/freertos/lib/libFreeRTOSaltD.a(tasks.o)
 .text.prvListTaskWithinSingleList
                0x2002c138      0x1f0 ../../../ISIS-OBC/hal/freertos/lib/libFreeRTOSaltD.a(tasks.o)
 .text.prvTaskCheckFreeStackSpace
                0x2002c328       0x64 ../../../ISIS-OBC/hal/freertos/lib/libFreeRTOSaltD.a(tasks.o)
 .text.prvDeleteTCB
                0x2002c38c       0x30 ../../../ISIS-OBC/hal/freertos/lib/libFreeRTOSaltD.a(tasks.o)
 .text.xTaskGetCurrentTaskHandle
                0x2002c3bc       0x30 ../../../ISIS-OBC/hal/freertos/lib/libFreeRTOSaltD.a(tasks.o)
                0x2002c3bc                xTaskGetCurrentTaskHandle
 .text.xTaskGetSchedulerState
                0x2002c3ec       0x68 ../../../ISIS-OBC/hal/freertos/lib/libFreeRTOSaltD.a(tasks.o)
                0x2002c3ec                xTaskGetSchedulerState
 .text.vTaskPriorityInherit
                0x2002c454      0x148 ../../../ISIS-OBC/hal/freertos/lib/libFreeRTOSaltD.a(tasks.o)
                0x2002c454                vTaskPriorityInherit
 .text.vTaskPriorityDisinherit
                0x2002c59c       0xdc ../../../ISIS-OBC/hal/freertos/lib/libFreeRTOSaltD.a(tasks.o)
                0x2002c59c                vTaskPriorityDisinherit
 .text.xQueueGenericReset
                0x2002c678      0x150 ../../../ISIS-OBC/hal/freertos/lib/libFreeRTOSaltD.a(queue.o)
                0x2002c678                xQueueGenericReset
 .text.xQueueGenericCreate
                0x2002c7c8      0x114 ../../../ISIS-OBC/hal/freertos/lib/libFreeRTOSaltD.a(queue.o)
                0x2002c7c8                xQueueGenericCreate
 .text.xQueueCreateMutex
                0x2002c8dc      0x128 ../../../ISIS-OBC/hal/freertos/lib/libFreeRTOSaltD.a(queue.o)
                0x2002c8dc                xQueueCreateMutex
 .text.xQueueGenericSend
                0x2002ca04      0x298 ../../../ISIS-OBC/hal/freertos/lib/libFreeRTOSaltD.a(queue.o)
                0x2002ca04                xQueueGenericSend
 .text.xQueueGenericSendFromISR
                0x2002cc9c      0x1e0 ../../../ISIS-OBC/hal/freertos/lib/libFreeRTOSaltD.a(queue.o)
                0x2002cc9c                xQueueGenericSendFromISR
 .text.xQueueGenericReceive
                0x2002ce7c      0x2cc ../../../ISIS-OBC/hal/freertos/lib/libFreeRTOSaltD.a(queue.o)
                0x2002ce7c                xQueueGenericReceive
 .text.xQueueReceiveFromISR
                0x2002d148      0x15c ../../../ISIS-OBC/hal/freertos/lib/libFreeRTOSaltD.a(queue.o)
                0x2002d148                xQueueReceiveFromISR
 .text.uxQueueMessagesWaiting
                0x2002d2a4       0x6c ../../../ISIS-OBC/hal/freertos/lib/libFreeRTOSaltD.a(queue.o)
                0x2002d2a4                uxQueueMessagesWaiting
 .text.uxQueueSpacesAvailable
                0x2002d310       0x80 ../../../ISIS-OBC/hal/freertos/lib/libFreeRTOSaltD.a(queue.o)
                0x2002d310                uxQueueSpacesAvailable
 .text.vQueueDelete
                0x2002d390       0x78 ../../../ISIS-OBC/hal/freertos/lib/libFreeRTOSaltD.a(queue.o)
                0x2002d390                vQueueDelete
 .text.prvCopyDataToQueue
                0x2002d408      0x190 ../../../ISIS-OBC/hal/freertos/lib/libFreeRTOSaltD.a(queue.o)
 .text.prvCopyDataFromQueue
                0x2002d598       0x90 ../../../ISIS-OBC/hal/freertos/lib/libFreeRTOSaltD.a(queue.o)
 .text.prvUnlockQueue
                0x2002d628      0x130 ../../../ISIS-OBC/hal/freertos/lib/libFreeRTOSaltD.a(queue.o)
 .text.prvIsQueueEmpty
                0x2002d758       0x4c ../../../ISIS-OBC/hal/freertos/lib/libFreeRTOSaltD.a(queue.o)
 .text.prvIsQueueFull
                0x2002d7a4       0x54 ../../../ISIS-OBC/hal/freertos/lib/libFreeRTOSaltD.a(queue.o)
 .text.vQueueUnregisterQueue
                0x2002d7f8       0x80 ../../../ISIS-OBC/hal/freertos/lib/libFreeRTOSaltD.a(queue.o)
                0x2002d7f8                vQueueUnregisterQueue
 .text.vQueueWaitForMessageRestricted
                0x2002d878       0x90 ../../../ISIS-OBC/hal/freertos/lib/libFreeRTOSaltD.a(queue.o)
                0x2002d878                vQueueWaitForMessageRestricted
 .text.prvNotifyQueueSetContainer
                0x2002d908      0x108 ../../../ISIS-OBC/hal/freertos/lib/libFreeRTOSaltD.a(queue.o)
 .text.vListInitialise
                0x2002da10       0x64 ../../../ISIS-OBC/hal/freertos/lib/libFreeRTOSaltD.a(list.o)
                0x2002da10                vListInitialise
 .text.vListInitialiseItem
                0x2002da74       0x28 ../../../ISIS-OBC/hal/freertos/lib/libFreeRTOSaltD.a(list.o)
                0x2002da74                vListInitialiseItem
 .text.vListInsertEnd
                0x2002da9c       0x84 ../../../ISIS-OBC/hal/freertos/lib/libFreeRTOSaltD.a(list.o)
                0x2002da9c                vListInsertEnd
 .text.vListInsert
                0x2002db20       0xd4 ../../../ISIS-OBC/hal/freertos/lib/libFreeRTOSaltD.a(list.o)
                0x2002db20                vListInsert
 .text.uxListRemove
                0x2002dbf4       0xa0 ../../../ISIS-OBC/hal/freertos/lib/libFreeRTOSaltD.a(list.o)
                0x2002dbf4                uxListRemove
 .text.vApplicationStackOverflowHook
                0x2002dc94       0x5c ../../../ISIS-OBC/hal/freertos/lib/libFreeRTOSaltD.a(hooks.o)
                0x2002dc94                vApplicationStackOverflowHook
 .text.vApplicationIdleHook
                0x2002dcf0       0x18 ../../../ISIS-OBC/hal/freertos/lib/libFreeRTOSaltD.a(hooks.o)
                0x2002dcf0                vApplicationIdleHook
 .text.vApplicationMallocFailedHook
                0x2002dd08       0x30 ../../../ISIS-OBC/hal/freertos/lib/libFreeRTOSaltD.a(hooks.o)
                0x2002dd08                vApplicationMallocFailedHook
 .text.pxPortInitialiseStack
                0x2002dd38      0x218 ../../../ISIS-OBC/hal/freertos/lib/libFreeRTOSaltD.a(port.o)
                0x2002dd38                pxPortInitialiseStack
 .text.xPortStartScheduler
                0x2002df50       0x1c ../../../ISIS-OBC/hal/freertos/lib/libFreeRTOSaltD.a(port.o)
                0x2002df50                xPortStartScheduler
 .text.prvSetupTimerInterrupt
                0x2002df6c       0x54 ../../../ISIS-OBC/hal/freertos/lib/libFreeRTOSaltD.a(port.o)
 .text.vPortISRStartFirstTask
                0x2002dfc0       0x64 ../../../ISIS-OBC/hal/freertos/lib/libFreeRTOSaltD.a(port.o)
 .text.vPortEnterCritical
                0x2002e024       0x40 ../../../ISIS-OBC/hal/freertos/lib/libFreeRTOSaltD.a(port.o)
                0x2002e024                vPortEnterCritical
 .text.vPortExitCritical
                0x2002e064       0x60 ../../../ISIS-OBC/hal/freertos/lib/libFreeRTOSaltD.a(port.o)
                0x2002e064                vPortExitCritical
 .text.pvPortMalloc
                0x2002e0c4       0x28 ../../../ISIS-OBC/hal/freertos/lib/libFreeRTOSaltD.a(standardMemMang.o)
                0x2002e0c4                pvPortMalloc
 .text.vPortFree
                0x2002e0ec       0x20 ../../../ISIS-OBC/hal/freertos/lib/libFreeRTOSaltD.a(standardMemMang.o)
                0x2002e0ec                vPortFree
 .text._sbrk    0x2002e10c       0xd0 ../../../ISIS-OBC/hal/freertos/lib/libFreeRTOSaltD.a(standardMemMang.o)
                0x2002e10c                _sbrk
 .text.__malloc_lock
                0x2002e1dc       0x10 ../../../ISIS-OBC/hal/freertos/lib/libFreeRTOSaltD.a(standardMemMang.o)
                0x2002e1dc                __malloc_lock
 .text.__malloc_unlock
                0x2002e1ec       0x10 ../../../ISIS-OBC/hal/freertos/lib/libFreeRTOSaltD.a(standardMemMang.o)
                0x2002e1ec                __malloc_unlock
 .text.xTimerCreateTimerTask
                0x2002e1fc       0xb0 ../../../ISIS-OBC/hal/freertos/lib/libFreeRTOSaltD.a(timers.o)
                0x2002e1fc                xTimerCreateTimerTask
 .text.xTimerGenericCommand
                0x2002e2ac       0xf0 ../../../ISIS-OBC/hal/freertos/lib/libFreeRTOSaltD.a(timers.o)
                0x2002e2ac                xTimerGenericCommand
 .text.prvProcessExpiredTimer
                0x2002e39c       0xec ../../../ISIS-OBC/hal/freertos/lib/libFreeRTOSaltD.a(timers.o)
 .text.prvTimerTask
                0x2002e488       0x38 ../../../ISIS-OBC/hal/freertos/lib/libFreeRTOSaltD.a(timers.o)
 .text.prvProcessTimerOrBlockTask
                0x2002e4c0       0xb4 ../../../ISIS-OBC/hal/freertos/lib/libFreeRTOSaltD.a(timers.o)
 .text.prvGetNextExpireTime
                0x2002e574       0x80 ../../../ISIS-OBC/hal/freertos/lib/libFreeRTOSaltD.a(timers.o)
 .text.prvSampleTimeNow
                0x2002e5f4       0x78 ../../../ISIS-OBC/hal/freertos/lib/libFreeRTOSaltD.a(timers.o)
 .text.prvInsertTimerInActiveList
                0x2002e66c       0xf4 ../../../ISIS-OBC/hal/freertos/lib/libFreeRTOSaltD.a(timers.o)
 .text.prvProcessReceivedCommands
                0x2002e760      0x1d0 ../../../ISIS-OBC/hal/freertos/lib/libFreeRTOSaltD.a(timers.o)
 .text.prvSwitchTimerLists
                0x2002e930      0x16c ../../../ISIS-OBC/hal/freertos/lib/libFreeRTOSaltD.a(timers.o)
 .text.prvCheckForValidListAndQueue
                0x2002ea9c       0x7c ../../../ISIS-OBC/hal/freertos/lib/libFreeRTOSaltD.a(timers.o)
 .text._read    0x2002eb18       0xa4 ../../../ISIS-OBC/hal/at91/lib/libAt91D.a(syscalls.o)
                0x2002eb18                _read
 .text._write   0x2002ebbc       0xd4 ../../../ISIS-OBC/hal/at91/lib/libAt91D.a(syscalls.o)
                0x2002ebbc                _write
 .text._lseek   0x2002ec90       0x2c ../../../ISIS-OBC/hal/at91/lib/libAt91D.a(syscalls.o)
                0x2002ec90                _lseek
 .text._close   0x2002ecbc       0x24 ../../../ISIS-OBC/hal/at91/lib/libAt91D.a(syscalls.o)
                0x2002ecbc                _close
 .text._fstat   0x2002ece0       0x28 ../../../ISIS-OBC/hal/at91/lib/libAt91D.a(syscalls.o)
                0x2002ece0                _fstat
 .text._isatty  0x2002ed08       0x38 ../../../ISIS-OBC/hal/at91/lib/libAt91D.a(syscalls.o)
                0x2002ed08                _isatty
 .text.exit     0x2002ed40       0x18 ../../../ISIS-OBC/hal/at91/lib/libAt91D.a(syscalls.o)
                0x2002ed40                exit
 .text._exit    0x2002ed58       0x28 ../../../ISIS-OBC/hal/at91/lib/libAt91D.a(syscalls.o)
                0x2002ed58                _exit
 .text.AIC_ConfigureIT
                0x2002ed80       0x74 ../../../ISIS-OBC/hal/at91/lib/libAt91D.a(aic.o)
                0x2002ed80                AIC_ConfigureIT
 .text.AIC_EnableIT
                0x2002edf4       0x34 ../../../ISIS-OBC/hal/at91/lib/libAt91D.a(aic.o)
                0x2002edf4                AIC_EnableIT
 .text.AIC_DisableIT
                0x2002ee28       0x34 ../../../ISIS-OBC/hal/at91/lib/libAt91D.a(aic.o)
                0x2002ee28                AIC_DisableIT
 .text.CP15_Enable_I_Cache
                0x2002ee5c       0x6c ../../../ISIS-OBC/hal/at91/lib/libAt91D.a(cp15.o)
                0x2002ee5c                CP15_Enable_I_Cache
 .text.CP15_Disable_I_Cache
                0x2002eec8       0x94 ../../../ISIS-OBC/hal/at91/lib/libAt91D.a(cp15.o)
                0x2002eec8                CP15_Disable_I_Cache
 .text.CP15_DisableMMU
                0x2002ef5c       0xa0 ../../../ISIS-OBC/hal/at91/lib/libAt91D.a(cp15.o)
                0x2002ef5c                CP15_DisableMMU
 .text.CP15_Disable_D_Cache
                0x2002effc       0x94 ../../../ISIS-OBC/hal/at91/lib/libAt91D.a(cp15.o)
                0x2002effc                CP15_Disable_D_Cache
 .text.CP15_Disable_AlignmentFault
                0x2002f090       0x94 ../../../ISIS-OBC/hal/at91/lib/libAt91D.a(cp15.o)
                0x2002f090                CP15_Disable_AlignmentFault
 .text.DBGU_Configure
                0x2002f124       0x84 ../../../ISIS-OBC/hal/at91/lib/libAt91D.a(dbgu.o)
                0x2002f124                DBGU_Configure
 .text.DBGU_PutChar
                0x2002f1a8       0x60 ../../../ISIS-OBC/hal/at91/lib/libAt91D.a(dbgu.o)
                0x2002f1a8                DBGU_PutChar
 .text.DBGU_GetChar
                0x2002f208       0x40 ../../../ISIS-OBC/hal/at91/lib/libAt91D.a(dbgu.o)
                0x2002f208                DBGU_GetChar
 .text.PIO_SetPeripheralA
                0x2002f248       0x74 ../../../ISIS-OBC/hal/at91/lib/libAt91D.a(pio.o)
 .text.PIO_SetPeripheralB
                0x2002f2bc       0x74 ../../../ISIS-OBC/hal/at91/lib/libAt91D.a(pio.o)
 .text.PIO_SetInput
                0x2002f330       0x9c ../../../ISIS-OBC/hal/at91/lib/libAt91D.a(pio.o)
 .text.PIO_SetOutput
                0x2002f3cc       0xc4 ../../../ISIS-OBC/hal/at91/lib/libAt91D.a(pio.o)
 .text.PIO_Configure
                0x2002f490      0x1ec ../../../ISIS-OBC/hal/at91/lib/libAt91D.a(pio.o)
                0x2002f490                PIO_Configure
 .text.PIO_Set  0x2002f67c       0x3c ../../../ISIS-OBC/hal/at91/lib/libAt91D.a(pio.o)
                0x2002f67c                PIO_Set
 .text.PIO_Clear
                0x2002f6b8       0x3c ../../../ISIS-OBC/hal/at91/lib/libAt91D.a(pio.o)
                0x2002f6b8                PIO_Clear
 .text.PIT_Init
                0x2002f6f4       0x68 ../../../ISIS-OBC/hal/at91/lib/libAt91D.a(pit.o)
                0x2002f6f4                PIT_Init
 .text.PIT_Enable
                0x2002f75c       0x2c ../../../ISIS-OBC/hal/at91/lib/libAt91D.a(pit.o)
                0x2002f75c                PIT_Enable
 .text.PIT_EnableIT
                0x2002f788       0x2c ../../../ISIS-OBC/hal/at91/lib/libAt91D.a(pit.o)
                0x2002f788                PIT_EnableIT